******************************************************************************
                  TI ARM Linker PC v5.1.6                      
******************************************************************************
>> Linked Fri Oct 10 03:24:20 2014

OUTPUT FILE NAME:   <COMPARADOR.out>
ENTRY POINT SYMBOL: "_c_int00"  address: 00000c95


MEMORY CONFIGURATION

         name            origin    length      used     unused   attr    fill
----------------------  --------  ---------  --------  --------  ----  --------
  FLASH                 00000000   00040000  0000113e  0003eec2  R  X
  SRAM                  20000000   00008000  0000021c  00007de4  RW X


SEGMENT ALLOCATION MAP

run origin  load origin   length   init length attrs members
----------  ----------- ---------- ----------- ----- -------
00000000    00000000    00001140   00001140    r-x
  00000000    00000000    0000026c   0000026c    r-- .intvecs
  0000026c    0000026c    00000d32   00000d32    r-x .text
  00000fa0    00000fa0    00000178   00000178    r-- .const
  00001118    00001118    00000028   00000028    r-- .cinit
20000000    20000000    0000021c   00000000    rw-
  20000000    20000000    00000200   00000000    rw- .stack
  20000200    20000200    0000001c   00000000    rw- .data


SECTION ALLOCATION MAP

 output                                  attributes/
section   page    origin      length       input sections
--------  ----  ----------  ----------   ----------------
.intvecs   0    00000000    0000026c     
                  00000000    0000026c     tm4c123gh6pm_startup_ccs.obj (.intvecs)

.init_array 
*          0    00000000    00000000     UNINITIALIZED

.text      0    0000026c    00000d32     
                  0000026c    0000020c     miADC.obj (.text)
                  00000478    00000130     driverlib.lib : gpio.obj (.text:GPIOPadConfigSet)
                  000005a8    00000118                   : sysctl.obj (.text:SysCtlClockGet)
                  000006c0    00000118     miReloj.obj (.text)
                  000007d8    000000f8     miGPIO.obj (.text)
                  000008d0    000000f0     driverlib.lib : sysctl.obj (.text:SysCtlClockSet)
                  000009c0    0000009c     rtsv7M4_T_le_v4SPD16_eabi.lib : memcpy_t2.obj (.text)
                  00000a5c    00000094                                   : auto_init.obj (.text)
                  00000af0    00000080     driverlib.lib : adc.obj (.text:ADCSequenceStepConfigure)
                  00000b70    00000064     compa.obj (.text)
                  00000bd4    00000060     driverlib.lib : interrupt.obj (.text:IntEnable)
                  00000c34    0000005e     rtsv7M4_T_le_v4SPD16_eabi.lib : copy_decompress_rle.obj (.text)
                  00000c92    00000002     --HOLE-- [fill = 0]
                  00000c94    00000048                                   : boot.obj (.text)
                  00000cdc    00000044                                   : cpy_tbl.obj (.text)
                  00000d20    00000044                                   : exit.obj (.text)
                  00000d64    0000003e     driverlib.lib : adc.obj (.text:ADCSequenceConfigure)
                  00000da2    00000002     --HOLE-- [fill = 0]
                  00000da4    00000034                   : sysctl.obj (.text:SysCtlPeripheralEnable)
                  00000dd8    0000002e                   : adc.obj (.text:ADCIntStatus)
                  00000e06    0000002a                   : gpio.obj (.text:GPIODirModeSet)
                  00000e30    00000024                   : interrupt.obj (.text:IntPrioritySet)
                  00000e54    0000001e                   : adc.obj (.text:ADCComparatorReset)
                  00000e72    0000001e                   : adc.obj (.text:ADCSequenceDataGet)
                  00000e90    0000001c     tm4c123gh6pm_startup_ccs.obj (.text)
                  00000eac    00000018     driverlib.lib : gpio.obj (.text:GPIOPinTypeGPIOOutput)
                  00000ec4    00000018     rtsv7M4_T_le_v4SPD16_eabi.lib : args_main.obj (.text)
                  00000edc    00000016     driverlib.lib : adc.obj (.text:ADCProcessorTrigger)
                  00000ef2    00000002     --HOLE-- [fill = 0]
                  00000ef4    00000014     rtsv7M4_T_le_v4SPD16_eabi.lib : _lock.obj (.text)
                  00000f08    00000012     driverlib.lib : gpio.obj (.text:GPIOPinTypeGPIOInput)
                  00000f1a    00000010                   : adc.obj (.text:ADCComparatorIntEnable)
                  00000f2a    0000000e                   : adc.obj (.text:ADCComparatorRegionSet)
                  00000f38    0000000e                   : adc.obj (.text:ADCSequenceEnable)
                  00000f46    0000000e     rtsv7M4_T_le_v4SPD16_eabi.lib : copy_decompress_none.obj (.text:decompress:none)
                  00000f54    0000000c     driverlib.lib : cpu.obj (.text:CPUcpsie)
                  00000f60    0000000a                   : adc.obj (.text:ADCComparatorConfigure)
                  00000f6a    0000000a                   : adc.obj (.text:ADCIntClear)
                  00000f74    0000000a                   : interrupt.obj (.text:IntMasterEnable)
                  00000f7e    00000006                   : gpio.obj (.text:GPIOPinRead)
                  00000f84    00000006                   : gpio.obj (.text:GPIOPinWrite)
                  00000f8a    00000006                   : sysctl.obj (.text:SysCtlDelay)
                  00000f90    00000006     rtsv7M4_T_le_v4SPD16_eabi.lib : copy_decompress_rle.obj (.text:decompress:rle24)
                  00000f96    00000004     driverlib.lib : adc.obj (.text:ADCComparatorIntClear)
                  00000f9a    00000004                   : adc.obj (.text:ADCComparatorIntStatus)

.const     0    00000fa0    00000178     
                  00000fa0    0000009c     driverlib.lib : interrupt.obj (.const:g_pui32Regs)
                  0000103c    00000070                   : interrupt.obj (.const)
                  000010ac    0000006c                   : sysctl.obj (.const:g_pui32Xtals)

.cinit     0    00001118    00000028     
                  00001118    00000016     (.cinit..data.load) [load image, compression = rle]
                  0000112e    00000002     --HOLE-- [fill = 0]
                  00001130    00000008     (__TI_handler_table)
                  00001138    00000008     (__TI_cinit_table)

.stack     0    20000000    00000200     UNINITIALIZED
                  20000000    00000200     --HOLE--

.data      0    20000200    0000001c     UNINITIALIZED
                  20000200    00000008     miADC.obj (.data)
                  20000208    00000008     rtsv7M4_T_le_v4SPD16_eabi.lib : _lock.obj (.data)
                  20000210    00000008                                   : exit.obj (.data)
                  20000218    00000004                                   : stkdepth_vars.obj (.data)


LINKER GENERATED COPY TABLES

__TI_cinit_table @ 00001138 records: 1, size/record: 8, table size: 8
	.data: load addr=00001118, load size=00000016 bytes, run addr=20000200, run size=0000001c bytes, compression=rle


LINKER GENERATED HANDLER TABLE

__TI_handler_table @ 00001130 records: 2, size/record: 4, table size: 8
	index: 0, handler: __TI_decompress_rle24
	index: 1, handler: __TI_decompress_none


GLOBAL SYMBOLS: SORTED ALPHABETICALLY BY Name 

address    name
--------   ----
00000b71   ADC0S3
00000f61   ADCComparatorConfigure
00000f97   ADCComparatorIntClear
00000f1b   ADCComparatorIntEnable
00000f9b   ADCComparatorIntStatus
00000f2b   ADCComparatorRegionSet
00000e55   ADCComparatorReset
0000038d   ADCInit
00000f6b   ADCIntClear
00000dd9   ADCIntStatus
00000edd   ADCProcessorTrigger
00000d65   ADCSequenceConfigure
00000e73   ADCSequenceDataGet
00000f39   ADCSequenceEnable
00000af1   ADCSequenceStepConfigure
0000040f   ADCread
00000d21   C$$EXIT
00000f55   CPUcpsie
00000e07   GPIODirModeSet
00000479   GPIOPadConfigSet
00000f7f   GPIOPinRead
00000f09   GPIOPinTypeGPIOInput
00000ead   GPIOPinTypeGPIOOutput
00000f85   GPIOPinWrite
00000bd5   IntEnable
00000f75   IntMasterEnable
00000e31   IntPrioritySet
00000e91   ResetISR
UNDEFED    SHT$$INIT_ARRAY$$Base
UNDEFED    SHT$$INIT_ARRAY$$Limit
20000200   Secuenciador
000005a9   SysCtlClockGet
000008d1   SysCtlClockSet
00000f8b   SysCtlDelay
00000da5   SysCtlPeripheralEnable
20000204   Trigger
20000200   __STACK_END
00000200   __STACK_SIZE
20000200   __STACK_TOP
00001138   __TI_CINIT_Base
00001140   __TI_CINIT_Limit
00001130   __TI_Handler_Table_Base
00001138   __TI_Handler_Table_Limit
00000001   __TI_args_main
00000a5d   __TI_auto_init
20000210   __TI_cleanup_ptr
00000f47   __TI_decompress_none
00000f91   __TI_decompress_rle24
20000214   __TI_dtors_ptr
00000000   __TI_static_base__
000009c1   __aeabi_memcpy
000009c1   __aeabi_memcpy4
000009c1   __aeabi_memcpy8
ffffffff   __binit__
ffffffff   __c_args__
20000000   __stack
00000ec5   _args_main
00000c95   _c_int00
20000208   _lock
00000f03   _nop
00000efb   _register_lock
00000ef5   _register_unlock
2000020c   _unlock
00000d25   abort
ffffffff   binit
000008a3   colorRBG
000007d9   configPuerto
00000297   configurarComparador
00000891   configurarRBG
000006c1   configurarReloj
00000cdd   copy_in
0000073d   delay_ms
00000761   delay_s
0000077d   delay_us
00000865   escribirPuerto
00000d2d   exit
00000000   g_pfnVectors
0000087f   leerPuerto
0000026d   limpiarComparador
00000b87   main
20000218   main_func_sp
000009c1   memcpy


GLOBAL SYMBOLS: SORTED BY Symbol Address 

address    name
--------   ----
00000000   __TI_static_base__
00000000   g_pfnVectors
00000001   __TI_args_main
00000200   __STACK_SIZE
0000026d   limpiarComparador
00000297   configurarComparador
0000038d   ADCInit
0000040f   ADCread
00000479   GPIOPadConfigSet
000005a9   SysCtlClockGet
000006c1   configurarReloj
0000073d   delay_ms
00000761   delay_s
0000077d   delay_us
000007d9   configPuerto
00000865   escribirPuerto
0000087f   leerPuerto
00000891   configurarRBG
000008a3   colorRBG
000008d1   SysCtlClockSet
000009c1   __aeabi_memcpy
000009c1   __aeabi_memcpy4
000009c1   __aeabi_memcpy8
000009c1   memcpy
00000a5d   __TI_auto_init
00000af1   ADCSequenceStepConfigure
00000b71   ADC0S3
00000b87   main
00000bd5   IntEnable
00000c95   _c_int00
00000cdd   copy_in
00000d21   C$$EXIT
00000d25   abort
00000d2d   exit
00000d65   ADCSequenceConfigure
00000da5   SysCtlPeripheralEnable
00000dd9   ADCIntStatus
00000e07   GPIODirModeSet
00000e31   IntPrioritySet
00000e55   ADCComparatorReset
00000e73   ADCSequenceDataGet
00000e91   ResetISR
00000ead   GPIOPinTypeGPIOOutput
00000ec5   _args_main
00000edd   ADCProcessorTrigger
00000ef5   _register_unlock
00000efb   _register_lock
00000f03   _nop
00000f09   GPIOPinTypeGPIOInput
00000f1b   ADCComparatorIntEnable
00000f2b   ADCComparatorRegionSet
00000f39   ADCSequenceEnable
00000f47   __TI_decompress_none
00000f55   CPUcpsie
00000f61   ADCComparatorConfigure
00000f6b   ADCIntClear
00000f75   IntMasterEnable
00000f7f   GPIOPinRead
00000f85   GPIOPinWrite
00000f8b   SysCtlDelay
00000f91   __TI_decompress_rle24
00000f97   ADCComparatorIntClear
00000f9b   ADCComparatorIntStatus
00001130   __TI_Handler_Table_Base
00001138   __TI_CINIT_Base
00001138   __TI_Handler_Table_Limit
00001140   __TI_CINIT_Limit
20000000   __stack
20000200   Secuenciador
20000200   __STACK_END
20000200   __STACK_TOP
20000204   Trigger
20000208   _lock
2000020c   _unlock
20000210   __TI_cleanup_ptr
20000214   __TI_dtors_ptr
20000218   main_func_sp
ffffffff   __binit__
ffffffff   __c_args__
ffffffff   binit
UNDEFED    SHT$$INIT_ARRAY$$Base
UNDEFED    SHT$$INIT_ARRAY$$Limit

[82 symbols]
