******************************************************************************
                  TI ARM Linker PC v5.1.6                      
******************************************************************************
>> Linked Fri Jan 30 10:46:37 2015

OUTPUT FILE NAME:   <DESFIBRILADOR.out>
ENTRY POINT SYMBOL: "_c_int00"  address: 00002009


MEMORY CONFIGURATION

         name            origin    length      used     unused   attr    fill
----------------------  --------  ---------  --------  --------  ----  --------
  FLASH                 00000000   00040000  000026a6  0003d95a  R  X
  SRAM                  20000000   00008000  000002c8  00007d38  RW X


SEGMENT ALLOCATION MAP

run origin  load origin   length   init length attrs members
----------  ----------- ---------- ----------- ----- -------
00000000    00000000    000026a8   000026a8    r-x
  00000000    00000000    0000026c   0000026c    r-- .intvecs
  0000026c    0000026c    000021e2   000021e2    r-x .text
  00002450    00002450    00000208   00000208    r-- .const
  00002658    00002658    00000050   00000050    r-- .cinit
20000000    20000000    000002c8   00000000    rw-
  20000000    20000000    00000200   00000000    rw- .stack
  20000200    20000200    0000008c   00000000    rw- .bss
  2000028c    2000028c    0000003c   00000000    rw- .data


SECTION ALLOCATION MAP

 output                                  attributes/
section   page    origin      length       input sections
--------  ----  ----------  ----------   ----------------
.intvecs   0    00000000    0000026c     
                  00000000    0000026c     tm4c123gh6pm_startup_ccs.obj (.intvecs)

.init_array 
*          0    00000000    00000000     UNINITIALIZED

.text      0    0000026c    000021e2     
                  0000026c    00000f98     miLibreria.obj (.text)
                  00001204    00000484     Desfibrilador.obj (.text)
                  00001688    00000136     rtsv7M4_T_le_v4SPD16_eabi.lib : fd_div_t2.obj (.text)
                  000017be    00000130     driverlib.lib : gpio.obj (.text:GPIOPadConfigSet)
                  000018ee    00000002     --HOLE-- [fill = 0]
                  000018f0    00000118                   : sysctl.obj (.text:SysCtlClockGet)
                  00001a08    000000fc     rtsv7M4_T_le_v4SPD16_eabi.lib : fd_mul_t2.obj (.text)
                  00001b04    000000f0     driverlib.lib : sysctl.obj (.text:SysCtlClockSet)
                  00001bf4    0000009c     rtsv7M4_T_le_v4SPD16_eabi.lib : memcpy_t2.obj (.text)
                  00001c90    00000094                                   : auto_init.obj (.text)
                  00001d24    00000080     driverlib.lib : adc.obj (.text:ADCSequenceStepConfigure)
                  00001da4    00000060                   : interrupt.obj (.text:IntDisable)
                  00001e04    00000060                   : interrupt.obj (.text:IntEnable)
                  00001e64    0000005e     rtsv7M4_T_le_v4SPD16_eabi.lib : copy_decompress_rle.obj (.text)
                  00001ec2    00000002     --HOLE-- [fill = 0]
                  00001ec4    0000005c     driverlib.lib : timer.obj (.text:TimerConfigure)
                  00001f20    00000056                   : gpio.obj (.text:GPIOIntTypeSet)
                  00001f76    0000004a     rtsv7M4_T_le_v4SPD16_eabi.lib : fd_tos_t2.obj (.text)
                  00001fc0    00000048     driverlib.lib : gpio.obj (.text:GPIOPinConfigure)
                  00002008    00000048     rtsv7M4_T_le_v4SPD16_eabi.lib : boot.obj (.text)
                  00002050    00000044                                   : cpy_tbl.obj (.text)
                  00002094    00000044                                   : exit.obj (.text)
                  000020d8    00000040     driverlib.lib : uart.obj (.text:UARTConfigSetExpClk)
                  00002118    0000003e                   : adc.obj (.text:ADCSequenceConfigure)
                  00002156    00000002     --HOLE-- [fill = 0]
                  00002158    00000034                   : sysctl.obj (.text:SysCtlPeripheralEnable)
                  0000218c    0000002e     rtsv7M4_T_le_v4SPD16_eabi.lib : i_tofd_t2.obj (.text)
                  000021ba    0000002a     driverlib.lib : gpio.obj (.text:GPIODirModeSet)
                  000021e4    00000024                   : interrupt.obj (.text:IntPrioritySet)
                  00002208    0000001e                   : adc.obj (.text:ADCComparatorReset)
                  00002226    0000001e                   : adc.obj (.text:ADCSequenceDataGet)
                  00002244    0000001c                   : uart.obj (.text:UARTDisable)
                  00002260    0000001c     tm4c123gh6pm_startup_ccs.obj (.text)
                  0000227c    00000018     driverlib.lib : gpio.obj (.text:GPIOPinTypeGPIOOutput)
                  00002294    00000018     rtsv7M4_T_le_v4SPD16_eabi.lib : args_main.obj (.text)
                  000022ac    00000016     driverlib.lib : adc.obj (.text:ADCProcessorTrigger)
                  000022c2    00000002     --HOLE-- [fill = 0]
                  000022c4    00000014                   : timer.obj (.text:TimerDisable)
                  000022d8    00000014                   : uart.obj (.text:UARTEnable)
                  000022ec    00000014     rtsv7M4_T_le_v4SPD16_eabi.lib : _lock.obj (.text)
                  00002300    00000012     driverlib.lib : adc.obj (.text:ADCHardwareOversampleConfigure)
                  00002312    00000012                   : gpio.obj (.text:GPIOPinTypeGPIOInput)
                  00002324    00000012                   : gpio.obj (.text:GPIOPinTypeUART)
                  00002336    00000012                   : timer.obj (.text:TimerLoadSet)
                  00002348    00000012     rtsv7M4_T_le_v4SPD16_eabi.lib : copy_zero_init.obj (.text:decompress:ZI)
                  0000235a    00000010     driverlib.lib : adc.obj (.text:ADCComparatorIntEnable)
                  0000236a    00000010                   : adc.obj (.text:ADCIntEnable)
                  0000237a    0000000e                   : adc.obj (.text:ADCComparatorRegionSet)
                  00002388    0000000e                   : adc.obj (.text:ADCSequenceEnable)
                  00002396    0000000e                   : timer.obj (.text:TimerEnable)
                  000023a4    0000000e                   : uart.obj (.text:UARTCharGetNonBlocking)
                  000023b2    0000000e     rtsv7M4_T_le_v4SPD16_eabi.lib : copy_decompress_none.obj (.text:decompress:none)
                  000023c0    0000000c     driverlib.lib : cpu.obj (.text:CPUcpsie)
                  000023cc    0000000c                   : gpio.obj (.text:GPIOIntEnable)
                  000023d8    0000000c                   : uart.obj (.text:UARTCharsAvail)
                  000023e4    0000000a                   : adc.obj (.text:ADCComparatorConfigure)
                  000023ee    0000000a                   : adc.obj (.text:ADCIntClear)
                  000023f8    0000000a                   : interrupt.obj (.text:IntMasterEnable)
                  00002402    0000000a                   : uart.obj (.text:UARTCharPut)
                  0000240c    0000000a                   : uart.obj (.text:UARTIntStatus)
                  00002416    00000008                   : timer.obj (.text:TimerIntEnable)
                  0000241e    00000008                   : uart.obj (.text:UARTIntEnable)
                  00002426    00000006                   : gpio.obj (.text:GPIOPinRead)
                  0000242c    00000006                   : gpio.obj (.text:GPIOPinWrite)
                  00002432    00000006                   : sysctl.obj (.text:SysCtlDelay)
                  00002438    00000006     rtsv7M4_T_le_v4SPD16_eabi.lib : copy_decompress_rle.obj (.text:decompress:rle24)
                  0000243e    00000004     driverlib.lib : adc.obj (.text:ADCComparatorIntClear)
                  00002442    00000004                   : adc.obj (.text:ADCComparatorIntStatus)
                  00002446    00000004                   : timer.obj (.text:TimerIntClear)
                  0000244a    00000004                   : uart.obj (.text:UARTIntClear)

.const     0    00002450    00000208     
                  00002450    0000009c     driverlib.lib : interrupt.obj (.const:g_pui32Regs)
                  000024ec    00000090                   : gpio.obj (.const:g_pui32GPIOBaseAddrs)
                  0000257c    00000070                   : interrupt.obj (.const)
                  000025ec    0000006c                   : sysctl.obj (.const:g_pui32Xtals)

.cinit     0    00002658    00000050     
                  00002658    00000026     (.cinit..data.load) [load image, compression = rle]
                  0000267e    00000002     --HOLE-- [fill = 0]
                  00002680    0000000c     (__TI_handler_table)
                  0000268c    00000004     --HOLE-- [fill = 0]
                  00002690    00000008     (.cinit..bss.load) [load image, compression = zero_init]
                  00002698    00000010     (__TI_cinit_table)

.stack     0    20000000    00000200     UNINITIALIZED
                  20000000    00000200     --HOLE--

.bss       0    20000200    0000008c     UNINITIALIZED
                  20000200    00000020     (.common:ADC18CH)
                  20000220    00000010     (.common:ADC14CH)
                  20000230    0000000c     (.common:dato)
                  2000023c    00000008     (.common:ADC12CH)
                  20000244    00000008     (.common:valor)
                  2000024c    00000004     (.common:ADC11CH)
                  20000250    00000004     (.common:frecuencia)
                  20000254    00000004     (.common:interrupcion)
                  20000258    00000004     (.common:media)
                  2000025c    00000004     (.common:micros)
                  20000260    00000004     (.common:milis)
                  20000264    00000004     (.common:negativos)
                  20000268    00000004     (.common:positivos)
                  2000026c    00000004     (.common:rango)
                  20000270    00000004     (.common:status)
                  20000274    00000004     (.common:vmax)
                  20000278    00000004     (.common:vmid)
                  2000027c    00000004     (.common:vmin)
                  20000280    00000004     (.common:wait)
                  20000284    00000002     (.common:canales)
                  20000286    00000002     (.common:comparador)
                  20000288    00000002     (.common:i)
                  2000028a    00000002     (.common:secuencia)

.data      0    2000028c    0000003c     UNINITIALIZED
                  2000028c    00000024     Desfibrilador.obj (.data)
                  200002b0    00000008     rtsv7M4_T_le_v4SPD16_eabi.lib : _lock.obj (.data)
                  200002b8    00000008                                   : exit.obj (.data)
                  200002c0    00000004     miLibreria.obj (.data)
                  200002c4    00000004     rtsv7M4_T_le_v4SPD16_eabi.lib : stkdepth_vars.obj (.data)


LINKER GENERATED COPY TABLES

__TI_cinit_table @ 00002698 records: 2, size/record: 8, table size: 16
	.data: load addr=00002658, load size=00000026 bytes, run addr=2000028c, run size=0000003c bytes, compression=rle
	.bss: load addr=00002690, load size=00000008 bytes, run addr=20000200, run size=0000008c bytes, compression=zero_init


LINKER GENERATED HANDLER TABLE

__TI_handler_table @ 00002680 records: 3, size/record: 4, table size: 12
	index: 0, handler: __TI_decompress_rle24
	index: 1, handler: __TI_decompress_none
	index: 2, handler: __TI_zero_init


GLOBAL SYMBOLS: SORTED ALPHABETICALLY BY Name 

address    name
--------   ----
2000024c   ADC11CH
2000023c   ADC12CH
20000220   ADC14CH
20000200   ADC18CH
000006d5   ADC1IntHandler
000023e5   ADCComparatorConfigure
0000243f   ADCComparatorIntClear
0000235b   ADCComparatorIntEnable
00002443   ADCComparatorIntStatus
0000237b   ADCComparatorRegionSet
00002209   ADCComparatorReset
00002301   ADCHardwareOversampleConfigure
000023ef   ADCIntClear
0000236b   ADCIntEnable
000022ad   ADCProcessorTrigger
00002119   ADCSequenceConfigure
00002227   ADCSequenceDataGet
00002389   ADCSequenceEnable
00001d25   ADCSequenceStepConfigure
00002095   C$$EXIT
000023c1   CPUcpsie
0000134d   ComparadorHandler
20000294   FTSerial
000021bb   GPIODirModeSet
000023cd   GPIOIntEnable
00001f21   GPIOIntTypeSet
000017bf   GPIOPadConfigSet
00001fc1   GPIOPinConfigure
00002427   GPIOPinRead
00002313   GPIOPinTypeGPIOInput
0000227d   GPIOPinTypeGPIOOutput
00002325   GPIOPinTypeUART
0000242d   GPIOPinWrite
00001205   Identificador
00001da5   IntDisable
00001e05   IntEnable
000023f9   IntMasterEnable
000021e5   IntPrioritySet
00002261   ResetISR
UNDEFED    SHT$$INIT_ARRAY$$Base
UNDEFED    SHT$$INIT_ARRAY$$Limit
000018f1   SysCtlClockGet
00001b05   SysCtlClockSet
00002433   SysCtlDelay
00002159   SysCtlPeripheralEnable
00000cd5   Timer0IntHandler
00001ec5   TimerConfigure
000022c5   TimerDisable
00002397   TimerEnable
00002447   TimerIntClear
00002417   TimerIntEnable
00002337   TimerLoadSet
20000290   TivaSerial
000012e5   UART0IntHandler
00001319   UART1IntHandler
000023a5   UARTCharGetNonBlocking
00002403   UARTCharPut
000023d9   UARTCharsAvail
000020d9   UARTConfigSetExpClk
00002245   UARTDisable
000022d9   UARTEnable
0000244b   UARTIntClear
0000241f   UARTIntEnable
0000240d   UARTIntStatus
00000f95   UARTPrint
00000fe7   UARTPrintf
00001067   UARTPrintfln
00001005   UARTPrintln
20000200   __STACK_END
00000200   __STACK_SIZE
20000200   __STACK_TOP
00002698   __TI_CINIT_Base
000026a8   __TI_CINIT_Limit
00002680   __TI_Handler_Table_Base
0000268c   __TI_Handler_Table_Limit
00000001   __TI_args_main
00001c91   __TI_auto_init
200002b8   __TI_cleanup_ptr
000023b3   __TI_decompress_none
00002439   __TI_decompress_rle24
200002bc   __TI_dtors_ptr
00000000   __TI_static_base__
00002349   __TI_zero_init
00001f77   __aeabi_d2f
00001689   __aeabi_ddiv
00001a09   __aeabi_dmul
0000218d   __aeabi_i2d
00001bf5   __aeabi_memcpy
00001bf5   __aeabi_memcpy4
00001bf5   __aeabi_memcpy8
ffffffff   __binit__
ffffffff   __c_args__
20000000   __stack
00002295   _args_main
00002009   _c_int00
200002b0   _lock
000022fb   _nop
000022f3   _register_lock
000022ed   _register_unlock
200002b4   _unlock
00002099   abort
ffffffff   binit
20000284   canales
00000ae5   colorRBG
20000286   comparador
000007af   configurarADCInt1CH
00000829   configurarADCInt2CH
00000899   configurarADCInt4CH
0000092b   configurarADCInt8CH
0000029f   configurarComparador
0000038d   configurarComparadorCero
000004fd   configurarComparadorDos
0000043f   configurarComparadorUno
000005b5   configurarComparadores
00000afd   configurarInterrupcion
00000a11   configurarPuerto
00000ad3   configurarRBG
00000b83   configurarReloj
00000d41   configurarUART
00002051   copy_in
200002aa   cruce
20000230   dato
00000c59   delay_ms
00000c41   delay_us
20000298   digito
00000aa3   escribirPuerto
000020a1   exit
2000029c   experimento
20000250   frecuencia
00000000   g_pfnVectors
20000288   i
00001191   int2string
20000254   interrupcion
0000074b   leerADCInt
0000028b   leerComparador
000006bb   leerComparadorDigital
00000abf   leerPuerto
0000110d   leerUART
0000026d   limpiarComparador
00001095   limpiarUART
000013dd   main
200002c4   main_func_sp
200002a0   max
20000258   media
00001bf5   memcpy
2000025c   micros
20000260   milis
200002a4   min
20000264   negativos
200002a8   polaridad
20000268   positivos
2000026c   rango
2000028c   referencia
00000c71   retraso
2000028a   secuencia
00001241   setReferencia
20000270   status
200002ac   t
20000244   valor
20000274   vmax
20000278   vmid
2000027c   vmin
20000280   wait


GLOBAL SYMBOLS: SORTED BY Symbol Address 

address    name
--------   ----
00000000   __TI_static_base__
00000000   g_pfnVectors
00000001   __TI_args_main
00000200   __STACK_SIZE
0000026d   limpiarComparador
0000028b   leerComparador
0000029f   configurarComparador
0000038d   configurarComparadorCero
0000043f   configurarComparadorUno
000004fd   configurarComparadorDos
000005b5   configurarComparadores
000006bb   leerComparadorDigital
000006d5   ADC1IntHandler
0000074b   leerADCInt
000007af   configurarADCInt1CH
00000829   configurarADCInt2CH
00000899   configurarADCInt4CH
0000092b   configurarADCInt8CH
00000a11   configurarPuerto
00000aa3   escribirPuerto
00000abf   leerPuerto
00000ad3   configurarRBG
00000ae5   colorRBG
00000afd   configurarInterrupcion
00000b83   configurarReloj
00000c41   delay_us
00000c59   delay_ms
00000c71   retraso
00000cd5   Timer0IntHandler
00000d41   configurarUART
00000f95   UARTPrint
00000fe7   UARTPrintf
00001005   UARTPrintln
00001067   UARTPrintfln
00001095   limpiarUART
0000110d   leerUART
00001191   int2string
00001205   Identificador
00001241   setReferencia
000012e5   UART0IntHandler
00001319   UART1IntHandler
0000134d   ComparadorHandler
000013dd   main
00001689   __aeabi_ddiv
000017bf   GPIOPadConfigSet
000018f1   SysCtlClockGet
00001a09   __aeabi_dmul
00001b05   SysCtlClockSet
00001bf5   __aeabi_memcpy
00001bf5   __aeabi_memcpy4
00001bf5   __aeabi_memcpy8
00001bf5   memcpy
00001c91   __TI_auto_init
00001d25   ADCSequenceStepConfigure
00001da5   IntDisable
00001e05   IntEnable
00001ec5   TimerConfigure
00001f21   GPIOIntTypeSet
00001f77   __aeabi_d2f
00001fc1   GPIOPinConfigure
00002009   _c_int00
00002051   copy_in
00002095   C$$EXIT
00002099   abort
000020a1   exit
000020d9   UARTConfigSetExpClk
00002119   ADCSequenceConfigure
00002159   SysCtlPeripheralEnable
0000218d   __aeabi_i2d
000021bb   GPIODirModeSet
000021e5   IntPrioritySet
00002209   ADCComparatorReset
00002227   ADCSequenceDataGet
00002245   UARTDisable
00002261   ResetISR
0000227d   GPIOPinTypeGPIOOutput
00002295   _args_main
000022ad   ADCProcessorTrigger
000022c5   TimerDisable
000022d9   UARTEnable
000022ed   _register_unlock
000022f3   _register_lock
000022fb   _nop
00002301   ADCHardwareOversampleConfigure
00002313   GPIOPinTypeGPIOInput
00002325   GPIOPinTypeUART
00002337   TimerLoadSet
00002349   __TI_zero_init
0000235b   ADCComparatorIntEnable
0000236b   ADCIntEnable
0000237b   ADCComparatorRegionSet
00002389   ADCSequenceEnable
00002397   TimerEnable
000023a5   UARTCharGetNonBlocking
000023b3   __TI_decompress_none
000023c1   CPUcpsie
000023cd   GPIOIntEnable
000023d9   UARTCharsAvail
000023e5   ADCComparatorConfigure
000023ef   ADCIntClear
000023f9   IntMasterEnable
00002403   UARTCharPut
0000240d   UARTIntStatus
00002417   TimerIntEnable
0000241f   UARTIntEnable
00002427   GPIOPinRead
0000242d   GPIOPinWrite
00002433   SysCtlDelay
00002439   __TI_decompress_rle24
0000243f   ADCComparatorIntClear
00002443   ADCComparatorIntStatus
00002447   TimerIntClear
0000244b   UARTIntClear
00002680   __TI_Handler_Table_Base
0000268c   __TI_Handler_Table_Limit
00002698   __TI_CINIT_Base
000026a8   __TI_CINIT_Limit
20000000   __stack
20000200   ADC18CH
20000200   __STACK_END
20000200   __STACK_TOP
20000220   ADC14CH
20000230   dato
2000023c   ADC12CH
20000244   valor
2000024c   ADC11CH
20000250   frecuencia
20000254   interrupcion
20000258   media
2000025c   micros
20000260   milis
20000264   negativos
20000268   positivos
2000026c   rango
20000270   status
20000274   vmax
20000278   vmid
2000027c   vmin
20000280   wait
20000284   canales
20000286   comparador
20000288   i
2000028a   secuencia
2000028c   referencia
20000290   TivaSerial
20000294   FTSerial
20000298   digito
2000029c   experimento
200002a0   max
200002a4   min
200002a8   polaridad
200002aa   cruce
200002ac   t
200002b0   _lock
200002b4   _unlock
200002b8   __TI_cleanup_ptr
200002bc   __TI_dtors_ptr
200002c4   main_func_sp
ffffffff   __binit__
ffffffff   __c_args__
ffffffff   binit
UNDEFED    SHT$$INIT_ARRAY$$Base
UNDEFED    SHT$$INIT_ARRAY$$Limit

[163 symbols]
