******************************************************************************
                  TI ARM Linker PC v5.2.5                      
******************************************************************************
>> Linked Sun Sep 27 19:01:46 2015

OUTPUT FILE NAME:   <GRUA.out>
ENTRY POINT SYMBOL: "_c_int00"  address: 00002a79


MEMORY CONFIGURATION

         name            origin    length      used     unused   attr    fill
----------------------  --------  ---------  --------  --------  ----  --------
  FLASH                 00000000   00040000  00003480  0003cb80  R  X
  SRAM                  20000000   00008000  00000428  00007bd8  RW X


SEGMENT ALLOCATION MAP

run origin  load origin   length   init length attrs members
----------  ----------- ---------- ----------- ----- -------
00000000    00000000    00003480   00003480    r-x
  00000000    00000000    0000026c   0000026c    r-- .intvecs
  0000026c    0000026c    00002ecc   00002ecc    r-x .text
  00003138    00003138    000002b8   000002b8    r-- .const
  000033f0    000033f0    00000090   00000090    r-- .cinit
20000000    20000000    00000428   00000000    rw-
  20000000    20000000    00000200   00000000    rw- .stack
  20000200    20000200    000001c8   00000000    rw- .data
  200003c8    200003c8    00000060   00000000    rw- .bss


SECTION ALLOCATION MAP

 output                                  attributes/
section   page    origin      length       input sections
--------  ----  ----------  ----------   ----------------
.intvecs   0    00000000    0000026c     
                  00000000    0000026c     tm4c123gh6pm_startup_ccs.obj (.intvecs)

.text      0    0000026c    00002ecc     
                  0000026c    00000f1c     miLibreria.obj (.text)
                  00001188    00000498     rtsv7M4_T_le_v4SPD16_eabi.lib : pow.obj (.text)
                  00001620    000002ec                                   : xlog.obj (.text)
                  0000190c    000001fc                                   : xexp.obj (.text)
                  00001b08    000001b6                                   : fd_add_t2.obj (.text)
                  00001cbe    00000136                                   : fd_div_t2.obj (.text)
                  00001df4    00000130     driverlib.lib : gpio.obj (.text:GPIOPadConfigSet)
                  00001f24    00000118                   : sysctl.obj (.text:SysCtlClockGet)
                  0000203c    00000110     rtsv7M4_T_le_v4SPD16_eabi.lib : xdscale.obj (.text)
                  0000214c    000000fc                                   : fd_mul_t2.obj (.text)
                  00002248    000000f4     Practica1.obj (.text)
                  0000233c    000000f0     driverlib.lib : sysctl.obj (.text:SysCtlClockSet)
                  0000242c    000000c0     rtsv7M4_T_le_v4SPD16_eabi.lib : xdint.obj (.text)
                  000024ec    000000be                                   : xdnorm.obj (.text)
                  000025aa    0000009c                                   : memcpy_t2.obj (.text)
                  00002646    00000086                                   : fd_cmp_t2.obj (.text:__aeabi_cdcmple)
                  000026cc    00000080     driverlib.lib : adc.obj (.text:ADCSequenceStepConfigure)
                  0000274c    0000007a     rtsv7M4_T_le_v4SPD16_eabi.lib : memset_t2.obj (.text)
                  000027c6    00000002     --HOLE-- [fill = 0]
                  000027c8    0000006c                                   : autoinit.obj (.text)
                  00002834    0000006a                                   : copy_decompress_rle.obj (.text)
                  0000289e    00000066                                   : xdunscal.obj (.text)
                  00002904    00000060     driverlib.lib : interrupt.obj (.text:IntDisable)
                  00002964    00000060                   : interrupt.obj (.text:IntEnable)
                  000029c4    0000005c                   : timer.obj (.text:TimerConfigure)
                  00002a20    00000056                   : gpio.obj (.text:GPIOIntTypeSet)
                  00002a76    00000002     --HOLE-- [fill = 0]
                  00002a78    00000050     rtsv7M4_T_le_v4SPD16_eabi.lib : boot.obj (.text)
                  00002ac8    0000004c                                   : cpy_tbl.obj (.text)
                  00002b14    00000048     driverlib.lib : gpio.obj (.text:GPIOPinConfigure)
                  00002b5c    00000048                   : i2c.obj (.text:I2CMasterInitExpClk)
                  00002ba4    00000048     rtsv7M4_T_le_v4SPD16_eabi.lib : fd_toi_t2.obj (.text)
                  00002bec    00000044                                   : exit.obj (.text)
                  00002c30    00000040     driverlib.lib : uart.obj (.text:UARTConfigSetExpClk)
                  00002c70    00000040     rtsv7M4_T_le_v4SPD16_eabi.lib : signal.obj (.text)
                  00002cb0    0000003e     driverlib.lib : adc.obj (.text:ADCSequenceConfigure)
                  00002cee    00000038     rtsv7M4_T_le_v4SPD16_eabi.lib : fs_tod_t2.obj (.text)
                  00002d26    00000002     --HOLE-- [fill = 0]
                  00002d28    00000034     driverlib.lib : sysctl.obj (.text:SysCtlPeripheralEnable)
                  00002d5c    00000034     rtsv7M4_T_le_v4SPD16_eabi.lib : feraiseexcept.obj (.text)
                  00002d90    00000030                                   : xferaise.obj (.text)
                  00002dc0    0000002e                                   : i_tofd_t2.obj (.text)
                  00002dee    0000002e                                   : raise.obj (.text)
                  00002e1c    0000002a     driverlib.lib : gpio.obj (.text:GPIODirModeSet)
                  00002e46    00000028                   : timer.obj (.text:TimerUpdateMode)
                  00002e6e    00000002     --HOLE-- [fill = 0]
                  00002e70    00000024                   : interrupt.obj (.text:IntPrioritySet)
                  00002e94    0000001e                   : adc.obj (.text:ADCComparatorReset)
                  00002eb2    0000001e                   : adc.obj (.text:ADCSequenceDataGet)
                  00002ed0    0000001c                   : uart.obj (.text:UARTDisable)
                  00002eec    0000001c     tm4c123gh6pm_startup_ccs.obj (.text)
                  00002f08    0000001a     rtsv7M4_T_le_v4SPD16_eabi.lib : log.obj (.text)
                  00002f22    00000018     driverlib.lib : gpio.obj (.text:GPIOPinTypeGPIOOutput)
                  00002f3a    00000002     --HOLE-- [fill = 0]
                  00002f3c    00000018     rtsv7M4_T_le_v4SPD16_eabi.lib : args_main.obj (.text)
                  00002f54    00000016     driverlib.lib : adc.obj (.text:ADCProcessorTrigger)
                  00002f6a    00000002     --HOLE-- [fill = 0]
                  00002f6c    00000014                   : timer.obj (.text:TimerDisable)
                  00002f80    00000014                   : uart.obj (.text:UARTEnable)
                  00002f94    00000014     rtsv7M4_T_le_v4SPD16_eabi.lib : _lock.obj (.text)
                  00002fa8    00000012     driverlib.lib : adc.obj (.text:ADCHardwareOversampleConfigure)
                  00002fba    00000012                   : gpio.obj (.text:GPIOPinTypeGPIOInput)
                  00002fcc    00000012                   : gpio.obj (.text:GPIOPinTypeI2C)
                  00002fde    00000012                   : gpio.obj (.text:GPIOPinTypeI2CSCL)
                  00002ff0    00000012                   : gpio.obj (.text:GPIOPinTypeUART)
                  00003002    00000012                   : timer.obj (.text:TimerLoadSet)
                  00003014    00000010                   : adc.obj (.text:ADCComparatorIntEnable)
                  00003024    00000010                   : adc.obj (.text:ADCIntEnable)
                  00003034    0000000e                   : adc.obj (.text:ADCComparatorRegionSet)
                  00003042    0000000e                   : adc.obj (.text:ADCSequenceEnable)
                  00003050    0000000e                   : timer.obj (.text:TimerEnable)
                  0000305e    0000000e                   : uart.obj (.text:UARTCharGetNonBlocking)
                  0000306c    0000000e     rtsv7M4_T_le_v4SPD16_eabi.lib : copy_decompress_none.obj (.text:decompress:none)
                  0000307a    0000000c     driverlib.lib : cpu.obj (.text:CPUcpsie)
                  00003086    0000000c                   : gpio.obj (.text:GPIOIntEnable)
                  00003092    0000000c                   : uart.obj (.text:UARTCharsAvail)
                  0000309e    0000000c     rtsv7M4_T_le_v4SPD16_eabi.lib : copy_zero_init.obj (.text:decompress:ZI)
                  000030aa    0000000a     driverlib.lib : adc.obj (.text:ADCComparatorConfigure)
                  000030b4    0000000a                   : adc.obj (.text:ADCIntClear)
                  000030be    0000000a                   : i2c.obj (.text:I2CMasterEnable)
                  000030c8    0000000a                   : interrupt.obj (.text:IntMasterEnable)
                  000030d2    0000000a                   : uart.obj (.text:UARTCharPut)
                  000030dc    0000000a                   : uart.obj (.text:UARTIntStatus)
                  000030e6    00000008                   : i2c.obj (.text:I2CMasterSlaveAddrSet)
                  000030ee    00000008                   : timer.obj (.text:TimerIntEnable)
                  000030f6    00000008                   : uart.obj (.text:UARTIntEnable)
                  000030fe    00000006                   : gpio.obj (.text:GPIOPinRead)
                  00003104    00000006                   : gpio.obj (.text:GPIOPinWrite)
                  0000310a    00000006                   : sysctl.obj (.text:SysCtlDelay)
                  00003110    00000006                   : uart.obj (.text:UARTClockSourceGet)
                  00003116    00000006     rtsv7M4_T_le_v4SPD16_eabi.lib : copy_decompress_rle.obj (.text:decompress:rle24)
                  0000311c    00000004     driverlib.lib : adc.obj (.text:ADCComparatorIntClear)
                  00003120    00000004                   : adc.obj (.text:ADCComparatorIntStatus)
                  00003124    00000004                   : i2c.obj (.text:I2CMasterControl)
                  00003128    00000004                   : i2c.obj (.text:I2CMasterDataPut)
                  0000312c    00000004                   : timer.obj (.text:TimerIntClear)
                  00003130    00000004                   : uart.obj (.text:UARTIntClear)
                  00003134    00000004     rtsv7M4_T_le_v4SPD16_eabi.lib : pre_init.obj (.text)

.const     0    00003138    000002b8     
                  00003138    0000009c     driverlib.lib : interrupt.obj (.const:g_pui32Regs)
                  000031d4    00000090                   : gpio.obj (.const:g_pui32GPIOBaseAddrs)
                  00003264    00000070                   : interrupt.obj (.const)
                  000032d4    0000006c                   : sysctl.obj (.const:g_pui32Xtals)
                  00003340    00000048     rtsv7M4_T_le_v4SPD16_eabi.lib : xexp.obj (.const)
                  00003388    00000038                                   : xlog.obj (.const:p)
                  000033c0    00000030                                   : xdint.obj (.const)

.cinit     0    000033f0    00000090     
                  000033f0    0000006b     (.cinit..data.load) [load image, compression = rle]
                  0000345b    00000001     --HOLE-- [fill = 0]
                  0000345c    0000000c     (__TI_handler_table)
                  00003468    00000008     (.cinit..bss.load) [load image, compression = zero_init]
                  00003470    00000010     (__TI_cinit_table)

.init_array 
*          0    00000000    00000000     UNINITIALIZED

.stack     0    20000000    00000200     UNINITIALIZED
                  20000000    00000200     --HOLE--

.data      0    20000200    000001c8     UNINITIALIZED
                  20000200    000000b0     rtsv7M4_T_le_v4SPD16_eabi.lib : signal.obj (.data:sigtable)
                  200002b0    00000080                                   : xvalues.obj (.data)
                  20000330    00000068                                   : xfvalues.obj (.data)
                  20000398    00000010     miLibreria.obj (.data)
                  200003a8    00000008     rtsv7M4_T_le_v4SPD16_eabi.lib : _lock.obj (.data)
                  200003b0    00000008                                   : exit.obj (.data)
                  200003b8    00000008                                   : feraiseexcept.obj (.data)
                  200003c0    00000004                                   : errno.obj (.data)
                  200003c4    00000004                                   : stkdepth_vars.obj (.data)

.bss       0    200003c8    00000060     UNINITIALIZED
                  200003c8    00000020     (.common:ADC18CH)
                  200003e8    00000010     (.common:ADC14CH)
                  200003f8    00000010     (.common:valor)
                  20000408    00000008     (.common:ADC12CH)
                  20000410    00000004     (.common:ADC11CH)
                  20000414    00000004     (.common:frecuencia)
                  20000418    00000004     (.common:micros)
                  2000041c    00000004     (.common:milis)
                  20000420    00000004     (.common:wait)
                  20000424    00000002     (.common:canales)
                  20000426    00000002     (.common:secuencia)

.TI.persistent 
*          0    20000200    00000000     UNINITIALIZED

.TI.noinit 
*          0    200003c8    00000000     UNINITIALIZED


LINKER GENERATED COPY TABLES

__TI_cinit_table @ 00003470 records: 2, size/record: 8, table size: 16
	.data: load addr=000033f0, load size=0000006b bytes, run addr=20000200, run size=000001c8 bytes, compression=rle
	.bss: load addr=00003468, load size=00000008 bytes, run addr=200003c8, run size=00000060 bytes, compression=zero_init


LINKER GENERATED HANDLER TABLE

__TI_handler_table @ 0000345c records: 3, size/record: 4, table size: 12
	index: 0, handler: __TI_decompress_rle24
	index: 1, handler: __TI_decompress_none
	index: 2, handler: __TI_zero_init


GLOBAL SYMBOLS: SORTED ALPHABETICALLY BY Name 

address   name                          
-------   ----                          
20000410  ADC11CH                       
20000408  ADC12CH                       
200003e8  ADC14CH                       
200003c8  ADC18CH                       
0000042d  ADC1IntHandler                
000030ab  ADCComparatorConfigure        
0000311d  ADCComparatorIntClear         
00003015  ADCComparatorIntEnable        
00003121  ADCComparatorIntStatus        
00003035  ADCComparatorRegionSet        
00002e95  ADCComparatorReset            
00002fa9  ADCHardwareOversampleConfigure
000030b5  ADCIntClear                   
00003025  ADCIntEnable                  
00002f55  ADCProcessorTrigger           
00002cb1  ADCSequenceConfigure          
00002eb3  ADCSequenceDataGet            
00003043  ADCSequenceEnable             
000026cd  ADCSequenceStepConfigure      
00002bed  C$$EXIT                       
0000307b  CPUcpsie                      
0000225d  ComparadorHandler             
00002e1d  GPIODirModeSet                
00003087  GPIOIntEnable                 
00002a21  GPIOIntTypeSet                
00001df5  GPIOPadConfigSet              
00002b15  GPIOPinConfigure              
000030ff  GPIOPinRead                   
00002fbb  GPIOPinTypeGPIOInput          
00002f23  GPIOPinTypeGPIOOutput         
00002fcd  GPIOPinTypeI2C                
00002fdf  GPIOPinTypeI2CSCL             
00002ff1  GPIOPinTypeUART               
00003105  GPIOPinWrite                  
00003125  I2CMasterControl              
00003129  I2CMasterDataPut              
000030bf  I2CMasterEnable               
00002b5d  I2CMasterInitExpClk           
000030e7  I2CMasterSlaveAddrSet         
00002905  IntDisable                    
00002965  IntEnable                     
000030c9  IntMasterEnable               
00002e71  IntPrioritySet                
00002eed  ResetISR                      
UNDEFED   SHT$$INIT_ARRAY$$Base         
UNDEFED   SHT$$INIT_ARRAY$$Limit        
00001f25  SysCtlClockGet                
0000233d  SysCtlClockSet                
0000310b  SysCtlDelay                   
00002d29  SysCtlPeripheralEnable        
00000a3d  Timer0IntHandler              
000029c5  TimerConfigure                
00002f6d  TimerDisable                  
00003051  TimerEnable                   
0000312d  TimerIntClear                 
000030ef  TimerIntEnable                
00003003  TimerLoadSet                  
00002e47  TimerUpdateMode               
00002249  UART0IntHandler               
00002253  UART1IntHandler               
0000305f  UARTCharGetNonBlocking        
000030d3  UARTCharPut                   
00003093  UARTCharsAvail                
00003111  UARTClockSourceGet            
00002c31  UARTConfigSetExpClk           
00002ed1  UARTDisable                   
00002f81  UARTEnable                    
00003131  UARTIntClear                  
000030f7  UARTIntEnable                 
000030dd  UARTIntStatus                 
00000d7f  UARTPrint                     
00000dd1  UARTPrintf                    
00000e5d  UARTPrintfln                  
00000dfd  UARTPrintln                   
200002b0  _Denorm                       
0000242d  _Dint                         
000024ed  _Dnorm                        
0000203d  _Dscale                       
0000289f  _Dunscale                     
200002c0  _Eps                          
200003c0  _Errno                        
0000190d  _Exp                          
20000330  _FDenorm                      
20000340  _FEps                         
20000350  _FInf                         
20000360  _FNan                         
20000380  _FRteps                       
20000370  _FSnan                        
20000390  _FXbig                        
20000394  _FZero                        
200003b8  _Fenv                         
00002d91  _Feraise                      
200002d0  _Hugeval                      
200002e0  _Inf                          
00001621  _Log                          
200002f0  _Nan                          
20000310  _Rteps                        
20000300  _Snan                         
200003bc  _Tls_setup__Fenv              
20000320  _Xbig                         
20000328  _Zero                         
20000200  __STACK_END                   
00000200  __STACK_SIZE                  
20000200  __STACK_TOP                   
00003470  __TI_CINIT_Base               
00003480  __TI_CINIT_Limit              
0000345c  __TI_Handler_Table_Base       
00003468  __TI_Handler_Table_Limit      
000027c9  __TI_auto_init                
200003b0  __TI_cleanup_ptr              
0000306d  __TI_decompress_none          
00003117  __TI_decompress_rle24         
200003b4  __TI_dtors_ptr                
00000000  __TI_static_base__            
0000309f  __TI_zero_init                
00002647  __aeabi_cdcmpeq               
00002647  __aeabi_cdcmple               
00002ba5  __aeabi_d2iz                  
00001b13  __aeabi_dadd                  
00001cbf  __aeabi_ddiv                  
0000214d  __aeabi_dmul                  
00001b09  __aeabi_dsub                  
00002cef  __aeabi_f2d                   
00002dc1  __aeabi_i2d                   
0000274d  __aeabi_memclr                
0000274d  __aeabi_memclr4               
0000274d  __aeabi_memclr8               
000025ab  __aeabi_memcpy                
000025ab  __aeabi_memcpy4               
000025ab  __aeabi_memcpy8               
0000274f  __aeabi_memset                
0000274f  __aeabi_memset4               
0000274f  __aeabi_memset8               
ffffffff  __binit__                     
ffffffff  __c_args__                    
20000000  __stack                       
00002f3d  _args_main                    
00002a79  _c_int00                      
200003a8  _lock                         
00002fa3  _nop                          
00002f9b  _register_lock                
00002f95  _register_unlock              
00003135  _system_pre_init              
200003ac  _unlock                       
00002bf1  abort                         
ffffffff  binit                         
20000424  canales                       
00000855  colorRBG                      
0000050d  configurarADCInt1CH           
00000591  configurarADCInt2CH           
00000601  configurarADCInt4CH           
00000699  configurarADCInt8CH           
000002a3  configurarComparador          
00000347  configurarComparadores        
0000086d  configurarInterrupcion        
00000779  configurarPuerto              
00000843  configurarRBG                 
000008f3  configurarReloj               
00000b4d  configurarUART                
00002ac9  copy_in                       
000009f1  delay                         
00000a25  delay_us                      
00000ac9  enviarI2C_1CH                 
00001175  error                         
00000813  escribirPuerto                
00002bf9  exit                          
00002d5d  feraiseexcept                 
20000414  frecuencia                    
00000000  g_pfnVectors                  
000009c5  habilitarDelay                
00000a71  habilitarI2C_1CH              
00001019  int2str                       
200003a4  lecturaUART                   
000004a3  leerADCInt                    
0000028f  leerComparador                
0000082f  leerPuerto                    
00000f7d  leerStr                       
00000ee9  leerUART                      
0000026d  limpiarComparador             
00000e8d  limpiarUART                   
00002f09  log                           
0000225f  main                          
200003c4  main_func_sp                  
000025ab  memcpy                        
00002755  memset                        
20000418  micros                        
2000041c  milis                         
200003a0  moduloI2C                     
00001189  pow                           
00002def  raise                         
20000426  secuencia                     
00002c71  signal                        
000010ad  str2int                       
200003f8  valor                         
20000420  wait                          


GLOBAL SYMBOLS: SORTED BY Symbol Address 

address   name                          
-------   ----                          
00000000  __TI_static_base__            
00000000  g_pfnVectors                  
00000200  __STACK_SIZE                  
0000026d  limpiarComparador             
0000028f  leerComparador                
000002a3  configurarComparador          
00000347  configurarComparadores        
0000042d  ADC1IntHandler                
000004a3  leerADCInt                    
0000050d  configurarADCInt1CH           
00000591  configurarADCInt2CH           
00000601  configurarADCInt4CH           
00000699  configurarADCInt8CH           
00000779  configurarPuerto              
00000813  escribirPuerto                
0000082f  leerPuerto                    
00000843  configurarRBG                 
00000855  colorRBG                      
0000086d  configurarInterrupcion        
000008f3  configurarReloj               
000009c5  habilitarDelay                
000009f1  delay                         
00000a25  delay_us                      
00000a3d  Timer0IntHandler              
00000a71  habilitarI2C_1CH              
00000ac9  enviarI2C_1CH                 
00000b4d  configurarUART                
00000d7f  UARTPrint                     
00000dd1  UARTPrintf                    
00000dfd  UARTPrintln                   
00000e5d  UARTPrintfln                  
00000e8d  limpiarUART                   
00000ee9  leerUART                      
00000f7d  leerStr                       
00001019  int2str                       
000010ad  str2int                       
00001175  error                         
00001189  pow                           
00001621  _Log                          
0000190d  _Exp                          
00001b09  __aeabi_dsub                  
00001b13  __aeabi_dadd                  
00001cbf  __aeabi_ddiv                  
00001df5  GPIOPadConfigSet              
00001f25  SysCtlClockGet                
0000203d  _Dscale                       
0000214d  __aeabi_dmul                  
00002249  UART0IntHandler               
00002253  UART1IntHandler               
0000225d  ComparadorHandler             
0000225f  main                          
0000233d  SysCtlClockSet                
0000242d  _Dint                         
000024ed  _Dnorm                        
000025ab  __aeabi_memcpy                
000025ab  __aeabi_memcpy4               
000025ab  __aeabi_memcpy8               
000025ab  memcpy                        
00002647  __aeabi_cdcmpeq               
00002647  __aeabi_cdcmple               
000026cd  ADCSequenceStepConfigure      
0000274d  __aeabi_memclr                
0000274d  __aeabi_memclr4               
0000274d  __aeabi_memclr8               
0000274f  __aeabi_memset                
0000274f  __aeabi_memset4               
0000274f  __aeabi_memset8               
00002755  memset                        
000027c9  __TI_auto_init                
0000289f  _Dunscale                     
00002905  IntDisable                    
00002965  IntEnable                     
000029c5  TimerConfigure                
00002a21  GPIOIntTypeSet                
00002a79  _c_int00                      
00002ac9  copy_in                       
00002b15  GPIOPinConfigure              
00002b5d  I2CMasterInitExpClk           
00002ba5  __aeabi_d2iz                  
00002bed  C$$EXIT                       
00002bf1  abort                         
00002bf9  exit                          
00002c31  UARTConfigSetExpClk           
00002c71  signal                        
00002cb1  ADCSequenceConfigure          
00002cef  __aeabi_f2d                   
00002d29  SysCtlPeripheralEnable        
00002d5d  feraiseexcept                 
00002d91  _Feraise                      
00002dc1  __aeabi_i2d                   
00002def  raise                         
00002e1d  GPIODirModeSet                
00002e47  TimerUpdateMode               
00002e71  IntPrioritySet                
00002e95  ADCComparatorReset            
00002eb3  ADCSequenceDataGet            
00002ed1  UARTDisable                   
00002eed  ResetISR                      
00002f09  log                           
00002f23  GPIOPinTypeGPIOOutput         
00002f3d  _args_main                    
00002f55  ADCProcessorTrigger           
00002f6d  TimerDisable                  
00002f81  UARTEnable                    
00002f95  _register_unlock              
00002f9b  _register_lock                
00002fa3  _nop                          
00002fa9  ADCHardwareOversampleConfigure
00002fbb  GPIOPinTypeGPIOInput          
00002fcd  GPIOPinTypeI2C                
00002fdf  GPIOPinTypeI2CSCL             
00002ff1  GPIOPinTypeUART               
00003003  TimerLoadSet                  
00003015  ADCComparatorIntEnable        
00003025  ADCIntEnable                  
00003035  ADCComparatorRegionSet        
00003043  ADCSequenceEnable             
00003051  TimerEnable                   
0000305f  UARTCharGetNonBlocking        
0000306d  __TI_decompress_none          
0000307b  CPUcpsie                      
00003087  GPIOIntEnable                 
00003093  UARTCharsAvail                
0000309f  __TI_zero_init                
000030ab  ADCComparatorConfigure        
000030b5  ADCIntClear                   
000030bf  I2CMasterEnable               
000030c9  IntMasterEnable               
000030d3  UARTCharPut                   
000030dd  UARTIntStatus                 
000030e7  I2CMasterSlaveAddrSet         
000030ef  TimerIntEnable                
000030f7  UARTIntEnable                 
000030ff  GPIOPinRead                   
00003105  GPIOPinWrite                  
0000310b  SysCtlDelay                   
00003111  UARTClockSourceGet            
00003117  __TI_decompress_rle24         
0000311d  ADCComparatorIntClear         
00003121  ADCComparatorIntStatus        
00003125  I2CMasterControl              
00003129  I2CMasterDataPut              
0000312d  TimerIntClear                 
00003131  UARTIntClear                  
00003135  _system_pre_init              
0000345c  __TI_Handler_Table_Base       
00003468  __TI_Handler_Table_Limit      
00003470  __TI_CINIT_Base               
00003480  __TI_CINIT_Limit              
20000000  __stack                       
20000200  __STACK_END                   
20000200  __STACK_TOP                   
200002b0  _Denorm                       
200002c0  _Eps                          
200002d0  _Hugeval                      
200002e0  _Inf                          
200002f0  _Nan                          
20000300  _Snan                         
20000310  _Rteps                        
20000320  _Xbig                         
20000328  _Zero                         
20000330  _FDenorm                      
20000340  _FEps                         
20000350  _FInf                         
20000360  _FNan                         
20000370  _FSnan                        
20000380  _FRteps                       
20000390  _FXbig                        
20000394  _FZero                        
200003a0  moduloI2C                     
200003a4  lecturaUART                   
200003a8  _lock                         
200003ac  _unlock                       
200003b0  __TI_cleanup_ptr              
200003b4  __TI_dtors_ptr                
200003b8  _Fenv                         
200003bc  _Tls_setup__Fenv              
200003c0  _Errno                        
200003c4  main_func_sp                  
200003c8  ADC18CH                       
200003e8  ADC14CH                       
200003f8  valor                         
20000408  ADC12CH                       
20000410  ADC11CH                       
20000414  frecuencia                    
20000418  micros                        
2000041c  milis                         
20000420  wait                          
20000424  canales                       
20000426  secuencia                     
ffffffff  __binit__                     
ffffffff  __c_args__                    
ffffffff  binit                         
UNDEFED   SHT$$INIT_ARRAY$$Base         
UNDEFED   SHT$$INIT_ARRAY$$Limit        

[195 symbols]
