<?xml version="1.0"?>
<link_info>
   <banner>TI ARM Linker PC v5.1.6</banner>
   <copyright>Copyright (c) 1996-2014 Texas Instruments Incorporated</copyright>
   <link_time>0x5537672b</link_time>
   <link_errors>0x0</link_errors>
   <output_file>LIBRERIA 2015.out</output_file>
   <entry_point>
      <name>_c_int00</name>
      <address>0x2c19</address>
   </entry_point>
   <input_file_list>
      <input_file id="fl-2">
         <path>.\</path>
         <kind>object</kind>
         <file>P3_V0.obj</file>
         <name>P3_V0.obj</name>
      </input_file>
      <input_file id="fl-3">
         <path>.\</path>
         <kind>object</kind>
         <file>tm4c123gh6pm_startup_ccs.obj</file>
         <name>tm4c123gh6pm_startup_ccs.obj</name>
      </input_file>
      <input_file id="fl-4">
         <path>.\recursos\</path>
         <kind>object</kind>
         <file>miLibreria.obj</file>
         <name>miLibreria.obj</name>
      </input_file>
      <input_file id="fl-9">
         <path>C:\ti\TivaWare_C_Series-2.1.0.12573\driverlib\ccs\Debug\</path>
         <kind>archive</kind>
         <file>driverlib.lib</file>
         <name>uart.obj</name>
      </input_file>
      <input_file id="fl-a">
         <path>C:\ti\TivaWare_C_Series-2.1.0.12573\driverlib\ccs\Debug\</path>
         <kind>archive</kind>
         <file>driverlib.lib</file>
         <name>timer.obj</name>
      </input_file>
      <input_file id="fl-b">
         <path>C:\ti\TivaWare_C_Series-2.1.0.12573\driverlib\ccs\Debug\</path>
         <kind>archive</kind>
         <file>driverlib.lib</file>
         <name>sysctl.obj</name>
      </input_file>
      <input_file id="fl-c">
         <path>C:\ti\TivaWare_C_Series-2.1.0.12573\driverlib\ccs\Debug\</path>
         <kind>archive</kind>
         <file>driverlib.lib</file>
         <name>interrupt.obj</name>
      </input_file>
      <input_file id="fl-d">
         <path>C:\ti\TivaWare_C_Series-2.1.0.12573\driverlib\ccs\Debug\</path>
         <kind>archive</kind>
         <file>driverlib.lib</file>
         <name>i2c.obj</name>
      </input_file>
      <input_file id="fl-e">
         <path>C:\ti\TivaWare_C_Series-2.1.0.12573\driverlib\ccs\Debug\</path>
         <kind>archive</kind>
         <file>driverlib.lib</file>
         <name>gpio.obj</name>
      </input_file>
      <input_file id="fl-f">
         <path>C:\ti\TivaWare_C_Series-2.1.0.12573\driverlib\ccs\Debug\</path>
         <kind>archive</kind>
         <file>driverlib.lib</file>
         <name>fpu.obj</name>
      </input_file>
      <input_file id="fl-10">
         <path>C:\ti\TivaWare_C_Series-2.1.0.12573\driverlib\ccs\Debug\</path>
         <kind>archive</kind>
         <file>driverlib.lib</file>
         <name>cpu.obj</name>
      </input_file>
      <input_file id="fl-11">
         <path>C:\ti\TivaWare_C_Series-2.1.0.12573\driverlib\ccs\Debug\</path>
         <kind>archive</kind>
         <file>driverlib.lib</file>
         <name>adc.obj</name>
      </input_file>
      <input_file id="fl-13b">
         <path>C:\ti\ccsv6\tools\compiler\arm_5.1.6\lib\</path>
         <kind>archive</kind>
         <file>rtsv7M4_T_le_v4SPD16_eabi.lib</file>
         <name>boot.obj</name>
      </input_file>
      <input_file id="fl-13c">
         <path>C:\ti\ccsv6\tools\compiler\arm_5.1.6\lib\</path>
         <kind>archive</kind>
         <file>rtsv7M4_T_le_v4SPD16_eabi.lib</file>
         <name>copy_decompress_none.obj</name>
      </input_file>
      <input_file id="fl-13d">
         <path>C:\ti\ccsv6\tools\compiler\arm_5.1.6\lib\</path>
         <kind>archive</kind>
         <file>rtsv7M4_T_le_v4SPD16_eabi.lib</file>
         <name>copy_decompress_rle.obj</name>
      </input_file>
      <input_file id="fl-13e">
         <path>C:\ti\ccsv6\tools\compiler\arm_5.1.6\lib\</path>
         <kind>archive</kind>
         <file>rtsv7M4_T_le_v4SPD16_eabi.lib</file>
         <name>copy_zero_init.obj</name>
      </input_file>
      <input_file id="fl-13f">
         <path>C:\ti\ccsv6\tools\compiler\arm_5.1.6\lib\</path>
         <kind>archive</kind>
         <file>rtsv7M4_T_le_v4SPD16_eabi.lib</file>
         <name>exit.obj</name>
      </input_file>
      <input_file id="fl-140">
         <path>C:\ti\ccsv6\tools\compiler\arm_5.1.6\lib\</path>
         <kind>archive</kind>
         <file>rtsv7M4_T_le_v4SPD16_eabi.lib</file>
         <name>fd_toi_t2.obj</name>
      </input_file>
      <input_file id="fl-141">
         <path>C:\ti\ccsv6\tools\compiler\arm_5.1.6\lib\</path>
         <kind>archive</kind>
         <file>rtsv7M4_T_le_v4SPD16_eabi.lib</file>
         <name>i_tofd_t2.obj</name>
      </input_file>
      <input_file id="fl-142">
         <path>C:\ti\ccsv6\tools\compiler\arm_5.1.6\lib\</path>
         <kind>archive</kind>
         <file>rtsv7M4_T_le_v4SPD16_eabi.lib</file>
         <name>memcpy_t2.obj</name>
      </input_file>
      <input_file id="fl-143">
         <path>C:\ti\ccsv6\tools\compiler\arm_5.1.6\lib\</path>
         <kind>archive</kind>
         <file>rtsv7M4_T_le_v4SPD16_eabi.lib</file>
         <name>pow.obj</name>
      </input_file>
      <input_file id="fl-144">
         <path>C:\ti\ccsv6\tools\compiler\arm_5.1.6\lib\</path>
         <kind>archive</kind>
         <file>rtsv7M4_T_le_v4SPD16_eabi.lib</file>
         <name>stkdepth_vars.obj</name>
      </input_file>
      <input_file id="fl-145">
         <path>C:\ti\ccsv6\tools\compiler\arm_5.1.6\lib\</path>
         <kind>archive</kind>
         <file>rtsv7M4_T_le_v4SPD16_eabi.lib</file>
         <name>xdint.obj</name>
      </input_file>
      <input_file id="fl-146">
         <path>C:\ti\ccsv6\tools\compiler\arm_5.1.6\lib\</path>
         <kind>archive</kind>
         <file>rtsv7M4_T_le_v4SPD16_eabi.lib</file>
         <name>xdunscal.obj</name>
      </input_file>
      <input_file id="fl-147">
         <path>C:\ti\ccsv6\tools\compiler\arm_5.1.6\lib\</path>
         <kind>archive</kind>
         <file>rtsv7M4_T_le_v4SPD16_eabi.lib</file>
         <name>xexp.obj</name>
      </input_file>
      <input_file id="fl-148">
         <path>C:\ti\ccsv6\tools\compiler\arm_5.1.6\lib\</path>
         <kind>archive</kind>
         <file>rtsv7M4_T_le_v4SPD16_eabi.lib</file>
         <name>xferaise.obj</name>
      </input_file>
      <input_file id="fl-149">
         <path>C:\ti\ccsv6\tools\compiler\arm_5.1.6\lib\</path>
         <kind>archive</kind>
         <file>rtsv7M4_T_le_v4SPD16_eabi.lib</file>
         <name>xvalues.obj</name>
      </input_file>
      <input_file id="fl-14a">
         <path>C:\ti\ccsv6\tools\compiler\arm_5.1.6\lib\</path>
         <kind>archive</kind>
         <file>rtsv7M4_T_le_v4SPD16_eabi.lib</file>
         <name>_lock.obj</name>
      </input_file>
      <input_file id="fl-14b">
         <path>C:\ti\ccsv6\tools\compiler\arm_5.1.6\lib\</path>
         <kind>archive</kind>
         <file>rtsv7M4_T_le_v4SPD16_eabi.lib</file>
         <name>args_main.obj</name>
      </input_file>
      <input_file id="fl-14c">
         <path>C:\ti\ccsv6\tools\compiler\arm_5.1.6\lib\</path>
         <kind>archive</kind>
         <file>rtsv7M4_T_le_v4SPD16_eabi.lib</file>
         <name>auto_init.obj</name>
      </input_file>
      <input_file id="fl-14d">
         <path>C:\ti\ccsv6\tools\compiler\arm_5.1.6\lib\</path>
         <kind>archive</kind>
         <file>rtsv7M4_T_le_v4SPD16_eabi.lib</file>
         <name>cpy_tbl.obj</name>
      </input_file>
      <input_file id="fl-14e">
         <path>C:\ti\ccsv6\tools\compiler\arm_5.1.6\lib\</path>
         <kind>archive</kind>
         <file>rtsv7M4_T_le_v4SPD16_eabi.lib</file>
         <name>errno.obj</name>
      </input_file>
      <input_file id="fl-14f">
         <path>C:\ti\ccsv6\tools\compiler\arm_5.1.6\lib\</path>
         <kind>archive</kind>
         <file>rtsv7M4_T_le_v4SPD16_eabi.lib</file>
         <name>fd_add_t2.obj</name>
      </input_file>
      <input_file id="fl-150">
         <path>C:\ti\ccsv6\tools\compiler\arm_5.1.6\lib\</path>
         <kind>archive</kind>
         <file>rtsv7M4_T_le_v4SPD16_eabi.lib</file>
         <name>fd_cmp_t2.obj</name>
      </input_file>
      <input_file id="fl-151">
         <path>C:\ti\ccsv6\tools\compiler\arm_5.1.6\lib\</path>
         <kind>archive</kind>
         <file>rtsv7M4_T_le_v4SPD16_eabi.lib</file>
         <name>fd_div_t2.obj</name>
      </input_file>
      <input_file id="fl-152">
         <path>C:\ti\ccsv6\tools\compiler\arm_5.1.6\lib\</path>
         <kind>archive</kind>
         <file>rtsv7M4_T_le_v4SPD16_eabi.lib</file>
         <name>fd_mul_t2.obj</name>
      </input_file>
      <input_file id="fl-153">
         <path>C:\ti\ccsv6\tools\compiler\arm_5.1.6\lib\</path>
         <kind>archive</kind>
         <file>rtsv7M4_T_le_v4SPD16_eabi.lib</file>
         <name>feraiseexcept.obj</name>
      </input_file>
      <input_file id="fl-154">
         <path>C:\ti\ccsv6\tools\compiler\arm_5.1.6\lib\</path>
         <kind>archive</kind>
         <file>rtsv7M4_T_le_v4SPD16_eabi.lib</file>
         <name>log.obj</name>
      </input_file>
      <input_file id="fl-155">
         <path>C:\ti\ccsv6\tools\compiler\arm_5.1.6\lib\</path>
         <kind>archive</kind>
         <file>rtsv7M4_T_le_v4SPD16_eabi.lib</file>
         <name>raise.obj</name>
      </input_file>
      <input_file id="fl-156">
         <path>C:\ti\ccsv6\tools\compiler\arm_5.1.6\lib\</path>
         <kind>archive</kind>
         <file>rtsv7M4_T_le_v4SPD16_eabi.lib</file>
         <name>signal.obj</name>
      </input_file>
      <input_file id="fl-157">
         <path>C:\ti\ccsv6\tools\compiler\arm_5.1.6\lib\</path>
         <kind>archive</kind>
         <file>rtsv7M4_T_le_v4SPD16_eabi.lib</file>
         <name>xdnorm.obj</name>
      </input_file>
      <input_file id="fl-158">
         <path>C:\ti\ccsv6\tools\compiler\arm_5.1.6\lib\</path>
         <kind>archive</kind>
         <file>rtsv7M4_T_le_v4SPD16_eabi.lib</file>
         <name>xdscale.obj</name>
      </input_file>
      <input_file id="fl-159">
         <path>C:\ti\ccsv6\tools\compiler\arm_5.1.6\lib\</path>
         <kind>archive</kind>
         <file>rtsv7M4_T_le_v4SPD16_eabi.lib</file>
         <name>xlog.obj</name>
      </input_file>
      <input_file id="fl-15a">
         <path>C:\ti\ccsv6\tools\compiler\arm_5.1.6\lib\</path>
         <kind>archive</kind>
         <file>rtsv7M4_T_le_v4SPD16_eabi.lib</file>
         <name>fs_tod_t2.obj</name>
      </input_file>
      <input_file id="fl-15b">
         <path>C:\ti\ccsv6\tools\compiler\arm_5.1.6\lib\</path>
         <kind>archive</kind>
         <file>rtsv7M4_T_le_v4SPD16_eabi.lib</file>
         <name>xfvalues.obj</name>
      </input_file>
   </input_file_list>
   <object_component_list>
      <object_component id="oc-e">
         <name>.intvecs</name>
         <load_address>0x0</load_address>
         <run_address>0x0</run_address>
         <size>0x26c</size>
         <input_file_ref idref="fl-3"/>
      </object_component>
      <object_component id="oc-35">
         <name>.text</name>
         <load_address>0x26c</load_address>
         <run_address>0x26c</run_address>
         <size>0xf24</size>
         <input_file_ref idref="fl-4"/>
      </object_component>
      <object_component id="oc-8c">
         <name>.text</name>
         <load_address>0x1190</load_address>
         <run_address>0x1190</run_address>
         <size>0x4a8</size>
         <input_file_ref idref="fl-143"/>
      </object_component>
      <object_component id="oc-30c">
         <name>.text</name>
         <load_address>0x1638</load_address>
         <run_address>0x1638</run_address>
         <size>0x2ec</size>
         <input_file_ref idref="fl-159"/>
      </object_component>
      <object_component id="oc-2f">
         <name>.text</name>
         <load_address>0x1924</load_address>
         <run_address>0x1924</run_address>
         <size>0x240</size>
         <input_file_ref idref="fl-2"/>
      </object_component>
      <object_component id="oc-259">
         <name>.text</name>
         <load_address>0x1b64</load_address>
         <run_address>0x1b64</run_address>
         <size>0x1fc</size>
         <input_file_ref idref="fl-147"/>
      </object_component>
      <object_component id="oc-244">
         <name>.text</name>
         <load_address>0x1d60</load_address>
         <run_address>0x1d60</run_address>
         <size>0x1b6</size>
         <input_file_ref idref="fl-14f"/>
      </object_component>
      <object_component id="oc-254">
         <name>.text</name>
         <load_address>0x1f16</load_address>
         <run_address>0x1f16</run_address>
         <size>0x136</size>
         <input_file_ref idref="fl-151"/>
      </object_component>
      <object_component id="oc-29d">
         <name>.text:GPIOPadConfigSet</name>
         <load_address>0x204c</load_address>
         <run_address>0x204c</run_address>
         <size>0x130</size>
         <input_file_ref idref="fl-e"/>
      </object_component>
      <object_component id="oc-168">
         <name>.text:SysCtlClockGet</name>
         <load_address>0x217c</load_address>
         <run_address>0x217c</run_address>
         <size>0x118</size>
         <input_file_ref idref="fl-b"/>
      </object_component>
      <object_component id="oc-315">
         <name>.text</name>
         <load_address>0x2294</load_address>
         <run_address>0x2294</run_address>
         <size>0x110</size>
         <input_file_ref idref="fl-158"/>
      </object_component>
      <object_component id="oc-249">
         <name>.text</name>
         <load_address>0x23a4</load_address>
         <run_address>0x23a4</run_address>
         <size>0xfc</size>
         <input_file_ref idref="fl-152"/>
      </object_component>
      <object_component id="oc-162">
         <name>.text:SysCtlClockSet</name>
         <load_address>0x24a0</load_address>
         <run_address>0x24a0</run_address>
         <size>0xf0</size>
         <input_file_ref idref="fl-b"/>
      </object_component>
      <object_component id="oc-233">
         <name>.text</name>
         <load_address>0x2590</load_address>
         <run_address>0x2590</run_address>
         <size>0xc4</size>
         <input_file_ref idref="fl-145"/>
      </object_component>
      <object_component id="oc-2f3">
         <name>.text</name>
         <load_address>0x2654</load_address>
         <run_address>0x2654</run_address>
         <size>0xc4</size>
         <input_file_ref idref="fl-157"/>
      </object_component>
      <object_component id="oc-54">
         <name>.text</name>
         <load_address>0x2718</load_address>
         <run_address>0x2718</run_address>
         <size>0x9c</size>
         <input_file_ref idref="fl-142"/>
      </object_component>
      <object_component id="oc-3f">
         <name>.text</name>
         <load_address>0x27b4</load_address>
         <run_address>0x27b4</run_address>
         <size>0x94</size>
         <input_file_ref idref="fl-14c"/>
      </object_component>
      <object_component id="oc-239">
         <name>.text:__aeabi_cdcmple</name>
         <load_address>0x2848</load_address>
         <run_address>0x2848</run_address>
         <size>0x86</size>
         <input_file_ref idref="fl-150"/>
      </object_component>
      <object_component id="oc-f0">
         <name>.text:ADCSequenceStepConfigure</name>
         <load_address>0x28ce</load_address>
         <run_address>0x28ce</run_address>
         <size>0x80</size>
         <input_file_ref idref="fl-11"/>
      </object_component>
      <object_component id="oc-22d">
         <name>.text</name>
         <load_address>0x294e</load_address>
         <run_address>0x294e</run_address>
         <size>0x64</size>
         <input_file_ref idref="fl-146"/>
      </object_component>
      <object_component id="oc-193">
         <name>.text:IntDisable</name>
         <load_address>0x29b4</load_address>
         <run_address>0x29b4</run_address>
         <size>0x60</size>
         <input_file_ref idref="fl-c"/>
      </object_component>
      <object_component id="oc-114">
         <name>.text:IntEnable</name>
         <load_address>0x2a14</load_address>
         <run_address>0x2a14</run_address>
         <size>0x60</size>
         <input_file_ref idref="fl-c"/>
      </object_component>
      <object_component id="oc-67">
         <name>.text</name>
         <load_address>0x2a74</load_address>
         <run_address>0x2a74</run_address>
         <size>0x5e</size>
         <input_file_ref idref="fl-13d"/>
      </object_component>
      <object_component id="oc-16e">
         <name>.text:TimerConfigure</name>
         <load_address>0x2ad4</load_address>
         <run_address>0x2ad4</run_address>
         <size>0x5c</size>
         <input_file_ref idref="fl-a"/>
      </object_component>
      <object_component id="oc-156">
         <name>.text:GPIOIntTypeSet</name>
         <load_address>0x2b30</load_address>
         <run_address>0x2b30</run_address>
         <size>0x56</size>
         <input_file_ref idref="fl-e"/>
      </object_component>
      <object_component id="oc-19f">
         <name>.text:GPIOPinConfigure</name>
         <load_address>0x2b88</load_address>
         <run_address>0x2b88</run_address>
         <size>0x48</size>
         <input_file_ref idref="fl-e"/>
      </object_component>
      <object_component id="oc-1b1">
         <name>.text:I2CMasterInitExpClk</name>
         <load_address>0x2bd0</load_address>
         <run_address>0x2bd0</run_address>
         <size>0x48</size>
         <input_file_ref idref="fl-d"/>
      </object_component>
      <object_component id="oc-11">
         <name>.text</name>
         <load_address>0x2c18</load_address>
         <run_address>0x2c18</run_address>
         <size>0x48</size>
         <input_file_ref idref="fl-13b"/>
      </object_component>
      <object_component id="oc-92">
         <name>.text</name>
         <load_address>0x2c60</load_address>
         <run_address>0x2c60</run_address>
         <size>0x48</size>
         <input_file_ref idref="fl-140"/>
      </object_component>
      <object_component id="oc-1f8">
         <name>.text</name>
         <load_address>0x2ca8</load_address>
         <run_address>0x2ca8</run_address>
         <size>0x44</size>
         <input_file_ref idref="fl-14d"/>
      </object_component>
      <object_component id="oc-4a">
         <name>.text</name>
         <load_address>0x2cec</load_address>
         <run_address>0x2cec</run_address>
         <size>0x44</size>
         <input_file_ref idref="fl-13f"/>
      </object_component>
      <object_component id="oc-1c7">
         <name>.text:UARTConfigSetExpClk</name>
         <load_address>0x2d30</load_address>
         <run_address>0x2d30</run_address>
         <size>0x40</size>
         <input_file_ref idref="fl-9"/>
      </object_component>
      <object_component id="oc-37d">
         <name>.text</name>
         <load_address>0x2d70</load_address>
         <run_address>0x2d70</run_address>
         <size>0x40</size>
         <input_file_ref idref="fl-156"/>
      </object_component>
      <object_component id="oc-e4">
         <name>.text:ADCSequenceConfigure</name>
         <load_address>0x2db0</load_address>
         <run_address>0x2db0</run_address>
         <size>0x3e</size>
         <input_file_ref idref="fl-11"/>
      </object_component>
      <object_component id="oc-366">
         <name>.text</name>
         <load_address>0x2dee</load_address>
         <run_address>0x2dee</run_address>
         <size>0x38</size>
         <input_file_ref idref="fl-15a"/>
      </object_component>
      <object_component id="oc-de">
         <name>.text:SysCtlPeripheralEnable</name>
         <load_address>0x2e28</load_address>
         <run_address>0x2e28</run_address>
         <size>0x34</size>
         <input_file_ref idref="fl-b"/>
      </object_component>
      <object_component id="oc-300">
         <name>.text</name>
         <load_address>0x2e5c</load_address>
         <run_address>0x2e5c</run_address>
         <size>0x34</size>
         <input_file_ref idref="fl-153"/>
      </object_component>
      <object_component id="oc-23e">
         <name>.text</name>
         <load_address>0x2e90</load_address>
         <run_address>0x2e90</run_address>
         <size>0x30</size>
         <input_file_ref idref="fl-148"/>
      </object_component>
      <object_component id="oc-87">
         <name>.text</name>
         <load_address>0x2ec0</load_address>
         <run_address>0x2ec0</run_address>
         <size>0x2e</size>
         <input_file_ref idref="fl-141"/>
      </object_component>
      <object_component id="oc-35a">
         <name>.text</name>
         <load_address>0x2eee</load_address>
         <run_address>0x2eee</run_address>
         <size>0x2e</size>
         <input_file_ref idref="fl-155"/>
      </object_component>
      <object_component id="oc-297">
         <name>.text:GPIODirModeSet</name>
         <load_address>0x2f1c</load_address>
         <run_address>0x2f1c</run_address>
         <size>0x2a</size>
         <input_file_ref idref="fl-e"/>
      </object_component>
      <object_component id="oc-17a">
         <name>.text:TimerUpdateMode</name>
         <load_address>0x2f46</load_address>
         <run_address>0x2f46</run_address>
         <size>0x28</size>
         <input_file_ref idref="fl-a"/>
      </object_component>
      <object_component id="oc-10e">
         <name>.text:IntPrioritySet</name>
         <load_address>0x2f70</load_address>
         <run_address>0x2f70</run_address>
         <size>0x24</size>
         <input_file_ref idref="fl-c"/>
      </object_component>
      <object_component id="oc-102">
         <name>.text:ADCComparatorReset</name>
         <load_address>0x2f94</load_address>
         <run_address>0x2f94</run_address>
         <size>0x1e</size>
         <input_file_ref idref="fl-11"/>
      </object_component>
      <object_component id="oc-d8">
         <name>.text:ADCSequenceDataGet</name>
         <load_address>0x2fb2</load_address>
         <run_address>0x2fb2</run_address>
         <size>0x1e</size>
         <input_file_ref idref="fl-11"/>
      </object_component>
      <object_component id="oc-2c9">
         <name>.text:UARTDisable</name>
         <load_address>0x2fd0</load_address>
         <run_address>0x2fd0</run_address>
         <size>0x1c</size>
         <input_file_ref idref="fl-9"/>
      </object_component>
      <object_component id="oc-29">
         <name>.text</name>
         <load_address>0x2fec</load_address>
         <run_address>0x2fec</run_address>
         <size>0x1c</size>
         <input_file_ref idref="fl-3"/>
      </object_component>
      <object_component id="oc-24e">
         <name>.text</name>
         <load_address>0x3008</load_address>
         <run_address>0x3008</run_address>
         <size>0x1a</size>
         <input_file_ref idref="fl-154"/>
      </object_component>
      <object_component id="oc-13e">
         <name>.text:GPIOPinTypeGPIOOutput</name>
         <load_address>0x3022</load_address>
         <run_address>0x3022</run_address>
         <size>0x18</size>
         <input_file_ref idref="fl-e"/>
      </object_component>
      <object_component id="oc-44">
         <name>.text</name>
         <load_address>0x303c</load_address>
         <run_address>0x303c</run_address>
         <size>0x18</size>
         <input_file_ref idref="fl-14b"/>
      </object_component>
      <object_component id="oc-120">
         <name>.text:ADCProcessorTrigger</name>
         <load_address>0x3054</load_address>
         <run_address>0x3054</run_address>
         <size>0x16</size>
         <input_file_ref idref="fl-11"/>
      </object_component>
      <object_component id="oc-199">
         <name>.text:TimerDisable</name>
         <load_address>0x306c</load_address>
         <run_address>0x306c</run_address>
         <size>0x14</size>
         <input_file_ref idref="fl-a"/>
      </object_component>
      <object_component id="oc-2cf">
         <name>.text:UARTEnable</name>
         <load_address>0x3080</load_address>
         <run_address>0x3080</run_address>
         <size>0x14</size>
         <input_file_ref idref="fl-9"/>
      </object_component>
      <object_component id="oc-2e4">
         <name>.text</name>
         <load_address>0x3094</load_address>
         <run_address>0x3094</run_address>
         <size>0x14</size>
         <input_file_ref idref="fl-14a"/>
      </object_component>
      <object_component id="oc-ea">
         <name>.text:ADCHardwareOversampleConfigure</name>
         <load_address>0x30a8</load_address>
         <run_address>0x30a8</run_address>
         <size>0x12</size>
         <input_file_ref idref="fl-11"/>
      </object_component>
      <object_component id="oc-138">
         <name>.text:GPIOPinTypeGPIOInput</name>
         <load_address>0x30ba</load_address>
         <run_address>0x30ba</run_address>
         <size>0x12</size>
         <input_file_ref idref="fl-e"/>
      </object_component>
      <object_component id="oc-1ab">
         <name>.text:GPIOPinTypeI2C</name>
         <load_address>0x30cc</load_address>
         <run_address>0x30cc</run_address>
         <size>0x12</size>
         <input_file_ref idref="fl-e"/>
      </object_component>
      <object_component id="oc-1a5">
         <name>.text:GPIOPinTypeI2CSCL</name>
         <load_address>0x30de</load_address>
         <run_address>0x30de</run_address>
         <size>0x12</size>
         <input_file_ref idref="fl-e"/>
      </object_component>
      <object_component id="oc-1bb">
         <name>.text:GPIOPinTypeUART</name>
         <load_address>0x30f0</load_address>
         <run_address>0x30f0</run_address>
         <size>0x12</size>
         <input_file_ref idref="fl-e"/>
      </object_component>
      <object_component id="oc-180">
         <name>.text:TimerLoadSet</name>
         <load_address>0x3102</load_address>
         <run_address>0x3102</run_address>
         <size>0x12</size>
         <input_file_ref idref="fl-a"/>
      </object_component>
      <object_component id="oc-1c">
         <name>.text:decompress:ZI</name>
         <load_address>0x3114</load_address>
         <run_address>0x3114</run_address>
         <size>0x12</size>
         <input_file_ref idref="fl-13e"/>
      </object_component>
      <object_component id="oc-108">
         <name>.text:ADCComparatorIntEnable</name>
         <load_address>0x3126</load_address>
         <run_address>0x3126</run_address>
         <size>0x10</size>
         <input_file_ref idref="fl-11"/>
      </object_component>
      <object_component id="oc-126">
         <name>.text:ADCIntEnable</name>
         <load_address>0x3136</load_address>
         <run_address>0x3136</run_address>
         <size>0x10</size>
         <input_file_ref idref="fl-11"/>
      </object_component>
      <object_component id="oc-75">
         <name>.text:FPUEnable</name>
         <load_address>0x3148</load_address>
         <run_address>0x3148</run_address>
         <size>0x10</size>
         <input_file_ref idref="fl-f"/>
      </object_component>
      <object_component id="oc-7b">
         <name>.text:FPULazyStackingEnable</name>
         <load_address>0x3158</load_address>
         <run_address>0x3158</run_address>
         <size>0x10</size>
         <input_file_ref idref="fl-f"/>
      </object_component>
      <object_component id="oc-f6">
         <name>.text:ADCComparatorRegionSet</name>
         <load_address>0x3168</load_address>
         <run_address>0x3168</run_address>
         <size>0xe</size>
         <input_file_ref idref="fl-11"/>
      </object_component>
      <object_component id="oc-11a">
         <name>.text:ADCSequenceEnable</name>
         <load_address>0x3176</load_address>
         <run_address>0x3176</run_address>
         <size>0xe</size>
         <input_file_ref idref="fl-11"/>
      </object_component>
      <object_component id="oc-186">
         <name>.text:TimerEnable</name>
         <load_address>0x3184</load_address>
         <run_address>0x3184</run_address>
         <size>0xe</size>
         <input_file_ref idref="fl-a"/>
      </object_component>
      <object_component id="oc-1df">
         <name>.text:UARTCharGetNonBlocking</name>
         <load_address>0x3192</load_address>
         <run_address>0x3192</run_address>
         <size>0xe</size>
         <input_file_ref idref="fl-9"/>
      </object_component>
      <object_component id="oc-16">
         <name>.text:decompress:none</name>
         <load_address>0x31a0</load_address>
         <run_address>0x31a0</run_address>
         <size>0xe</size>
         <input_file_ref idref="fl-13c"/>
      </object_component>
      <object_component id="oc-220">
         <name>.text:CPUcpsie</name>
         <load_address>0x31ae</load_address>
         <run_address>0x31ae</run_address>
         <size>0xc</size>
         <input_file_ref idref="fl-10"/>
      </object_component>
      <object_component id="oc-15c">
         <name>.text:GPIOIntEnable</name>
         <load_address>0x31ba</load_address>
         <run_address>0x31ba</run_address>
         <size>0xc</size>
         <input_file_ref idref="fl-e"/>
      </object_component>
      <object_component id="oc-1e5">
         <name>.text:UARTCharsAvail</name>
         <load_address>0x31c6</load_address>
         <run_address>0x31c6</run_address>
         <size>0xc</size>
         <input_file_ref idref="fl-9"/>
      </object_component>
      <object_component id="oc-fc">
         <name>.text:ADCComparatorConfigure</name>
         <load_address>0x31d2</load_address>
         <run_address>0x31d2</run_address>
         <size>0xa</size>
         <input_file_ref idref="fl-11"/>
      </object_component>
      <object_component id="oc-d2">
         <name>.text:ADCIntClear</name>
         <load_address>0x31dc</load_address>
         <run_address>0x31dc</run_address>
         <size>0xa</size>
         <input_file_ref idref="fl-11"/>
      </object_component>
      <object_component id="oc-2c0">
         <name>.text:I2CMasterEnable</name>
         <load_address>0x31e6</load_address>
         <run_address>0x31e6</run_address>
         <size>0xa</size>
         <input_file_ref idref="fl-d"/>
      </object_component>
      <object_component id="oc-81">
         <name>.text:IntMasterEnable</name>
         <load_address>0x31f0</load_address>
         <run_address>0x31f0</run_address>
         <size>0xa</size>
         <input_file_ref idref="fl-c"/>
      </object_component>
      <object_component id="oc-1cd">
         <name>.text:UARTCharPut</name>
         <load_address>0x31fa</load_address>
         <run_address>0x31fa</run_address>
         <size>0xa</size>
         <input_file_ref idref="fl-9"/>
      </object_component>
      <object_component id="oc-1d3">
         <name>.text:UARTIntStatus</name>
         <load_address>0x3204</load_address>
         <run_address>0x3204</run_address>
         <size>0xa</size>
         <input_file_ref idref="fl-9"/>
      </object_component>
      <object_component id="oc-a9">
         <name>.text:I2CMasterBusBusy</name>
         <load_address>0x320e</load_address>
         <run_address>0x320e</run_address>
         <size>0x8</size>
         <input_file_ref idref="fl-d"/>
      </object_component>
      <object_component id="oc-97">
         <name>.text:I2CMasterSlaveAddrSet</name>
         <load_address>0x3216</load_address>
         <run_address>0x3216</run_address>
         <size>0x8</size>
         <input_file_ref idref="fl-d"/>
      </object_component>
      <object_component id="oc-174">
         <name>.text:TimerIntEnable</name>
         <load_address>0x321e</load_address>
         <run_address>0x321e</run_address>
         <size>0x8</size>
         <input_file_ref idref="fl-a"/>
      </object_component>
      <object_component id="oc-150">
         <name>.text:UARTIntEnable</name>
         <load_address>0x3226</load_address>
         <run_address>0x3226</run_address>
         <size>0x8</size>
         <input_file_ref idref="fl-9"/>
      </object_component>
      <object_component id="oc-14a">
         <name>.text:GPIOPinRead</name>
         <load_address>0x322e</load_address>
         <run_address>0x322e</run_address>
         <size>0x6</size>
         <input_file_ref idref="fl-e"/>
      </object_component>
      <object_component id="oc-144">
         <name>.text:GPIOPinWrite</name>
         <load_address>0x3234</load_address>
         <run_address>0x3234</run_address>
         <size>0x6</size>
         <input_file_ref idref="fl-e"/>
      </object_component>
      <object_component id="oc-18c">
         <name>.text:SysCtlDelay</name>
         <load_address>0x323a</load_address>
         <run_address>0x323a</run_address>
         <size>0x6</size>
         <input_file_ref idref="fl-b"/>
      </object_component>
      <object_component id="oc-1c1">
         <name>.text:UARTClockSourceGet</name>
         <load_address>0x3240</load_address>
         <run_address>0x3240</run_address>
         <size>0x6</size>
         <input_file_ref idref="fl-9"/>
      </object_component>
      <object_component id="oc-22">
         <name>.text:decompress:rle24</name>
         <load_address>0x3246</load_address>
         <run_address>0x3246</run_address>
         <size>0x6</size>
         <input_file_ref idref="fl-13d"/>
      </object_component>
      <object_component id="oc-cc">
         <name>.text:ADCComparatorIntClear</name>
         <load_address>0x324c</load_address>
         <run_address>0x324c</run_address>
         <size>0x4</size>
         <input_file_ref idref="fl-11"/>
      </object_component>
      <object_component id="oc-c6">
         <name>.text:ADCComparatorIntStatus</name>
         <load_address>0x3250</load_address>
         <run_address>0x3250</run_address>
         <size>0x4</size>
         <input_file_ref idref="fl-11"/>
      </object_component>
      <object_component id="oc-a3">
         <name>.text:I2CMasterControl</name>
         <load_address>0x3254</load_address>
         <run_address>0x3254</run_address>
         <size>0x4</size>
         <input_file_ref idref="fl-d"/>
      </object_component>
      <object_component id="oc-9d">
         <name>.text:I2CMasterDataPut</name>
         <load_address>0x3258</load_address>
         <run_address>0x3258</run_address>
         <size>0x4</size>
         <input_file_ref idref="fl-d"/>
      </object_component>
      <object_component id="oc-18d">
         <name>.text:TimerIntClear</name>
         <load_address>0x325c</load_address>
         <run_address>0x325c</run_address>
         <size>0x4</size>
         <input_file_ref idref="fl-a"/>
      </object_component>
      <object_component id="oc-1d9">
         <name>.text:UARTIntClear</name>
         <load_address>0x3260</load_address>
         <run_address>0x3260</run_address>
         <size>0x4</size>
         <input_file_ref idref="fl-9"/>
      </object_component>
      <object_component id="oc-287">
         <name>.const:g_pui32Regs</name>
         <load_address>0x3268</load_address>
         <run_address>0x3268</run_address>
         <size>0x9c</size>
         <input_file_ref idref="fl-c"/>
      </object_component>
      <object_component id="oc-2ba">
         <name>.const:g_pui32GPIOBaseAddrs</name>
         <load_address>0x3304</load_address>
         <run_address>0x3304</run_address>
         <size>0x90</size>
         <input_file_ref idref="fl-e"/>
      </object_component>
      <object_component id="oc-28c">
         <name>.const</name>
         <load_address>0x3394</load_address>
         <run_address>0x3394</run_address>
         <size>0x70</size>
         <input_file_ref idref="fl-c"/>
      </object_component>
      <object_component id="oc-2ad">
         <name>.const:g_pui32Xtals</name>
         <load_address>0x3404</load_address>
         <run_address>0x3404</run_address>
         <size>0x6c</size>
         <input_file_ref idref="fl-b"/>
      </object_component>
      <object_component id="oc-31b">
         <name>.const</name>
         <load_address>0x3470</load_address>
         <run_address>0x3470</run_address>
         <size>0x48</size>
         <input_file_ref idref="fl-147"/>
      </object_component>
      <object_component id="oc-36e">
         <name>.const:p</name>
         <load_address>0x34b8</load_address>
         <run_address>0x34b8</run_address>
         <size>0x38</size>
         <input_file_ref idref="fl-159"/>
      </object_component>
      <object_component id="oc-2fb">
         <name>.const</name>
         <load_address>0x34f0</load_address>
         <run_address>0x34f0</run_address>
         <size>0x30</size>
         <input_file_ref idref="fl-145"/>
      </object_component>
      <object_component id="oc-3c7">
         <name>.cinit..data.load</name>
         <load_address>0x3520</load_address>
         <run_address>0x3520</run_address>
         <size>0x77</size>
      </object_component>
      <object_component id="oc-3c5">
         <name>__TI_handler_table</name>
         <load_address>0x3598</load_address>
         <run_address>0x3598</run_address>
         <size>0xc</size>
      </object_component>
      <object_component id="oc-3c8">
         <name>.cinit..bss.load</name>
         <load_address>0x35a8</load_address>
         <run_address>0x35a8</run_address>
         <size>0x8</size>
      </object_component>
      <object_component id="oc-3c6">
         <name>__TI_cinit_table</name>
         <load_address>0x35b0</load_address>
         <run_address>0x35b0</run_address>
         <size>0x10</size>
      </object_component>
      <object_component id="oc-50">
         <name>.data</name>
         <load_address>0x20000b50</load_address>
         <run_address>0x20000b50</run_address>
         <size>0x4</size>
         <input_file_ref idref="fl-144"/>
      </object_component>
      <object_component id="oc-b2">
         <name>.data</name>
         <load_address>0x20000b10</load_address>
         <run_address>0x20000b10</run_address>
         <size>0x14</size>
         <input_file_ref idref="fl-2"/>
      </object_component>
      <object_component id="oc-12c">
         <name>.data</name>
         <load_address>0x20000b24</load_address>
         <run_address>0x20000b24</run_address>
         <size>0x10</size>
         <input_file_ref idref="fl-4"/>
      </object_component>
      <object_component id="oc-201">
         <name>.data</name>
         <load_address>0x20000b34</load_address>
         <run_address>0x20000b34</run_address>
         <size>0x8</size>
         <input_file_ref idref="fl-14a"/>
      </object_component>
      <object_component id="oc-204">
         <name>.data</name>
         <load_address>0x20000b3c</load_address>
         <run_address>0x20000b3c</run_address>
         <size>0x8</size>
         <input_file_ref idref="fl-13f"/>
      </object_component>
      <object_component id="oc-25f">
         <name>.data</name>
         <load_address>0x20000a28</load_address>
         <run_address>0x20000a28</run_address>
         <size>0x80</size>
         <input_file_ref idref="fl-149"/>
      </object_component>
      <object_component id="oc-306">
         <name>.data</name>
         <load_address>0x20000b4c</load_address>
         <run_address>0x20000b4c</run_address>
         <size>0x4</size>
         <input_file_ref idref="fl-14e"/>
      </object_component>
      <object_component id="oc-360">
         <name>.data</name>
         <load_address>0x20000b44</load_address>
         <run_address>0x20000b44</run_address>
         <size>0x8</size>
         <input_file_ref idref="fl-153"/>
      </object_component>
      <object_component id="oc-36b">
         <name>.data</name>
         <load_address>0x20000aa8</load_address>
         <run_address>0x20000aa8</run_address>
         <size>0x68</size>
         <input_file_ref idref="fl-15b"/>
      </object_component>
      <object_component id="oc-397">
         <name>.data:sigtable</name>
         <load_address>0x20000978</load_address>
         <run_address>0x20000978</run_address>
         <size>0xb0</size>
         <input_file_ref idref="fl-156"/>
      </object_component>
      <object_component id="oc-b6">
         <name>.bss:matrix</name>
         <uninitialized>true</uninitialized>
         <run_address>0x20000000</run_address>
         <size>0x6a4</size>
         <input_file_ref idref="fl-2"/>
      </object_component>
      <object_component id="oc-ba">
         <name>.bss:bits</name>
         <uninitialized>true</uninitialized>
         <run_address>0x200006e8</run_address>
         <size>0x24</size>
         <input_file_ref idref="fl-2"/>
      </object_component>
      <object_component id="oc-bd">
         <name>.bss:m</name>
         <uninitialized>true</uninitialized>
         <run_address>0x200006a4</run_address>
         <size>0x44</size>
         <input_file_ref idref="fl-2"/>
      </object_component>
      <object_component id="oc-1ba">
         <name>.common:wait</name>
         <uninitialized>true</uninitialized>
         <run_address>0x20000770</run_address>
         <size>0x4</size>
      </object_component>
      <object_component id="oc-1b7">
         <name>.common:frecuencia</name>
         <uninitialized>true</uninitialized>
         <run_address>0x20000764</run_address>
         <size>0x4</size>
      </object_component>
      <object_component id="oc-1b8">
         <name>.common:milis</name>
         <uninitialized>true</uninitialized>
         <run_address>0x2000076c</run_address>
         <size>0x4</size>
      </object_component>
      <object_component id="oc-1b9">
         <name>.common:micros</name>
         <uninitialized>true</uninitialized>
         <run_address>0x20000768</run_address>
         <size>0x4</size>
      </object_component>
      <object_component id="oc-12f">
         <name>.common:valor</name>
         <uninitialized>true</uninitialized>
         <run_address>0x2000073c</run_address>
         <size>0x10</size>
      </object_component>
      <object_component id="oc-134">
         <name>.common:ADC11CH</name>
         <uninitialized>true</uninitialized>
         <run_address>0x2000075c</run_address>
         <size>0x4</size>
      </object_component>
      <object_component id="oc-135">
         <name>.common:ADC12CH</name>
         <uninitialized>true</uninitialized>
         <run_address>0x2000074c</run_address>
         <size>0x8</size>
      </object_component>
      <object_component id="oc-136">
         <name>.common:ADC14CH</name>
         <uninitialized>true</uninitialized>
         <run_address>0x2000072c</run_address>
         <size>0x10</size>
      </object_component>
      <object_component id="oc-137">
         <name>.common:ADC18CH</name>
         <uninitialized>true</uninitialized>
         <run_address>0x2000070c</run_address>
         <size>0x20</size>
      </object_component>
      <object_component id="oc-b9">
         <name>.common:f</name>
         <uninitialized>true</uninitialized>
         <run_address>0x20000760</run_address>
         <size>0x4</size>
      </object_component>
      <object_component id="oc-b5">
         <name>.common:cadena</name>
         <uninitialized>true</uninitialized>
         <run_address>0x20000754</run_address>
         <size>0x8</size>
      </object_component>
      <object_component id="oc-133">
         <name>.common:canales</name>
         <uninitialized>true</uninitialized>
         <run_address>0x20000774</run_address>
         <size>0x2</size>
      </object_component>
      <object_component id="oc-132">
         <name>.common:secuencia</name>
         <uninitialized>true</uninitialized>
         <run_address>0x20000776</run_address>
         <size>0x2</size>
      </object_component>
      <object_component id="oc-28">
         <name>.stack</name>
         <uninitialized>true</uninitialized>
         <run_address>0x20000778</run_address>
         <size>0x0</size>
         <input_file_ref idref="fl-13b"/>
      </object_component>
      <object_component id="oc-3c9">
         <name>.stack</name>
         <uninitialized>true</uninitialized>
         <run_address>0x20000778</run_address>
         <size>0x0</size>
      </object_component>
      <object_component id="oc-f">
         <name>.debug_info</name>
         <load_address>0x0</load_address>
         <run_address>0x0</run_address>
         <size>0xe3</size>
         <input_file_ref idref="fl-3"/>
      </object_component>
      <object_component id="oc-12">
         <name>.debug_info</name>
         <load_address>0xe3</load_address>
         <run_address>0xe3</run_address>
         <size>0xf3</size>
         <input_file_ref idref="fl-13b"/>
      </object_component>
      <object_component id="oc-18">
         <name>.debug_info</name>
         <load_address>0x1d6</load_address>
         <run_address>0x1d6</run_address>
         <size>0x194</size>
         <input_file_ref idref="fl-13c"/>
      </object_component>
      <object_component id="oc-1d">
         <name>.debug_info</name>
         <load_address>0x36a</load_address>
         <run_address>0x36a</run_address>
         <size>0x16a</size>
         <input_file_ref idref="fl-13e"/>
      </object_component>
      <object_component id="oc-26">
         <name>.debug_info</name>
         <load_address>0x4d4</load_address>
         <run_address>0x4d4</run_address>
         <size>0x18e</size>
         <input_file_ref idref="fl-13d"/>
      </object_component>
      <object_component id="oc-2b">
         <name>.debug_info</name>
         <load_address>0x662</load_address>
         <run_address>0x662</run_address>
         <size>0x287</size>
         <input_file_ref idref="fl-3"/>
      </object_component>
      <object_component id="oc-31">
         <name>.debug_info</name>
         <load_address>0x8e9</load_address>
         <run_address>0x8e9</run_address>
         <size>0x3ff</size>
         <input_file_ref idref="fl-2"/>
      </object_component>
      <object_component id="oc-36">
         <name>.debug_info</name>
         <load_address>0xce8</load_address>
         <run_address>0xce8</run_address>
         <size>0x3366</size>
         <input_file_ref idref="fl-4"/>
      </object_component>
      <object_component id="oc-3d">
         <name>.debug_info</name>
         <load_address>0x404e</load_address>
         <run_address>0x404e</run_address>
         <size>0x33c</size>
         <input_file_ref idref="fl-3"/>
      </object_component>
      <object_component id="oc-40">
         <name>.debug_info</name>
         <load_address>0x438a</load_address>
         <run_address>0x438a</run_address>
         <size>0x13d</size>
         <input_file_ref idref="fl-14c"/>
      </object_component>
      <object_component id="oc-46">
         <name>.debug_info</name>
         <load_address>0x44c7</load_address>
         <run_address>0x44c7</run_address>
         <size>0x11c</size>
         <input_file_ref idref="fl-14b"/>
      </object_component>
      <object_component id="oc-4b">
         <name>.debug_info</name>
         <load_address>0x45e3</load_address>
         <run_address>0x45e3</run_address>
         <size>0x1c2</size>
         <input_file_ref idref="fl-13f"/>
      </object_component>
      <object_component id="oc-51">
         <name>.debug_info</name>
         <load_address>0x47a5</load_address>
         <run_address>0x47a5</run_address>
         <size>0xbe</size>
         <input_file_ref idref="fl-144"/>
      </object_component>
      <object_component id="oc-55">
         <name>.debug_info</name>
         <load_address>0x4863</load_address>
         <run_address>0x4863</run_address>
         <size>0xcc</size>
         <input_file_ref idref="fl-142"/>
      </object_component>
      <object_component id="oc-5a">
         <name>.debug_info</name>
         <load_address>0x492f</load_address>
         <run_address>0x492f</run_address>
         <size>0x46</size>
         <input_file_ref idref="fl-13c"/>
      </object_component>
      <object_component id="oc-5f">
         <name>.debug_info</name>
         <load_address>0x4975</load_address>
         <run_address>0x4975</run_address>
         <size>0xf2</size>
         <input_file_ref idref="fl-13c"/>
      </object_component>
      <object_component id="oc-61">
         <name>.debug_info</name>
         <load_address>0x4a67</load_address>
         <run_address>0x4a67</run_address>
         <size>0x46</size>
         <input_file_ref idref="fl-13e"/>
      </object_component>
      <object_component id="oc-66">
         <name>.debug_info</name>
         <load_address>0x4aad</load_address>
         <run_address>0x4aad</run_address>
         <size>0xad</size>
         <input_file_ref idref="fl-13e"/>
      </object_component>
      <object_component id="oc-68">
         <name>.debug_info</name>
         <load_address>0x4b5a</load_address>
         <run_address>0x4b5a</run_address>
         <size>0x1ef</size>
         <input_file_ref idref="fl-13d"/>
      </object_component>
      <object_component id="oc-6e">
         <name>.debug_info</name>
         <load_address>0x4d49</load_address>
         <run_address>0x4d49</run_address>
         <size>0xb7</size>
         <input_file_ref idref="fl-13d"/>
      </object_component>
      <object_component id="oc-6f">
         <name>.debug_info</name>
         <load_address>0x4e00</load_address>
         <run_address>0x4e00</run_address>
         <size>0x39</size>
         <input_file_ref idref="fl-13d"/>
      </object_component>
      <object_component id="oc-77">
         <name>.debug_info</name>
         <load_address>0x4e39</load_address>
         <run_address>0x4e39</run_address>
         <size>0x171</size>
         <input_file_ref idref="fl-f"/>
      </object_component>
      <object_component id="oc-7e">
         <name>.debug_info</name>
         <load_address>0x4faa</load_address>
         <run_address>0x4faa</run_address>
         <size>0x189</size>
         <input_file_ref idref="fl-f"/>
      </object_component>
      <object_component id="oc-82">
         <name>.debug_info</name>
         <load_address>0x5133</load_address>
         <run_address>0x5133</run_address>
         <size>0x1a2</size>
         <input_file_ref idref="fl-c"/>
      </object_component>
      <object_component id="oc-88">
         <name>.debug_info</name>
         <load_address>0x52d5</load_address>
         <run_address>0x52d5</run_address>
         <size>0xdf</size>
         <input_file_ref idref="fl-141"/>
      </object_component>
      <object_component id="oc-8f">
         <name>.debug_info</name>
         <load_address>0x53b4</load_address>
         <run_address>0x53b4</run_address>
         <size>0x537</size>
         <input_file_ref idref="fl-143"/>
      </object_component>
      <object_component id="oc-94">
         <name>.debug_info</name>
         <load_address>0x58eb</load_address>
         <run_address>0x58eb</run_address>
         <size>0xe1</size>
         <input_file_ref idref="fl-140"/>
      </object_component>
      <object_component id="oc-98">
         <name>.debug_info</name>
         <load_address>0x59cc</load_address>
         <run_address>0x59cc</run_address>
         <size>0x232</size>
         <input_file_ref idref="fl-d"/>
      </object_component>
      <object_component id="oc-9e">
         <name>.debug_info</name>
         <load_address>0x5bfe</load_address>
         <run_address>0x5bfe</run_address>
         <size>0x1e2</size>
         <input_file_ref idref="fl-d"/>
      </object_component>
      <object_component id="oc-a4">
         <name>.debug_info</name>
         <load_address>0x5de0</load_address>
         <run_address>0x5de0</run_address>
         <size>0x1e2</size>
         <input_file_ref idref="fl-d"/>
      </object_component>
      <object_component id="oc-aa">
         <name>.debug_info</name>
         <load_address>0x5fc2</load_address>
         <run_address>0x5fc2</run_address>
         <size>0x1b8</size>
         <input_file_ref idref="fl-d"/>
      </object_component>
      <object_component id="oc-b0">
         <name>.debug_info</name>
         <load_address>0x617a</load_address>
         <run_address>0x617a</run_address>
         <size>0x642</size>
         <input_file_ref idref="fl-2"/>
      </object_component>
      <object_component id="oc-b3">
         <name>.debug_info</name>
         <load_address>0x67bc</load_address>
         <run_address>0x67bc</run_address>
         <size>0x19b</size>
         <input_file_ref idref="fl-2"/>
      </object_component>
      <object_component id="oc-b7">
         <name>.debug_info</name>
         <load_address>0x6957</load_address>
         <run_address>0x6957</run_address>
         <size>0xc4</size>
         <input_file_ref idref="fl-2"/>
      </object_component>
      <object_component id="oc-bb">
         <name>.debug_info</name>
         <load_address>0x6a1b</load_address>
         <run_address>0x6a1b</run_address>
         <size>0xc0</size>
         <input_file_ref idref="fl-2"/>
      </object_component>
      <object_component id="oc-be">
         <name>.debug_info</name>
         <load_address>0x6adb</load_address>
         <run_address>0x6adb</run_address>
         <size>0xba</size>
         <input_file_ref idref="fl-2"/>
      </object_component>
      <object_component id="oc-c1">
         <name>.debug_info</name>
         <load_address>0x6b95</load_address>
         <run_address>0x6b95</run_address>
         <size>0x8b</size>
         <input_file_ref idref="fl-2"/>
      </object_component>
      <object_component id="oc-c7">
         <name>.debug_info</name>
         <load_address>0x6c20</load_address>
         <run_address>0x6c20</run_address>
         <size>0x1c4</size>
         <input_file_ref idref="fl-11"/>
      </object_component>
      <object_component id="oc-cd">
         <name>.debug_info</name>
         <load_address>0x6de4</load_address>
         <run_address>0x6de4</run_address>
         <size>0x1f8</size>
         <input_file_ref idref="fl-11"/>
      </object_component>
      <object_component id="oc-d3">
         <name>.debug_info</name>
         <load_address>0x6fdc</load_address>
         <run_address>0x6fdc</run_address>
         <size>0x1f8</size>
         <input_file_ref idref="fl-11"/>
      </object_component>
      <object_component id="oc-d9">
         <name>.debug_info</name>
         <load_address>0x71d4</load_address>
         <run_address>0x71d4</run_address>
         <size>0x2fb</size>
         <input_file_ref idref="fl-11"/>
      </object_component>
      <object_component id="oc-e1">
         <name>.debug_info</name>
         <load_address>0x74cf</load_address>
         <run_address>0x74cf</run_address>
         <size>0x1e1</size>
         <input_file_ref idref="fl-b"/>
      </object_component>
      <object_component id="oc-e5">
         <name>.debug_info</name>
         <load_address>0x76b0</load_address>
         <run_address>0x76b0</run_address>
         <size>0x28a</size>
         <input_file_ref idref="fl-11"/>
      </object_component>
      <object_component id="oc-eb">
         <name>.debug_info</name>
         <load_address>0x793a</load_address>
         <run_address>0x793a</run_address>
         <size>0x2b4</size>
         <input_file_ref idref="fl-11"/>
      </object_component>
      <object_component id="oc-f1">
         <name>.debug_info</name>
         <load_address>0x7bee</load_address>
         <run_address>0x7bee</run_address>
         <size>0x297</size>
         <input_file_ref idref="fl-11"/>
      </object_component>
      <object_component id="oc-f7">
         <name>.debug_info</name>
         <load_address>0x7e85</load_address>
         <run_address>0x7e85</run_address>
         <size>0x26a</size>
         <input_file_ref idref="fl-11"/>
      </object_component>
      <object_component id="oc-fd">
         <name>.debug_info</name>
         <load_address>0x80ef</load_address>
         <run_address>0x80ef</run_address>
         <size>0x22c</size>
         <input_file_ref idref="fl-11"/>
      </object_component>
      <object_component id="oc-103">
         <name>.debug_info</name>
         <load_address>0x831b</load_address>
         <run_address>0x831b</run_address>
         <size>0x26f</size>
         <input_file_ref idref="fl-11"/>
      </object_component>
      <object_component id="oc-109">
         <name>.debug_info</name>
         <load_address>0x858a</load_address>
         <run_address>0x858a</run_address>
         <size>0x20e</size>
         <input_file_ref idref="fl-11"/>
      </object_component>
      <object_component id="oc-10f">
         <name>.debug_info</name>
         <load_address>0x8798</load_address>
         <run_address>0x8798</run_address>
         <size>0x22d</size>
         <input_file_ref idref="fl-c"/>
      </object_component>
      <object_component id="oc-115">
         <name>.debug_info</name>
         <load_address>0x89c5</load_address>
         <run_address>0x89c5</run_address>
         <size>0x1cc</size>
         <input_file_ref idref="fl-c"/>
      </object_component>
      <object_component id="oc-11b">
         <name>.debug_info</name>
         <load_address>0x8b91</load_address>
         <run_address>0x8b91</run_address>
         <size>0x204</size>
         <input_file_ref idref="fl-11"/>
      </object_component>
      <object_component id="oc-121">
         <name>.debug_info</name>
         <load_address>0x8d95</load_address>
         <run_address>0x8d95</run_address>
         <size>0x208</size>
         <input_file_ref idref="fl-11"/>
      </object_component>
      <object_component id="oc-127">
         <name>.debug_info</name>
         <load_address>0x8f9d</load_address>
         <run_address>0x8f9d</run_address>
         <size>0x1fa</size>
         <input_file_ref idref="fl-11"/>
      </object_component>
      <object_component id="oc-12d">
         <name>.debug_info</name>
         <load_address>0x9197</load_address>
         <run_address>0x9197</run_address>
         <size>0x14b</size>
         <input_file_ref idref="fl-4"/>
      </object_component>
      <object_component id="oc-130">
         <name>.debug_info</name>
         <load_address>0x92e2</load_address>
         <run_address>0x92e2</run_address>
         <size>0xdf9</size>
         <input_file_ref idref="fl-4"/>
      </object_component>
      <object_component id="oc-139">
         <name>.debug_info</name>
         <load_address>0xa0db</load_address>
         <run_address>0xa0db</run_address>
         <size>0x1e9</size>
         <input_file_ref idref="fl-e"/>
      </object_component>
      <object_component id="oc-13f">
         <name>.debug_info</name>
         <load_address>0xa2c4</load_address>
         <run_address>0xa2c4</run_address>
         <size>0x1eb</size>
         <input_file_ref idref="fl-e"/>
      </object_component>
      <object_component id="oc-145">
         <name>.debug_info</name>
         <load_address>0xa4af</load_address>
         <run_address>0xa4af</run_address>
         <size>0x207</size>
         <input_file_ref idref="fl-e"/>
      </object_component>
      <object_component id="oc-14b">
         <name>.debug_info</name>
         <load_address>0xa6b6</load_address>
         <run_address>0xa6b6</run_address>
         <size>0x1df</size>
         <input_file_ref idref="fl-e"/>
      </object_component>
      <object_component id="oc-151">
         <name>.debug_info</name>
         <load_address>0xa895</load_address>
         <run_address>0xa895</run_address>
         <size>0x1f3</size>
         <input_file_ref idref="fl-9"/>
      </object_component>
      <object_component id="oc-157">
         <name>.debug_info</name>
         <load_address>0xaa88</load_address>
         <run_address>0xaa88</run_address>
         <size>0x21f</size>
         <input_file_ref idref="fl-e"/>
      </object_component>
      <object_component id="oc-15d">
         <name>.debug_info</name>
         <load_address>0xaca7</load_address>
         <run_address>0xaca7</run_address>
         <size>0x1f3</size>
         <input_file_ref idref="fl-e"/>
      </object_component>
      <object_component id="oc-163">
         <name>.debug_info</name>
         <load_address>0xae9a</load_address>
         <run_address>0xae9a</run_address>
         <size>0x363</size>
         <input_file_ref idref="fl-b"/>
      </object_component>
      <object_component id="oc-169">
         <name>.debug_info</name>
         <load_address>0xb1fd</load_address>
         <run_address>0xb1fd</run_address>
         <size>0x219</size>
         <input_file_ref idref="fl-b"/>
      </object_component>
      <object_component id="oc-170">
         <name>.debug_info</name>
         <load_address>0xb416</load_address>
         <run_address>0xb416</run_address>
         <size>0x1f0</size>
         <input_file_ref idref="fl-a"/>
      </object_component>
      <object_component id="oc-175">
         <name>.debug_info</name>
         <load_address>0xb606</load_address>
         <run_address>0xb606</run_address>
         <size>0x1f8</size>
         <input_file_ref idref="fl-a"/>
      </object_component>
      <object_component id="oc-17c">
         <name>.debug_info</name>
         <load_address>0xb7fe</load_address>
         <run_address>0xb7fe</run_address>
         <size>0x25e</size>
         <input_file_ref idref="fl-a"/>
      </object_component>
      <object_component id="oc-181">
         <name>.debug_info</name>
         <load_address>0xba5c</load_address>
         <run_address>0xba5c</run_address>
         <size>0x21e</size>
         <input_file_ref idref="fl-a"/>
      </object_component>
      <object_component id="oc-188">
         <name>.debug_info</name>
         <load_address>0xbc7a</load_address>
         <run_address>0xbc7a</run_address>
         <size>0x1e3</size>
         <input_file_ref idref="fl-a"/>
      </object_component>
      <object_component id="oc-18f">
         <name>.debug_info</name>
         <load_address>0xbe5d</load_address>
         <run_address>0xbe5d</run_address>
         <size>0x1f6</size>
         <input_file_ref idref="fl-a"/>
      </object_component>
      <object_component id="oc-194">
         <name>.debug_info</name>
         <load_address>0xc053</load_address>
         <run_address>0xc053</run_address>
         <size>0x1ce</size>
         <input_file_ref idref="fl-c"/>
      </object_component>
      <object_component id="oc-19b">
         <name>.debug_info</name>
         <load_address>0xc221</load_address>
         <run_address>0xc221</run_address>
         <size>0x1e5</size>
         <input_file_ref idref="fl-a"/>
      </object_component>
      <object_component id="oc-1a0">
         <name>.debug_info</name>
         <load_address>0xc406</load_address>
         <run_address>0xc406</run_address>
         <size>0x1e4</size>
         <input_file_ref idref="fl-e"/>
      </object_component>
      <object_component id="oc-1a6">
         <name>.debug_info</name>
         <load_address>0xc5ea</load_address>
         <run_address>0xc5ea</run_address>
         <size>0x1e3</size>
         <input_file_ref idref="fl-e"/>
      </object_component>
      <object_component id="oc-1ac">
         <name>.debug_info</name>
         <load_address>0xc7cd</load_address>
         <run_address>0xc7cd</run_address>
         <size>0x1dd</size>
         <input_file_ref idref="fl-e"/>
      </object_component>
      <object_component id="oc-1b2">
         <name>.debug_info</name>
         <load_address>0xc9aa</load_address>
         <run_address>0xc9aa</run_address>
         <size>0x24c</size>
         <input_file_ref idref="fl-d"/>
      </object_component>
      <object_component id="oc-1bc">
         <name>.debug_info</name>
         <load_address>0xcbf6</load_address>
         <run_address>0xcbf6</run_address>
         <size>0x1df</size>
         <input_file_ref idref="fl-e"/>
      </object_component>
      <object_component id="oc-1c2">
         <name>.debug_info</name>
         <load_address>0xcdd5</load_address>
         <run_address>0xcdd5</run_address>
         <size>0x1bf</size>
         <input_file_ref idref="fl-9"/>
      </object_component>
      <object_component id="oc-1c8">
         <name>.debug_info</name>
         <load_address>0xcf94</load_address>
         <run_address>0xcf94</run_address>
         <size>0x28a</size>
         <input_file_ref idref="fl-9"/>
      </object_component>
      <object_component id="oc-1ce">
         <name>.debug_info</name>
         <load_address>0xd21e</load_address>
         <run_address>0xd21e</run_address>
         <size>0x25d</size>
         <input_file_ref idref="fl-9"/>
      </object_component>
      <object_component id="oc-1d4">
         <name>.debug_info</name>
         <load_address>0xd47b</load_address>
         <run_address>0xd47b</run_address>
         <size>0x1e3</size>
         <input_file_ref idref="fl-9"/>
      </object_component>
      <object_component id="oc-1da">
         <name>.debug_info</name>
         <load_address>0xd65e</load_address>
         <run_address>0xd65e</run_address>
         <size>0x1f1</size>
         <input_file_ref idref="fl-9"/>
      </object_component>
      <object_component id="oc-1e0">
         <name>.debug_info</name>
         <load_address>0xd84f</load_address>
         <run_address>0xd84f</run_address>
         <size>0x1c7</size>
         <input_file_ref idref="fl-9"/>
      </object_component>
      <object_component id="oc-1e6">
         <name>.debug_info</name>
         <load_address>0xda16</load_address>
         <run_address>0xda16</run_address>
         <size>0x1b7</size>
         <input_file_ref idref="fl-9"/>
      </object_component>
      <object_component id="oc-1ec">
         <name>.debug_info</name>
         <load_address>0xdbcd</load_address>
         <run_address>0xdbcd</run_address>
         <size>0x18b</size>
         <input_file_ref idref="fl-2"/>
      </object_component>
      <object_component id="oc-1f3">
         <name>.debug_info</name>
         <load_address>0xdd58</load_address>
         <run_address>0xdd58</run_address>
         <size>0x84</size>
         <input_file_ref idref="fl-3"/>
      </object_component>
      <object_component id="oc-1fb">
         <name>.debug_info</name>
         <load_address>0xdddc</load_address>
         <run_address>0xdddc</run_address>
         <size>0x14b</size>
         <input_file_ref idref="fl-14d"/>
      </object_component>
      <object_component id="oc-200">
         <name>.debug_info</name>
         <load_address>0xdf27</load_address>
         <run_address>0xdf27</run_address>
         <size>0x11b</size>
         <input_file_ref idref="fl-14b"/>
      </object_component>
      <object_component id="oc-202">
         <name>.debug_info</name>
         <load_address>0xe042</load_address>
         <run_address>0xe042</run_address>
         <size>0xc8</size>
         <input_file_ref idref="fl-14a"/>
      </object_component>
      <object_component id="oc-205">
         <name>.debug_info</name>
         <load_address>0xe10a</load_address>
         <run_address>0xe10a</run_address>
         <size>0xeb</size>
         <input_file_ref idref="fl-13f"/>
      </object_component>
      <object_component id="oc-208">
         <name>.debug_info</name>
         <load_address>0xe1f5</load_address>
         <run_address>0xe1f5</run_address>
         <size>0x146</size>
         <input_file_ref idref="fl-13f"/>
      </object_component>
      <object_component id="oc-20d">
         <name>.debug_info</name>
         <load_address>0xe33b</load_address>
         <run_address>0xe33b</run_address>
         <size>0x2c</size>
         <input_file_ref idref="fl-13c"/>
      </object_component>
      <object_component id="oc-214">
         <name>.debug_info</name>
         <load_address>0xe367</load_address>
         <run_address>0xe367</run_address>
         <size>0x2c</size>
         <input_file_ref idref="fl-13e"/>
      </object_component>
      <object_component id="oc-221">
         <name>.debug_info</name>
         <load_address>0xe393</load_address>
         <run_address>0xe393</run_address>
         <size>0x176</size>
         <input_file_ref idref="fl-10"/>
      </object_component>
      <object_component id="oc-227">
         <name>.debug_info</name>
         <load_address>0xe509</load_address>
         <run_address>0xe509</run_address>
         <size>0x90</size>
         <input_file_ref idref="fl-9"/>
      </object_component>
      <object_component id="oc-22f">
         <name>.debug_info</name>
         <load_address>0xe599</load_address>
         <run_address>0xe599</run_address>
         <size>0x147</size>
         <input_file_ref idref="fl-146"/>
      </object_component>
      <object_component id="oc-234">
         <name>.debug_info</name>
         <load_address>0xe6e0</load_address>
         <run_address>0xe6e0</run_address>
         <size>0x176</size>
         <input_file_ref idref="fl-145"/>
      </object_component>
      <object_component id="oc-23b">
         <name>.debug_info</name>
         <load_address>0xe856</load_address>
         <run_address>0xe856</run_address>
         <size>0xdb</size>
         <input_file_ref idref="fl-150"/>
      </object_component>
      <object_component id="oc-23f">
         <name>.debug_info</name>
         <load_address>0xe931</load_address>
         <run_address>0xe931</run_address>
         <size>0x127</size>
         <input_file_ref idref="fl-148"/>
      </object_component>
      <object_component id="oc-245">
         <name>.debug_info</name>
         <load_address>0xea58</load_address>
         <run_address>0xea58</run_address>
         <size>0xff</size>
         <input_file_ref idref="fl-14f"/>
      </object_component>
      <object_component id="oc-24b">
         <name>.debug_info</name>
         <load_address>0xeb57</load_address>
         <run_address>0xeb57</run_address>
         <size>0xed</size>
         <input_file_ref idref="fl-152"/>
      </object_component>
      <object_component id="oc-24f">
         <name>.debug_info</name>
         <load_address>0xec44</load_address>
         <run_address>0xec44</run_address>
         <size>0xff</size>
         <input_file_ref idref="fl-154"/>
      </object_component>
      <object_component id="oc-257">
         <name>.debug_info</name>
         <load_address>0xed43</load_address>
         <run_address>0xed43</run_address>
         <size>0xed</size>
         <input_file_ref idref="fl-151"/>
      </object_component>
      <object_component id="oc-25a">
         <name>.debug_info</name>
         <load_address>0xee30</load_address>
         <run_address>0xee30</run_address>
         <size>0x39a</size>
         <input_file_ref idref="fl-147"/>
      </object_component>
      <object_component id="oc-260">
         <name>.debug_info</name>
         <load_address>0xf1ca</load_address>
         <run_address>0xf1ca</run_address>
         <size>0x189</size>
         <input_file_ref idref="fl-149"/>
      </object_component>
      <object_component id="oc-263">
         <name>.debug_info</name>
         <load_address>0xf353</load_address>
         <run_address>0xf353</run_address>
         <size>0x1a7</size>
         <input_file_ref idref="fl-143"/>
      </object_component>
      <object_component id="oc-266">
         <name>.debug_info</name>
         <load_address>0xf4fa</load_address>
         <run_address>0xf4fa</run_address>
         <size>0x18b</size>
         <input_file_ref idref="fl-9"/>
      </object_component>
      <object_component id="oc-26b">
         <name>.debug_info</name>
         <load_address>0xf685</load_address>
         <run_address>0xf685</run_address>
         <size>0x1d8</size>
         <input_file_ref idref="fl-d"/>
      </object_component>
      <object_component id="oc-27a">
         <name>.debug_info</name>
         <load_address>0xf85d</load_address>
         <run_address>0xf85d</run_address>
         <size>0x1a8</size>
         <input_file_ref idref="fl-11"/>
      </object_component>
      <object_component id="oc-27f">
         <name>.debug_info</name>
         <load_address>0xfa05</load_address>
         <run_address>0xfa05</run_address>
         <size>0x226</size>
         <input_file_ref idref="fl-b"/>
      </object_component>
      <object_component id="oc-288">
         <name>.debug_info</name>
         <load_address>0xfc2b</load_address>
         <run_address>0xfc2b</run_address>
         <size>0x100</size>
         <input_file_ref idref="fl-c"/>
      </object_component>
      <object_component id="oc-28b">
         <name>.debug_info</name>
         <load_address>0xfd2b</load_address>
         <run_address>0xfd2b</run_address>
         <size>0x1ba</size>
         <input_file_ref idref="fl-c"/>
      </object_component>
      <object_component id="oc-28d">
         <name>.debug_info</name>
         <load_address>0xfee5</load_address>
         <run_address>0xfee5</run_address>
         <size>0x1c2</size>
         <input_file_ref idref="fl-c"/>
      </object_component>
      <object_component id="oc-298">
         <name>.debug_info</name>
         <load_address>0x100a7</load_address>
         <run_address>0x100a7</run_address>
         <size>0x217</size>
         <input_file_ref idref="fl-e"/>
      </object_component>
      <object_component id="oc-29e">
         <name>.debug_info</name>
         <load_address>0x102be</load_address>
         <run_address>0x102be</run_address>
         <size>0x312</size>
         <input_file_ref idref="fl-e"/>
      </object_component>
      <object_component id="oc-2a6">
         <name>.debug_info</name>
         <load_address>0x105d0</load_address>
         <run_address>0x105d0</run_address>
         <size>0x1d7</size>
         <input_file_ref idref="fl-e"/>
      </object_component>
      <object_component id="oc-2a9">
         <name>.debug_info</name>
         <load_address>0x107a7</load_address>
         <run_address>0x107a7</run_address>
         <size>0x1ce</size>
         <input_file_ref idref="fl-9"/>
      </object_component>
      <object_component id="oc-2ae">
         <name>.debug_info</name>
         <load_address>0x10975</load_address>
         <run_address>0x10975</run_address>
         <size>0xff</size>
         <input_file_ref idref="fl-b"/>
      </object_component>
      <object_component id="oc-2b2">
         <name>.debug_info</name>
         <load_address>0x10a74</load_address>
         <run_address>0x10a74</run_address>
         <size>0x1cf</size>
         <input_file_ref idref="fl-a"/>
      </object_component>
      <object_component id="oc-2bb">
         <name>.debug_info</name>
         <load_address>0x10c43</load_address>
         <run_address>0x10c43</run_address>
         <size>0x10d</size>
         <input_file_ref idref="fl-e"/>
      </object_component>
      <object_component id="oc-2c1">
         <name>.debug_info</name>
         <load_address>0x10d50</load_address>
         <run_address>0x10d50</run_address>
         <size>0x1b2</size>
         <input_file_ref idref="fl-d"/>
      </object_component>
      <object_component id="oc-2ca">
         <name>.debug_info</name>
         <load_address>0x10f02</load_address>
         <run_address>0x10f02</run_address>
         <size>0x233</size>
         <input_file_ref idref="fl-9"/>
      </object_component>
      <object_component id="oc-2d0">
         <name>.debug_info</name>
         <load_address>0x11135</load_address>
         <run_address>0x11135</run_address>
         <size>0x1ab</size>
         <input_file_ref idref="fl-9"/>
      </object_component>
      <object_component id="oc-2dc">
         <name>.debug_info</name>
         <load_address>0x112e0</load_address>
         <run_address>0x112e0</run_address>
         <size>0x148</size>
         <input_file_ref idref="fl-14d"/>
      </object_component>
      <object_component id="oc-2df">
         <name>.debug_info</name>
         <load_address>0x11428</load_address>
         <run_address>0x11428</run_address>
         <size>0x5e</size>
         <input_file_ref idref="fl-14b"/>
      </object_component>
      <object_component id="oc-2e5">
         <name>.debug_info</name>
         <load_address>0x11486</load_address>
         <run_address>0x11486</run_address>
         <size>0x1d4</size>
         <input_file_ref idref="fl-14a"/>
      </object_component>
      <object_component id="oc-2ec">
         <name>.debug_info</name>
         <load_address>0x1165a</load_address>
         <run_address>0x1165a</run_address>
         <size>0xd9</size>
         <input_file_ref idref="fl-14a"/>
      </object_component>
      <object_component id="oc-2f4">
         <name>.debug_info</name>
         <load_address>0x11733</load_address>
         <run_address>0x11733</run_address>
         <size>0x121</size>
         <input_file_ref idref="fl-157"/>
      </object_component>
      <object_component id="oc-2fa">
         <name>.debug_info</name>
         <load_address>0x11854</load_address>
         <run_address>0x11854</run_address>
         <size>0xcf</size>
         <input_file_ref idref="fl-146"/>
      </object_component>
      <object_component id="oc-2fd">
         <name>.debug_info</name>
         <load_address>0x11923</load_address>
         <run_address>0x11923</run_address>
         <size>0x10f</size>
         <input_file_ref idref="fl-145"/>
      </object_component>
      <object_component id="oc-301">
         <name>.debug_info</name>
         <load_address>0x11a32</load_address>
         <run_address>0x11a32</run_address>
         <size>0x143</size>
         <input_file_ref idref="fl-153"/>
      </object_component>
      <object_component id="oc-307">
         <name>.debug_info</name>
         <load_address>0x11b75</load_address>
         <run_address>0x11b75</run_address>
         <size>0xaa</size>
         <input_file_ref idref="fl-14e"/>
      </object_component>
[...]
         <value>0x31c7</value>
         <object_component_ref idref="oc-1e5"/>
      </symbol>
      <symbol id="sm-24d">
         <name>UARTCharGetNonBlocking</name>
         <value>0x3193</value>
         <object_component_ref idref="oc-1df"/>
      </symbol>
      <symbol id="sm-24e">
         <name>UARTCharPut</name>
         <value>0x31fb</value>
         <object_component_ref idref="oc-1cd"/>
      </symbol>
      <symbol id="sm-24f">
         <name>UARTEnable</name>
         <value>0x3081</value>
         <object_component_ref idref="oc-2cf"/>
      </symbol>
      <symbol id="sm-250">
         <name>UARTIntClear</name>
         <value>0x3261</value>
         <object_component_ref idref="oc-1d9"/>
      </symbol>
      <symbol id="sm-251">
         <name>UARTIntStatus</name>
         <value>0x3205</value>
         <object_component_ref idref="oc-1d3"/>
      </symbol>
      <symbol id="sm-298">
         <name>TimerLoadSet</name>
         <value>0x3103</value>
         <object_component_ref idref="oc-180"/>
      </symbol>
      <symbol id="sm-299">
         <name>TimerDisable</name>
         <value>0x306d</value>
         <object_component_ref idref="oc-199"/>
      </symbol>
      <symbol id="sm-29a">
         <name>TimerUpdateMode</name>
         <value>0x2f47</value>
         <object_component_ref idref="oc-17a"/>
      </symbol>
      <symbol id="sm-29b">
         <name>TimerEnable</name>
         <value>0x3185</value>
         <object_component_ref idref="oc-186"/>
      </symbol>
      <symbol id="sm-29c">
         <name>TimerIntEnable</name>
         <value>0x321f</value>
         <object_component_ref idref="oc-174"/>
      </symbol>
      <symbol id="sm-29d">
         <name>TimerConfigure</name>
         <value>0x2ad5</value>
         <object_component_ref idref="oc-16e"/>
      </symbol>
      <symbol id="sm-29e">
         <name>TimerIntClear</name>
         <value>0x325d</value>
         <object_component_ref idref="oc-18d"/>
      </symbol>
      <symbol id="sm-2f9">
         <name>SysCtlClockSet</name>
         <value>0x24a1</value>
         <object_component_ref idref="oc-162"/>
      </symbol>
      <symbol id="sm-2fa">
         <name>SysCtlDelay</name>
         <value>0x323b</value>
         <object_component_ref idref="oc-18c"/>
      </symbol>
      <symbol id="sm-2fb">
         <name>SysCtlPeripheralEnable</name>
         <value>0x2e29</value>
         <object_component_ref idref="oc-de"/>
      </symbol>
      <symbol id="sm-2fc">
         <name>SysCtlClockGet</name>
         <value>0x217d</value>
         <object_component_ref idref="oc-168"/>
      </symbol>
      <symbol id="sm-34d">
         <name>IntPrioritySet</name>
         <value>0x2f71</value>
         <object_component_ref idref="oc-10e"/>
      </symbol>
      <symbol id="sm-34e">
         <name>IntEnable</name>
         <value>0x2a15</value>
         <object_component_ref idref="oc-114"/>
      </symbol>
      <symbol id="sm-34f">
         <name>IntDisable</name>
         <value>0x29b5</value>
         <object_component_ref idref="oc-193"/>
      </symbol>
      <symbol id="sm-350">
         <name>IntMasterEnable</name>
         <value>0x31f1</value>
         <object_component_ref idref="oc-81"/>
      </symbol>
      <symbol id="sm-389">
         <name>I2CMasterBusBusy</name>
         <value>0x320f</value>
         <object_component_ref idref="oc-a9"/>
      </symbol>
      <symbol id="sm-38a">
         <name>I2CMasterDataPut</name>
         <value>0x3259</value>
         <object_component_ref idref="oc-9d"/>
      </symbol>
      <symbol id="sm-38b">
         <name>I2CMasterInitExpClk</name>
         <value>0x2bd1</value>
         <object_component_ref idref="oc-1b1"/>
      </symbol>
      <symbol id="sm-38c">
         <name>I2CMasterSlaveAddrSet</name>
         <value>0x3217</value>
         <object_component_ref idref="oc-97"/>
      </symbol>
      <symbol id="sm-38d">
         <name>I2CMasterControl</name>
         <value>0x3255</value>
         <object_component_ref idref="oc-a3"/>
      </symbol>
      <symbol id="sm-38e">
         <name>I2CMasterEnable</name>
         <value>0x31e7</value>
         <object_component_ref idref="oc-2c0"/>
      </symbol>
      <symbol id="sm-406">
         <name>GPIOPinConfigure</name>
         <value>0x2b89</value>
         <object_component_ref idref="oc-19f"/>
      </symbol>
      <symbol id="sm-407">
         <name>GPIOPinTypeI2CSCL</name>
         <value>0x30df</value>
         <object_component_ref idref="oc-1a5"/>
      </symbol>
      <symbol id="sm-408">
         <name>GPIOIntEnable</name>
         <value>0x31bb</value>
         <object_component_ref idref="oc-15c"/>
      </symbol>
      <symbol id="sm-409">
         <name>GPIOPinTypeI2C</name>
         <value>0x30cd</value>
         <object_component_ref idref="oc-1ab"/>
      </symbol>
      <symbol id="sm-40a">
         <name>GPIOIntTypeSet</name>
         <value>0x2b31</value>
         <object_component_ref idref="oc-156"/>
      </symbol>
      <symbol id="sm-40b">
         <name>GPIOPinTypeGPIOInput</name>
         <value>0x30bb</value>
         <object_component_ref idref="oc-138"/>
      </symbol>
      <symbol id="sm-40c">
         <name>GPIOPinTypeUART</name>
         <value>0x30f1</value>
         <object_component_ref idref="oc-1bb"/>
      </symbol>
      <symbol id="sm-40d">
         <name>GPIOPinTypeGPIOOutput</name>
         <value>0x3023</value>
         <object_component_ref idref="oc-13e"/>
      </symbol>
      <symbol id="sm-40e">
         <name>GPIOPinRead</name>
         <value>0x322f</value>
         <object_component_ref idref="oc-14a"/>
      </symbol>
      <symbol id="sm-40f">
         <name>GPIODirModeSet</name>
         <value>0x2f1d</value>
         <object_component_ref idref="oc-297"/>
      </symbol>
      <symbol id="sm-410">
         <name>GPIOPinWrite</name>
         <value>0x3235</value>
         <object_component_ref idref="oc-144"/>
      </symbol>
      <symbol id="sm-411">
         <name>GPIOPadConfigSet</name>
         <value>0x204d</value>
         <object_component_ref idref="oc-29d"/>
      </symbol>
      <symbol id="sm-427">
         <name>FPULazyStackingEnable</name>
         <value>0x3159</value>
         <object_component_ref idref="oc-7b"/>
      </symbol>
      <symbol id="sm-428">
         <name>FPUEnable</name>
         <value>0x3149</value>
         <object_component_ref idref="oc-75"/>
      </symbol>
      <symbol id="sm-432">
         <name>CPUcpsie</name>
         <value>0x31af</value>
         <object_component_ref idref="oc-220"/>
      </symbol>
      <symbol id="sm-4bb">
         <name>ADCComparatorIntEnable</name>
         <value>0x3127</value>
         <object_component_ref idref="oc-108"/>
      </symbol>
      <symbol id="sm-4bc">
         <name>ADCProcessorTrigger</name>
         <value>0x3055</value>
         <object_component_ref idref="oc-120"/>
      </symbol>
      <symbol id="sm-4bd">
         <name>ADCComparatorIntClear</name>
         <value>0x324d</value>
         <object_component_ref idref="oc-cc"/>
      </symbol>
      <symbol id="sm-4be">
         <name>ADCComparatorConfigure</name>
         <value>0x31d3</value>
         <object_component_ref idref="oc-fc"/>
      </symbol>
      <symbol id="sm-4bf">
         <name>ADCComparatorIntStatus</name>
         <value>0x3251</value>
         <object_component_ref idref="oc-c6"/>
      </symbol>
      <symbol id="sm-4c0">
         <name>ADCComparatorRegionSet</name>
         <value>0x3169</value>
         <object_component_ref idref="oc-f6"/>
      </symbol>
      <symbol id="sm-4c1">
         <name>ADCSequenceEnable</name>
         <value>0x3177</value>
         <object_component_ref idref="oc-11a"/>
      </symbol>
      <symbol id="sm-4c2">
         <name>ADCSequenceConfigure</name>
         <value>0x2db1</value>
         <object_component_ref idref="oc-e4"/>
      </symbol>
      <symbol id="sm-4c3">
         <name>ADCIntEnable</name>
         <value>0x3137</value>
         <object_component_ref idref="oc-126"/>
      </symbol>
      <symbol id="sm-4c4">
         <name>ADCComparatorReset</name>
         <value>0x2f95</value>
         <object_component_ref idref="oc-102"/>
      </symbol>
      <symbol id="sm-4c5">
         <name>ADCSequenceStepConfigure</name>
         <value>0x28cf</value>
         <object_component_ref idref="oc-f0"/>
      </symbol>
      <symbol id="sm-4c6">
         <name>ADCIntClear</name>
         <value>0x31dd</value>
         <object_component_ref idref="oc-d2"/>
      </symbol>
      <symbol id="sm-4c7">
         <name>ADCHardwareOversampleConfigure</name>
         <value>0x30a9</value>
         <object_component_ref idref="oc-ea"/>
      </symbol>
      <symbol id="sm-4c8">
         <name>ADCSequenceDataGet</name>
         <value>0x2fb3</value>
         <object_component_ref idref="oc-d8"/>
      </symbol>
      <symbol id="sm-4d8">
         <name>_c_int00</name>
         <value>0x2c19</value>
         <object_component_ref idref="oc-11"/>
      </symbol>
      <symbol id="sm-4d9">
         <name>__stack</name>
         <value>0x20000778</value>
         <object_component_ref idref="oc-28"/>
      </symbol>
      <symbol id="sm-4f0">
         <name>__TI_decompress_none</name>
         <value>0x31a1</value>
         <object_component_ref idref="oc-16"/>
      </symbol>
      <symbol id="sm-514">
         <name>__TI_decompress_rle24</name>
         <value>0x3247</value>
         <object_component_ref idref="oc-22"/>
      </symbol>
      <symbol id="sm-52d">
         <name>__TI_zero_init</name>
         <value>0x3115</value>
         <object_component_ref idref="oc-1c"/>
      </symbol>
      <symbol id="sm-54c">
         <name>C$$EXIT</name>
         <value>0x2ced</value>
         <object_component_ref idref="oc-4a"/>
      </symbol>
      <symbol id="sm-54d">
         <name>abort</name>
         <value>0x2cf1</value>
         <object_component_ref idref="oc-4a"/>
      </symbol>
      <symbol id="sm-54e">
         <name>exit</name>
         <value>0x2cf9</value>
         <object_component_ref idref="oc-4a"/>
      </symbol>
      <symbol id="sm-54f">
         <name>__TI_dtors_ptr</name>
         <value>0x20000b40</value>
         <object_component_ref idref="oc-204"/>
      </symbol>
      <symbol id="sm-550">
         <name>__TI_cleanup_ptr</name>
         <value>0x20000b3c</value>
         <object_component_ref idref="oc-204"/>
      </symbol>
      <symbol id="sm-55a">
         <name>__aeabi_d2iz</name>
         <value>0x2c61</value>
         <object_component_ref idref="oc-92"/>
      </symbol>
      <symbol id="sm-564">
         <name>__aeabi_i2d</name>
         <value>0x2ec1</value>
         <object_component_ref idref="oc-87"/>
      </symbol>
      <symbol id="sm-57f">
         <name>memcpy</name>
         <value>0x2719</value>
         <object_component_ref idref="oc-54"/>
      </symbol>
      <symbol id="sm-580">
         <name>__aeabi_memcpy</name>
         <value>0x2719</value>
         <object_component_ref idref="oc-54"/>
      </symbol>
      <symbol id="sm-581">
         <name>__aeabi_memcpy8</name>
         <value>0x2719</value>
         <object_component_ref idref="oc-54"/>
      </symbol>
      <symbol id="sm-582">
         <name>__aeabi_memcpy4</name>
         <value>0x2719</value>
         <object_component_ref idref="oc-54"/>
      </symbol>
      <symbol id="sm-5d4">
         <name>pow</name>
         <value>0x1191</value>
         <object_component_ref idref="oc-8c"/>
      </symbol>
      <symbol id="sm-5dc">
         <name>main_func_sp</name>
         <value>0x20000b50</value>
         <object_component_ref idref="oc-50"/>
      </symbol>
      <symbol id="sm-5f9">
         <name>_Dint</name>
         <value>0x2591</value>
         <object_component_ref idref="oc-233"/>
      </symbol>
      <symbol id="sm-60d">
         <name>_Dunscale</name>
         <value>0x294f</value>
         <object_component_ref idref="oc-22d"/>
      </symbol>
      <symbol id="sm-63f">
         <name>_Exp</name>
         <value>0x1b65</value>
         <object_component_ref idref="oc-259"/>
      </symbol>
      <symbol id="sm-64e">
         <name>_Feraise</name>
         <value>0x2e91</value>
         <object_component_ref idref="oc-23e"/>
      </symbol>
      <symbol id="sm-65e">
         <name>_Rteps</name>
         <value>0x20000a88</value>
         <object_component_ref idref="oc-25f"/>
      </symbol>
      <symbol id="sm-65f">
         <name>_Zero</name>
         <value>0x20000aa0</value>
         <object_component_ref idref="oc-25f"/>
      </symbol>
      <symbol id="sm-660">
         <name>_Hugeval</name>
         <value>0x20000a48</value>
         <object_component_ref idref="oc-25f"/>
      </symbol>
      <symbol id="sm-661">
         <name>_Snan</name>
         <value>0x20000a78</value>
         <object_component_ref idref="oc-25f"/>
      </symbol>
      <symbol id="sm-662">
         <name>_Nan</name>
         <value>0x20000a68</value>
         <object_component_ref idref="oc-25f"/>
      </symbol>
      <symbol id="sm-663">
         <name>_Inf</name>
         <value>0x20000a58</value>
         <object_component_ref idref="oc-25f"/>
      </symbol>
      <symbol id="sm-664">
         <name>_Xbig</name>
         <value>0x20000a98</value>
         <object_component_ref idref="oc-25f"/>
      </symbol>
      <symbol id="sm-665">
         <name>_Eps</name>
         <value>0x20000a38</value>
         <object_component_ref idref="oc-25f"/>
      </symbol>
      <symbol id="sm-666">
         <name>_Denorm</name>
         <value>0x20000a28</value>
         <object_component_ref idref="oc-25f"/>
      </symbol>
      <symbol id="sm-67f">
         <name>_nop</name>
         <value>0x30a3</value>
         <object_component_ref idref="oc-2e4"/>
      </symbol>
      <symbol id="sm-680">
         <name>_lock</name>
         <value>0x20000b34</value>
         <object_component_ref idref="oc-201"/>
      </symbol>
      <symbol id="sm-681">
         <name>_unlock</name>
         <value>0x20000b38</value>
         <object_component_ref idref="oc-201"/>
      </symbol>
      <symbol id="sm-682">
         <name>_register_lock</name>
         <value>0x309b</value>
         <object_component_ref idref="oc-2e4"/>
      </symbol>
      <symbol id="sm-683">
         <name>_register_unlock</name>
         <value>0x3095</value>
         <object_component_ref idref="oc-2e4"/>
      </symbol>
      <symbol id="sm-697">
         <name>_args_main</name>
         <value>0x303d</value>
         <object_component_ref idref="oc-44"/>
      </symbol>
      <symbol id="sm-6b4">
         <name>__TI_auto_init</name>
         <value>0x27b5</value>
         <object_component_ref idref="oc-3f"/>
      </symbol>
      <symbol id="sm-6cd">
         <name>copy_in</name>
         <value>0x2ca9</value>
         <object_component_ref idref="oc-1f8"/>
      </symbol>
      <symbol id="sm-6d5">
         <name>_Errno</name>
         <value>0x20000b4c</value>
         <object_component_ref idref="oc-306"/>
      </symbol>
      <symbol id="sm-6ec">
         <name>__aeabi_dsub</name>
         <value>0x1d61</value>
         <object_component_ref idref="oc-244"/>
      </symbol>
      <symbol id="sm-6ed">
         <name>__aeabi_dadd</name>
         <value>0x1d6b</value>
         <object_component_ref idref="oc-244"/>
      </symbol>
      <symbol id="sm-6ff">
         <name>__aeabi_cdcmpeq</name>
         <value>0x2849</value>
         <object_component_ref idref="oc-239"/>
      </symbol>
      <symbol id="sm-700">
         <name>__aeabi_cdcmple</name>
         <value>0x2849</value>
         <object_component_ref idref="oc-239"/>
      </symbol>
      <symbol id="sm-714">
         <name>__aeabi_ddiv</name>
         <value>0x1f17</value>
         <object_component_ref idref="oc-254"/>
      </symbol>
      <symbol id="sm-71f">
         <name>__aeabi_dmul</name>
         <value>0x23a5</value>
         <object_component_ref idref="oc-249"/>
      </symbol>
      <symbol id="sm-73d">
         <name>feraiseexcept</name>
         <value>0x2e5d</value>
         <object_component_ref idref="oc-300"/>
      </symbol>
      <symbol id="sm-73e">
         <name>_Tls_setup__Fenv</name>
         <value>0x20000b48</value>
         <object_component_ref idref="oc-360"/>
      </symbol>
      <symbol id="sm-73f">
         <name>_Fenv</name>
         <value>0x20000b44</value>
         <object_component_ref idref="oc-360"/>
      </symbol>
      <symbol id="sm-74c">
         <name>log</name>
         <value>0x3009</value>
         <object_component_ref idref="oc-24e"/>
      </symbol>
      <symbol id="sm-760">
         <name>raise</name>
         <value>0x2eef</value>
         <object_component_ref idref="oc-35a"/>
      </symbol>
      <symbol id="sm-77a">
         <name>signal</name>
         <value>0x2d71</value>
         <object_component_ref idref="oc-37d"/>
      </symbol>
      <symbol id="sm-78f">
         <name>_Dnorm</name>
         <value>0x2655</value>
         <object_component_ref idref="oc-2f3"/>
      </symbol>
      <symbol id="sm-7aa">
         <name>_Dscale</name>
         <value>0x2295</value>
         <object_component_ref idref="oc-315"/>
      </symbol>
      <symbol id="sm-7da">
         <name>_Log</name>
         <value>0x1639</value>
         <object_component_ref idref="oc-30c"/>
      </symbol>
      <symbol id="sm-7e5">
         <name>__aeabi_f2d</name>
         <value>0x2def</value>
         <object_component_ref idref="oc-366"/>
      </symbol>
      <symbol id="sm-7f4">
         <name>_FZero</name>
         <value>0x20000b0c</value>
         <object_component_ref idref="oc-36b"/>
      </symbol>
      <symbol id="sm-7f5">
         <name>_FRteps</name>
         <value>0x20000af8</value>
         <object_component_ref idref="oc-36b"/>
      </symbol>
      <symbol id="sm-7f6">
         <name>_FSnan</name>
         <value>0x20000ae8</value>
         <object_component_ref idref="oc-36b"/>
      </symbol>
      <symbol id="sm-7f7">
         <name>_FNan</name>
         <value>0x20000ad8</value>
         <object_component_ref idref="oc-36b"/>
      </symbol>
      <symbol id="sm-7f8">
         <name>_FInf</name>
         <value>0x20000ac8</value>
         <object_component_ref idref="oc-36b"/>
      </symbol>
      <symbol id="sm-7f9">
         <name>_FEps</name>
         <value>0x20000ab8</value>
         <object_component_ref idref="oc-36b"/>
      </symbol>
      <symbol id="sm-7fa">
         <name>_FXbig</name>
         <value>0x20000b08</value>
         <object_component_ref idref="oc-36b"/>
      </symbol>
      <symbol id="sm-7fb">
         <name>_FDenorm</name>
         <value>0x20000aa8</value>
         <object_component_ref idref="oc-36b"/>
      </symbol>
      <symbol id="sm-7fc">
         <name>__TI_static_base__</name>
         <value>0x0</value>
      </symbol>
      <symbol id="sm-7fd">
         <name>__TI_args_main</name>
         <value>0x1</value>
      </symbol>
      <symbol id="sm-7fe">
         <name>SHT$$INIT_ARRAY$$Limit</name>
         <value>0x0</value>
      </symbol>
      <symbol id="sm-7ff">
         <name>SHT$$INIT_ARRAY$$Base</name>
         <value>0x0</value>
      </symbol>
   </symbol_table>
   <title>Link successful</title>
</link_info>
