******************************************************************************
                  TI ARM Linker PC v5.2.4                      
******************************************************************************
>> Linked Sun May 31 03:46:56 2015

OUTPUT FILE NAME:   <MATRIX.out>
ENTRY POINT SYMBOL: "_c_int00"  address: 000029f1


MEMORY CONFIGURATION

         name            origin    length      used     unused   attr    fill
----------------------  --------  ---------  --------  --------  ----  --------
  FLASH                 00000000   00040000  00003428  0003cbd8  R  X
  SRAM                  20000000   00008000  00000434  00007bcc  RW X


SEGMENT ALLOCATION MAP

run origin  load origin   length   init length attrs members
----------  ----------- ---------- ----------- ----- -------
00000000    00000000    00003428   00003428    r-x
  00000000    00000000    0000026c   0000026c    r-- .intvecs
  0000026c    0000026c    00002e64   00002e64    r-x .text
  000030d0    000030d0    000002b8   000002b8    r-- .const
  00003388    00003388    000000a0   000000a0    r-- .cinit
20000000    20000000    00000434   00000000    rw-
  20000000    20000000    00000200   00000000    rw- .stack
  20000200    20000200    000001d4   00000000    rw- .data
  200003d4    200003d4    00000060   00000000    rw- .bss


SECTION ALLOCATION MAP

 output                                  attributes/
section   page    origin      length       input sections
--------  ----  ----------  ----------   ----------------
.intvecs   0    00000000    0000026c     
                  00000000    0000026c     tm4c123gh6pm_startup_ccs.obj (.intvecs)

.text      0    0000026c    00002e64     
                  0000026c    00000f24     miLibreria.obj (.text)
                  00001190    00000498     rtsv7M4_T_le_v4SPD16_eabi.lib : pow.obj (.text)
                  00001628    000002ec                                   : xlog.obj (.text)
                  00001914    000001fc                                   : xexp.obj (.text)
                  00001b10    000001b6                                   : fd_add_t2.obj (.text)
                  00001cc6    00000136                                   : fd_div_t2.obj (.text)
                  00001dfc    00000130     driverlib.lib : gpio.obj (.text:GPIOPadConfigSet)
                  00001f2c    00000118                   : sysctl.obj (.text:SysCtlClockGet)
                  00002044    00000110     rtsv7M4_T_le_v4SPD16_eabi.lib : xdscale.obj (.text)
                  00002154    000000fc                                   : fd_mul_t2.obj (.text)
                  00002250    000000f0     driverlib.lib : sysctl.obj (.text:SysCtlClockSet)
                  00002340    000000c0     rtsv7M4_T_le_v4SPD16_eabi.lib : xdint.obj (.text)
                  00002400    000000be                                   : xdnorm.obj (.text)
                  000024be    0000009c                                   : memcpy_t2.obj (.text)
                  0000255a    00000086                                   : fd_cmp_t2.obj (.text:__aeabi_cdcmple)
                  000025e0    00000080     driverlib.lib : adc.obj (.text:ADCSequenceStepConfigure)
                  00002660    0000007a     rtsv7M4_T_le_v4SPD16_eabi.lib : memset_t2.obj (.text)
                  000026da    00000002     --HOLE-- [fill = 0]
                  000026dc    0000006c                                   : autoinit.obj (.text)
                  00002748    0000006a                                   : copy_decompress_rle.obj (.text)
                  000027b2    00000066                                   : xdunscal.obj (.text)
                  00002818    00000064     colores.obj (.text)
                  0000287c    00000060     driverlib.lib : interrupt.obj (.text:IntDisable)
                  000028dc    00000060                   : interrupt.obj (.text:IntEnable)
                  0000293c    0000005c                   : timer.obj (.text:TimerConfigure)
                  00002998    00000056                   : gpio.obj (.text:GPIOIntTypeSet)
                  000029ee    00000002     --HOLE-- [fill = 0]
                  000029f0    00000050     rtsv7M4_T_le_v4SPD16_eabi.lib : boot.obj (.text)
                  00002a40    0000004c                                   : cpy_tbl.obj (.text)
                  00002a8c    00000048     driverlib.lib : gpio.obj (.text:GPIOPinConfigure)
                  00002ad4    00000048                   : i2c.obj (.text:I2CMasterInitExpClk)
                  00002b1c    00000048     rtsv7M4_T_le_v4SPD16_eabi.lib : fd_toi_t2.obj (.text)
                  00002b64    00000044                                   : exit.obj (.text)
                  00002ba8    00000040     driverlib.lib : uart.obj (.text:UARTConfigSetExpClk)
                  00002be8    00000040     rtsv7M4_T_le_v4SPD16_eabi.lib : signal.obj (.text)
                  00002c28    0000003e     driverlib.lib : adc.obj (.text:ADCSequenceConfigure)
                  00002c66    00000038     rtsv7M4_T_le_v4SPD16_eabi.lib : fs_tod_t2.obj (.text)
                  00002c9e    00000002     --HOLE-- [fill = 0]
                  00002ca0    00000034     driverlib.lib : sysctl.obj (.text:SysCtlPeripheralEnable)
                  00002cd4    00000034     rtsv7M4_T_le_v4SPD16_eabi.lib : feraiseexcept.obj (.text)
                  00002d08    00000030                                   : xferaise.obj (.text)
                  00002d38    0000002e                                   : i_tofd_t2.obj (.text)
                  00002d66    0000002e                                   : raise.obj (.text)
                  00002d94    0000002a     driverlib.lib : gpio.obj (.text:GPIODirModeSet)
                  00002dbe    00000028                   : timer.obj (.text:TimerUpdateMode)
                  00002de6    00000002     --HOLE-- [fill = 0]
                  00002de8    00000024                   : interrupt.obj (.text:IntPrioritySet)
                  00002e0c    0000001e                   : adc.obj (.text:ADCComparatorReset)
                  00002e2a    0000001e                   : adc.obj (.text:ADCSequenceDataGet)
                  00002e48    0000001c                   : uart.obj (.text:UARTDisable)
                  00002e64    0000001c     tm4c123gh6pm_startup_ccs.obj (.text)
                  00002e80    0000001a     rtsv7M4_T_le_v4SPD16_eabi.lib : log.obj (.text)
                  00002e9a    00000018     driverlib.lib : gpio.obj (.text:GPIOPinTypeGPIOOutput)
                  00002eb2    00000002     --HOLE-- [fill = 0]
                  00002eb4    00000018     rtsv7M4_T_le_v4SPD16_eabi.lib : args_main.obj (.text)
                  00002ecc    00000016     driverlib.lib : adc.obj (.text:ADCProcessorTrigger)
                  00002ee2    00000002     --HOLE-- [fill = 0]
                  00002ee4    00000014                   : timer.obj (.text:TimerDisable)
                  00002ef8    00000014                   : uart.obj (.text:UARTEnable)
                  00002f0c    00000014     rtsv7M4_T_le_v4SPD16_eabi.lib : _lock.obj (.text)
                  00002f20    00000012     driverlib.lib : adc.obj (.text:ADCHardwareOversampleConfigure)
                  00002f32    00000012                   : gpio.obj (.text:GPIOPinTypeGPIOInput)
                  00002f44    00000012                   : gpio.obj (.text:GPIOPinTypeI2C)
                  00002f56    00000012                   : gpio.obj (.text:GPIOPinTypeI2CSCL)
                  00002f68    00000012                   : gpio.obj (.text:GPIOPinTypeUART)
                  00002f7a    00000012                   : timer.obj (.text:TimerLoadSet)
                  00002f8c    00000010                   : adc.obj (.text:ADCComparatorIntEnable)
                  00002f9c    00000010                   : adc.obj (.text:ADCIntEnable)
                  00002fac    00000010                   : fpu.obj (.text:FPUEnable)
                  00002fbc    00000010                   : fpu.obj (.text:FPULazyStackingEnable)
                  00002fcc    0000000e                   : adc.obj (.text:ADCComparatorRegionSet)
                  00002fda    0000000e                   : adc.obj (.text:ADCSequenceEnable)
                  00002fe8    0000000e                   : timer.obj (.text:TimerEnable)
                  00002ff6    0000000e                   : uart.obj (.text:UARTCharGetNonBlocking)
                  00003004    0000000e     rtsv7M4_T_le_v4SPD16_eabi.lib : copy_decompress_none.obj (.text:decompress:none)
                  00003012    0000000c     driverlib.lib : cpu.obj (.text:CPUcpsie)
                  0000301e    0000000c                   : gpio.obj (.text:GPIOIntEnable)
                  0000302a    0000000c                   : uart.obj (.text:UARTCharsAvail)
                  00003036    0000000c     rtsv7M4_T_le_v4SPD16_eabi.lib : copy_zero_init.obj (.text:decompress:ZI)
                  00003042    0000000a     driverlib.lib : adc.obj (.text:ADCComparatorConfigure)
                  0000304c    0000000a                   : adc.obj (.text:ADCIntClear)
                  00003056    0000000a                   : i2c.obj (.text:I2CMasterEnable)
                  00003060    0000000a                   : interrupt.obj (.text:IntMasterEnable)
                  0000306a    0000000a                   : uart.obj (.text:UARTCharPut)
                  00003074    0000000a                   : uart.obj (.text:UARTIntStatus)
                  0000307e    00000008                   : i2c.obj (.text:I2CMasterSlaveAddrSet)
                  00003086    00000008                   : timer.obj (.text:TimerIntEnable)
                  0000308e    00000008                   : uart.obj (.text:UARTIntEnable)
                  00003096    00000006                   : gpio.obj (.text:GPIOPinRead)
                  0000309c    00000006                   : gpio.obj (.text:GPIOPinWrite)
                  000030a2    00000006                   : sysctl.obj (.text:SysCtlDelay)
                  000030a8    00000006                   : uart.obj (.text:UARTClockSourceGet)
                  000030ae    00000006     rtsv7M4_T_le_v4SPD16_eabi.lib : copy_decompress_rle.obj (.text:decompress:rle24)
                  000030b4    00000004     driverlib.lib : adc.obj (.text:ADCComparatorIntClear)
                  000030b8    00000004                   : adc.obj (.text:ADCComparatorIntStatus)
                  000030bc    00000004                   : i2c.obj (.text:I2CMasterControl)
                  000030c0    00000004                   : i2c.obj (.text:I2CMasterDataPut)
                  000030c4    00000004                   : timer.obj (.text:TimerIntClear)
                  000030c8    00000004                   : uart.obj (.text:UARTIntClear)
                  000030cc    00000004     rtsv7M4_T_le_v4SPD16_eabi.lib : pre_init.obj (.text)

.const     0    000030d0    000002b8     
                  000030d0    0000009c     driverlib.lib : interrupt.obj (.const:g_pui32Regs)
                  0000316c    00000090                   : gpio.obj (.const:g_pui32GPIOBaseAddrs)
                  000031fc    00000070                   : interrupt.obj (.const)
                  0000326c    0000006c                   : sysctl.obj (.const:g_pui32Xtals)
                  000032d8    00000048     rtsv7M4_T_le_v4SPD16_eabi.lib : xexp.obj (.const)
                  00003320    00000038                                   : xlog.obj (.const:p)
                  00003358    00000030                                   : xdint.obj (.const)

.cinit     0    00003388    000000a0     
                  00003388    00000077     (.cinit..data.load) [load image, compression = rle]
                  000033ff    00000001     --HOLE-- [fill = 0]
                  00003400    0000000c     (__TI_handler_table)
                  0000340c    00000004     --HOLE-- [fill = 0]
                  00003410    00000008     (.cinit..bss.load) [load image, compression = zero_init]
                  00003418    00000010     (__TI_cinit_table)

.init_array 
*          0    00000000    00000000     UNINITIALIZED

.stack     0    20000000    00000200     UNINITIALIZED
                  20000000    00000200     --HOLE--

.data      0    20000200    000001d4     UNINITIALIZED
                  20000200    000000b0     rtsv7M4_T_le_v4SPD16_eabi.lib : signal.obj (.data:sigtable)
                  200002b0    00000080                                   : xvalues.obj (.data)
                  20000330    00000068                                   : xfvalues.obj (.data)
                  20000398    00000010     miLibreria.obj (.data)
                  200003a8    0000000c     colores.obj (.data)
                  200003b4    00000008     rtsv7M4_T_le_v4SPD16_eabi.lib : _lock.obj (.data)
                  200003bc    00000008                                   : exit.obj (.data)
                  200003c4    00000008                                   : feraiseexcept.obj (.data)
                  200003cc    00000004                                   : errno.obj (.data)
                  200003d0    00000004                                   : stkdepth_vars.obj (.data)

.bss       0    200003d4    00000060     UNINITIALIZED
                  200003d4    00000020     (.common:ADC18CH)
                  200003f4    00000010     (.common:ADC14CH)
                  20000404    00000010     (.common:valor)
                  20000414    00000008     (.common:ADC12CH)
                  2000041c    00000004     (.common:ADC11CH)
                  20000420    00000004     (.common:frecuencia)
                  20000424    00000004     (.common:micros)
                  20000428    00000004     (.common:milis)
                  2000042c    00000004     (.common:wait)
                  20000430    00000002     (.common:canales)
                  20000432    00000002     (.common:secuencia)

.TI.persistent 
*          0    20000200    00000000     UNINITIALIZED

.TI.noinit 
*          0    200003d4    00000000     UNINITIALIZED


LINKER GENERATED COPY TABLES

__TI_cinit_table @ 00003418 records: 2, size/record: 8, table size: 16
	.data: load addr=00003388, load size=00000077 bytes, run addr=20000200, run size=000001d4 bytes, compression=rle
	.bss: load addr=00003410, load size=00000008 bytes, run addr=200003d4, run size=00000060 bytes, compression=zero_init


LINKER GENERATED HANDLER TABLE

__TI_handler_table @ 00003400 records: 3, size/record: 4, table size: 12
	index: 0, handler: __TI_decompress_rle24
	index: 1, handler: __TI_decompress_none
	index: 2, handler: __TI_zero_init


GLOBAL SYMBOLS: SORTED ALPHABETICALLY BY Name 

address   name                          
-------   ----                          
2000041c  ADC11CH                       
20000414  ADC12CH                       
200003f4  ADC14CH                       
200003d4  ADC18CH                       
0000042d  ADC1IntHandler                
00003043  ADCComparatorConfigure        
000030b5  ADCComparatorIntClear         
00002f8d  ADCComparatorIntEnable        
000030b9  ADCComparatorIntStatus        
00002fcd  ADCComparatorRegionSet        
00002e0d  ADCComparatorReset            
00002f21  ADCHardwareOversampleConfigure
0000304d  ADCIntClear                   
00002f9d  ADCIntEnable                  
00002ecd  ADCProcessorTrigger           
00002c29  ADCSequenceConfigure          
00002e2b  ADCSequenceDataGet            
00002fdb  ADCSequenceEnable             
000025e1  ADCSequenceStepConfigure      
200003b0  B                             
00002b65  C$$EXIT                       
00003013  CPUcpsie                      
0000281d  ComparadorHandler             
00002fad  FPUEnable                     
00002fbd  FPULazyStackingEnable         
200003ac  G                             
00002d95  GPIODirModeSet                
0000301f  GPIOIntEnable                 
00002999  GPIOIntTypeSet                
00001dfd  GPIOPadConfigSet              
00002a8d  GPIOPinConfigure              
00003097  GPIOPinRead                   
00002f33  GPIOPinTypeGPIOInput          
00002e9b  GPIOPinTypeGPIOOutput         
00002f45  GPIOPinTypeI2C                
00002f57  GPIOPinTypeI2CSCL             
00002f69  GPIOPinTypeUART               
0000309d  GPIOPinWrite                  
000030bd  I2CMasterControl              
000030c1  I2CMasterDataPut              
00003057  I2CMasterEnable               
00002ad5  I2CMasterInitExpClk           
0000307f  I2CMasterSlaveAddrSet         
0000287d  IntDisable                    
000028dd  IntEnable                     
00003061  IntMasterEnable               
00002de9  IntPrioritySet                
200003a8  R                             
00002e65  ResetISR                      
UNDEFED   SHT$$INIT_ARRAY$$Base         
UNDEFED   SHT$$INIT_ARRAY$$Limit        
00001f2d  SysCtlClockGet                
00002251  SysCtlClockSet                
000030a3  SysCtlDelay                   
00002ca1  SysCtlPeripheralEnable        
00000a3d  Timer0IntHandler              
0000293d  TimerConfigure                
00002ee5  TimerDisable                  
00002fe9  TimerEnable                   
000030c5  TimerIntClear                 
00003087  TimerIntEnable                
00002f7b  TimerLoadSet                  
00002dbf  TimerUpdateMode               
00002819  UART0IntHandler               
0000281b  UART1IntHandler               
00002ff7  UARTCharGetNonBlocking        
0000306b  UARTCharPut                   
0000302b  UARTCharsAvail                
000030a9  UARTClockSourceGet            
00002ba9  UARTConfigSetExpClk           
00002e49  UARTDisable                   
00002ef9  UARTEnable                    
000030c9  UARTIntClear                  
0000308f  UARTIntEnable                 
00003075  UARTIntStatus                 
00000d7f  UARTPrint                     
00000dd1  UARTPrintf                    
00000e65  UARTPrintfln                  
00000dfd  UARTPrintln                   
200002b0  _Denorm                       
00002341  _Dint                         
00002401  _Dnorm                        
00002045  _Dscale                       
000027b3  _Dunscale                     
200002c0  _Eps                          
200003cc  _Errno                        
00001915  _Exp                          
20000330  _FDenorm                      
20000340  _FEps                         
20000350  _FInf                         
20000360  _FNan                         
20000380  _FRteps                       
20000370  _FSnan                        
20000390  _FXbig                        
20000394  _FZero                        
200003c4  _Fenv                         
00002d09  _Feraise                      
200002d0  _Hugeval                      
200002e0  _Inf                          
00001629  _Log                          
200002f0  _Nan                          
20000310  _Rteps                        
20000300  _Snan                         
200003c8  _Tls_setup__Fenv              
20000320  _Xbig                         
20000328  _Zero                         
20000200  __STACK_END                   
00000200  __STACK_SIZE                  
20000200  __STACK_TOP                   
00003418  __TI_CINIT_Base               
00003428  __TI_CINIT_Limit              
00003400  __TI_Handler_Table_Base       
0000340c  __TI_Handler_Table_Limit      
000026dd  __TI_auto_init                
200003bc  __TI_cleanup_ptr              
00003005  __TI_decompress_none          
000030af  __TI_decompress_rle24         
200003c0  __TI_dtors_ptr                
00000000  __TI_static_base__            
00003037  __TI_zero_init                
0000255b  __aeabi_cdcmpeq               
0000255b  __aeabi_cdcmple               
00002b1d  __aeabi_d2iz                  
00001b1b  __aeabi_dadd                  
00001cc7  __aeabi_ddiv                  
00002155  __aeabi_dmul                  
00001b11  __aeabi_dsub                  
00002c67  __aeabi_f2d                   
00002d39  __aeabi_i2d                   
00002661  __aeabi_memclr                
00002661  __aeabi_memclr4               
00002661  __aeabi_memclr8               
000024bf  __aeabi_memcpy                
000024bf  __aeabi_memcpy4               
000024bf  __aeabi_memcpy8               
00002663  __aeabi_memset                
00002663  __aeabi_memset4               
00002663  __aeabi_memset8               
ffffffff  __binit__                     
ffffffff  __c_args__                    
20000000  __stack                       
00002eb5  _args_main                    
000029f1  _c_int00                      
200003b4  _lock                         
00002f1b  _nop                          
00002f13  _register_lock                
00002f0d  _register_unlock              
000030cd  _system_pre_init              
200003b8  _unlock                       
00002b69  abort                         
ffffffff  binit                         
20000430  canales                       
00000855  colorRBG                      
0000050d  configurarADCInt1CH           
00000591  configurarADCInt2CH           
00000601  configurarADCInt4CH           
00000699  configurarADCInt8CH           
000002a3  configurarComparador          
00000347  configurarComparadores        
0000086d  configurarInterrupcion        
00000779  configurarPuerto              
00000843  configurarRBG                 
000008f3  configurarReloj               
00000b4d  configurarUART                
00002a41  copy_in                       
000009f1  delay                         
00000a25  delay_us                      
00000ac9  enviarI2C_1CH                 
0000117d  error                         
00000813  escribirPuerto                
00002b71  exit                          
00002cd5  feraiseexcept                 
20000420  frecuencia                    
00000000  g_pfnVectors                  
000009c5  habilitarDelay                
00000a71  habilitarI2C_1CH              
00001021  int2str                       
200003a4  lecturaUART                   
000004a3  leerADCInt                    
0000028f  leerComparador                
0000082f  leerPuerto                    
00000f85  leerStr                       
00000ef9  leerUART                      
0000026d  limpiarComparador             
00000e99  limpiarUART                   
00002e81  log                           
0000281f  main                          
200003d0  main_func_sp                  
000024bf  memcpy                        
00002669  memset                        
20000424  micros                        
20000428  milis                         
200003a0  moduloI2C                     
00001191  pow                           
00002d67  raise                         
20000432  secuencia                     
00002be9  signal                        
000010b5  str2int                       
20000404  valor                         
2000042c  wait                          


GLOBAL SYMBOLS: SORTED BY Symbol Address 

address   name                          
-------   ----                          
00000000  __TI_static_base__            
00000000  g_pfnVectors                  
00000200  __STACK_SIZE                  
0000026d  limpiarComparador             
0000028f  leerComparador                
000002a3  configurarComparador          
00000347  configurarComparadores        
0000042d  ADC1IntHandler                
000004a3  leerADCInt                    
0000050d  configurarADCInt1CH           
00000591  configurarADCInt2CH           
00000601  configurarADCInt4CH           
00000699  configurarADCInt8CH           
00000779  configurarPuerto              
00000813  escribirPuerto                
0000082f  leerPuerto                    
00000843  configurarRBG                 
00000855  colorRBG                      
0000086d  configurarInterrupcion        
000008f3  configurarReloj               
000009c5  habilitarDelay                
000009f1  delay                         
00000a25  delay_us                      
00000a3d  Timer0IntHandler              
00000a71  habilitarI2C_1CH              
00000ac9  enviarI2C_1CH                 
00000b4d  configurarUART                
00000d7f  UARTPrint                     
00000dd1  UARTPrintf                    
00000dfd  UARTPrintln                   
00000e65  UARTPrintfln                  
00000e99  limpiarUART                   
00000ef9  leerUART                      
00000f85  leerStr                       
00001021  int2str                       
000010b5  str2int                       
0000117d  error                         
00001191  pow                           
00001629  _Log                          
00001915  _Exp                          
00001b11  __aeabi_dsub                  
00001b1b  __aeabi_dadd                  
00001cc7  __aeabi_ddiv                  
00001dfd  GPIOPadConfigSet              
00001f2d  SysCtlClockGet                
00002045  _Dscale                       
00002155  __aeabi_dmul                  
00002251  SysCtlClockSet                
00002341  _Dint                         
00002401  _Dnorm                        
000024bf  __aeabi_memcpy                
000024bf  __aeabi_memcpy4               
000024bf  __aeabi_memcpy8               
000024bf  memcpy                        
0000255b  __aeabi_cdcmpeq               
0000255b  __aeabi_cdcmple               
000025e1  ADCSequenceStepConfigure      
00002661  __aeabi_memclr                
00002661  __aeabi_memclr4               
00002661  __aeabi_memclr8               
00002663  __aeabi_memset                
00002663  __aeabi_memset4               
00002663  __aeabi_memset8               
00002669  memset                        
000026dd  __TI_auto_init                
000027b3  _Dunscale                     
00002819  UART0IntHandler               
0000281b  UART1IntHandler               
0000281d  ComparadorHandler             
0000281f  main                          
0000287d  IntDisable                    
000028dd  IntEnable                     
0000293d  TimerConfigure                
00002999  GPIOIntTypeSet                
000029f1  _c_int00                      
00002a41  copy_in                       
00002a8d  GPIOPinConfigure              
00002ad5  I2CMasterInitExpClk           
00002b1d  __aeabi_d2iz                  
00002b65  C$$EXIT                       
00002b69  abort                         
00002b71  exit                          
00002ba9  UARTConfigSetExpClk           
00002be9  signal                        
00002c29  ADCSequenceConfigure          
00002c67  __aeabi_f2d                   
00002ca1  SysCtlPeripheralEnable        
00002cd5  feraiseexcept                 
00002d09  _Feraise                      
00002d39  __aeabi_i2d                   
00002d67  raise                         
00002d95  GPIODirModeSet                
00002dbf  TimerUpdateMode               
00002de9  IntPrioritySet                
00002e0d  ADCComparatorReset            
00002e2b  ADCSequenceDataGet            
00002e49  UARTDisable                   
00002e65  ResetISR                      
00002e81  log                           
00002e9b  GPIOPinTypeGPIOOutput         
00002eb5  _args_main                    
00002ecd  ADCProcessorTrigger           
00002ee5  TimerDisable                  
00002ef9  UARTEnable                    
00002f0d  _register_unlock              
00002f13  _register_lock                
00002f1b  _nop                          
00002f21  ADCHardwareOversampleConfigure
00002f33  GPIOPinTypeGPIOInput          
00002f45  GPIOPinTypeI2C                
00002f57  GPIOPinTypeI2CSCL             
00002f69  GPIOPinTypeUART               
00002f7b  TimerLoadSet                  
00002f8d  ADCComparatorIntEnable        
00002f9d  ADCIntEnable                  
00002fad  FPUEnable                     
00002fbd  FPULazyStackingEnable         
00002fcd  ADCComparatorRegionSet        
00002fdb  ADCSequenceEnable             
00002fe9  TimerEnable                   
00002ff7  UARTCharGetNonBlocking        
00003005  __TI_decompress_none          
00003013  CPUcpsie                      
0000301f  GPIOIntEnable                 
0000302b  UARTCharsAvail                
00003037  __TI_zero_init                
00003043  ADCComparatorConfigure        
0000304d  ADCIntClear                   
00003057  I2CMasterEnable               
00003061  IntMasterEnable               
0000306b  UARTCharPut                   
00003075  UARTIntStatus                 
0000307f  I2CMasterSlaveAddrSet         
00003087  TimerIntEnable                
0000308f  UARTIntEnable                 
00003097  GPIOPinRead                   
0000309d  GPIOPinWrite                  
000030a3  SysCtlDelay                   
000030a9  UARTClockSourceGet            
000030af  __TI_decompress_rle24         
000030b5  ADCComparatorIntClear         
000030b9  ADCComparatorIntStatus        
000030bd  I2CMasterControl              
000030c1  I2CMasterDataPut              
000030c5  TimerIntClear                 
000030c9  UARTIntClear                  
000030cd  _system_pre_init              
00003400  __TI_Handler_Table_Base       
0000340c  __TI_Handler_Table_Limit      
00003418  __TI_CINIT_Base               
00003428  __TI_CINIT_Limit              
20000000  __stack                       
20000200  __STACK_END                   
20000200  __STACK_TOP                   
200002b0  _Denorm                       
200002c0  _Eps                          
200002d0  _Hugeval                      
200002e0  _Inf                          
200002f0  _Nan                          
20000300  _Snan                         
20000310  _Rteps                        
20000320  _Xbig                         
20000328  _Zero                         
20000330  _FDenorm                      
20000340  _FEps                         
20000350  _FInf                         
20000360  _FNan                         
20000370  _FSnan                        
20000380  _FRteps                       
20000390  _FXbig                        
20000394  _FZero                        
200003a0  moduloI2C                     
200003a4  lecturaUART                   
200003a8  R                             
200003ac  G                             
200003b0  B                             
200003b4  _lock                         
200003b8  _unlock                       
200003bc  __TI_cleanup_ptr              
200003c0  __TI_dtors_ptr                
200003c4  _Fenv                         
200003c8  _Tls_setup__Fenv              
200003cc  _Errno                        
200003d0  main_func_sp                  
200003d4  ADC18CH                       
200003f4  ADC14CH                       
20000404  valor                         
20000414  ADC12CH                       
2000041c  ADC11CH                       
20000420  frecuencia                    
20000424  micros                        
20000428  milis                         
2000042c  wait                          
20000430  canales                       
20000432  secuencia                     
ffffffff  __binit__                     
ffffffff  __c_args__                    
ffffffff  binit                         
UNDEFED   SHT$$INIT_ARRAY$$Base         
UNDEFED   SHT$$INIT_ARRAY$$Limit        

[200 symbols]
