******************************************************************************
                  TI ARM Linker PC v5.1.6                      
******************************************************************************
>> Linked Sat Oct 11 03:26:51 2014

OUTPUT FILE NAME:   <NUEVA_PRACTICA_TRES.out>
ENTRY POINT SYMBOL: "_c_int00"  address: 000014d9


MEMORY CONFIGURATION

         name            origin    length      used     unused   attr    fill
----------------------  --------  ---------  --------  --------  ----  --------
  FLASH                 00000000   00040000  00001bb8  0003e448  R  X
  SRAM                  20000000   00008000  000004e0  00007b20  RW X


SEGMENT ALLOCATION MAP

run origin  load origin   length   init length attrs members
----------  ----------- ---------- ----------- ----- -------
00000000    00000000    00001bb8   00001bb8    r-x
  00000000    00000000    0000026c   0000026c    r-- .intvecs
  0000026c    0000026c    000016e4   000016e4    r-x .text
  00001950    00001950    00000208   00000208    r-- .const
  00001b58    00001b58    00000060   00000060    r-- .cinit
20000000    20000000    000004e0   00000000    rw-
  20000000    20000000    0000026c   00000000    rw- .vtable
  2000026c    2000026c    00000200   00000000    rw- .stack
  2000046c    2000046c    00000054   00000000    rw- .data
  200004c0    200004c0    00000020   00000000    rw- .bss


SECTION ALLOCATION MAP

 output                                  attributes/
section   page    origin      length       input sections
--------  ----  ----------  ----------   ----------------
.intvecs   0    00000000    0000026c     
                  00000000    0000026c     tm4c123gh6pm_startup_ccs.obj (.intvecs)

.init_array 
*          0    00000000    00000000     UNINITIALIZED

.text      0    0000026c    000016e4     
                  0000026c    00000428     miUART.obj (.text)
                  00000694    00000240     main.obj (.text)
                  000008d4    0000020c     miADC.obj (.text)
                  00000ae0    00000180     miReloj.obj (.text)
                  00000c60    00000130     driverlib.lib : gpio.obj (.text:GPIOPadConfigSet)
                  00000d90    00000118                   : sysctl.obj (.text:SysCtlClockGet)
                  00000ea8    000000f8     miGPIO.obj (.text)
                  00000fa0    000000f0     driverlib.lib : sysctl.obj (.text:SysCtlClockSet)
                  00001090    0000009c     rtsv7M4_T_le_v4SPD16_eabi.lib : memcpy_t2.obj (.text)
                  0000112c    00000094                                   : auto_init.obj (.text)
                  000011c0    00000080     driverlib.lib : adc.obj (.text:ADCSequenceStepConfigure)
                  00001240    0000007c     miInterrupcion.obj (.text)
                  000012bc    00000060     driverlib.lib : interrupt.obj (.text:IntDisable)
                  0000131c    00000060                   : interrupt.obj (.text:IntEnable)
                  0000137c    0000005e     rtsv7M4_T_le_v4SPD16_eabi.lib : copy_decompress_rle.obj (.text)
                  000013da    00000002     --HOLE-- [fill = 0]
                  000013dc    0000005c     driverlib.lib : timer.obj (.text:TimerConfigure)
                  00001438    00000056                   : gpio.obj (.text:GPIOIntTypeSet)
                  0000148e    00000002     --HOLE-- [fill = 0]
                  00001490    00000048                   : gpio.obj (.text:GPIOPinConfigure)
                  000014d8    00000048     rtsv7M4_T_le_v4SPD16_eabi.lib : boot.obj (.text)
                  00001520    00000044                                   : cpy_tbl.obj (.text)
                  00001564    00000044                                   : exit.obj (.text)
                  000015a8    00000040     driverlib.lib : uart.obj (.text:UARTConfigSetExpClk)
                  000015e8    0000003e                   : adc.obj (.text:ADCSequenceConfigure)
                  00001626    00000002     --HOLE-- [fill = 0]
                  00001628    00000034                   : interrupt.obj (.text:IntRegister)
                  0000165c    00000034                   : sysctl.obj (.text:SysCtlPeripheralEnable)
                  00001690    0000002e                   : adc.obj (.text:ADCIntStatus)
                  000016be    0000002a                   : gpio.obj (.text:GPIODirModeSet)
                  000016e8    00000024                   : interrupt.obj (.text:IntPrioritySet)
                  0000170c    0000001e                   : adc.obj (.text:ADCComparatorReset)
                  0000172a    0000001e                   : adc.obj (.text:ADCSequenceDataGet)
                  00001748    0000001c                   : uart.obj (.text:UARTDisable)
                  00001764    0000001c     tm4c123gh6pm_startup_ccs.obj (.text)
                  00001780    00000018     driverlib.lib : gpio.obj (.text:GPIOPinTypeGPIOOutput)
                  00001798    00000018     rtsv7M4_T_le_v4SPD16_eabi.lib : args_main.obj (.text)
                  000017b0    00000016     driverlib.lib : adc.obj (.text:ADCProcessorTrigger)
                  000017c6    00000002     --HOLE-- [fill = 0]
                  000017c8    00000014                   : timer.obj (.text:TimerDisable)
                  000017dc    00000014                   : uart.obj (.text:UARTEnable)
                  000017f0    00000014     rtsv7M4_T_le_v4SPD16_eabi.lib : _lock.obj (.text)
                  00001804    00000012     driverlib.lib : gpio.obj (.text:GPIOPinTypeGPIOInput)
                  00001816    00000012                   : gpio.obj (.text:GPIOPinTypeUART)
                  00001828    00000012                   : timer.obj (.text:TimerLoadSet)
                  0000183a    00000012     rtsv7M4_T_le_v4SPD16_eabi.lib : copy_zero_init.obj (.text:decompress:ZI)
                  0000184c    00000010     driverlib.lib : adc.obj (.text:ADCComparatorIntEnable)
                  0000185c    0000000e                   : adc.obj (.text:ADCComparatorRegionSet)
                  0000186a    0000000e                   : adc.obj (.text:ADCSequenceEnable)
                  00001878    0000000e                   : timer.obj (.text:TimerEnable)
                  00001886    0000000e                   : uart.obj (.text:UARTCharGetNonBlocking)
                  00001894    0000000e                   : uart.obj (.text:UARTCharPutNonBlocking)
                  000018a2    0000000e     rtsv7M4_T_le_v4SPD16_eabi.lib : copy_decompress_none.obj (.text:decompress:none)
                  000018b0    0000000c     driverlib.lib : cpu.obj (.text:CPUcpsie)
                  000018bc    0000000c                   : gpio.obj (.text:GPIOIntEnable)
                  000018c8    0000000c                   : uart.obj (.text:UARTCharsAvail)
                  000018d4    0000000c                   : uart.obj (.text:UARTSpaceAvail)
                  000018e0    0000000a                   : adc.obj (.text:ADCComparatorConfigure)
                  000018ea    0000000a                   : adc.obj (.text:ADCIntClear)
                  000018f4    0000000a                   : interrupt.obj (.text:IntMasterEnable)
                  000018fe    0000000a                   : uart.obj (.text:UARTCharPut)
                  00001908    0000000a                   : uart.obj (.text:UARTIntStatus)
                  00001912    00000008                   : timer.obj (.text:TimerIntEnable)
                  0000191a    00000008                   : uart.obj (.text:UARTIntEnable)
                  00001922    00000006                   : gpio.obj (.text:GPIOPinRead)
                  00001928    00000006                   : gpio.obj (.text:GPIOPinWrite)
                  0000192e    00000006                   : sysctl.obj (.text:SysCtlDelay)
                  00001934    00000006                   : uart.obj (.text:UARTClockSourceSet)
                  0000193a    00000006     rtsv7M4_T_le_v4SPD16_eabi.lib : copy_decompress_rle.obj (.text:decompress:rle24)
                  00001940    00000004     driverlib.lib : adc.obj (.text:ADCComparatorIntClear)
                  00001944    00000004                   : adc.obj (.text:ADCComparatorIntStatus)
                  00001948    00000004                   : timer.obj (.text:TimerIntClear)
                  0000194c    00000004                   : uart.obj (.text:UARTIntClear)

.const     0    00001950    00000208     
                  00001950    0000009c     driverlib.lib : interrupt.obj (.const:g_pui32Regs)
                  000019ec    00000090                   : gpio.obj (.const:g_pui32GPIOBaseAddrs)
                  00001a7c    00000070                   : interrupt.obj (.const)
                  00001aec    0000006c                   : sysctl.obj (.const:g_pui32Xtals)

.cinit     0    00001b58    00000060     
                  00001b58    00000025     (.cinit..data.load) [load image, compression = rle]
                  00001b7d    00000003     --HOLE-- [fill = 0]
                  00001b80    0000000c     (__TI_handler_table)
                  00001b8c    00000004     --HOLE-- [fill = 0]
                  00001b90    00000008     (.cinit..bss.load) [load image, compression = zero_init]
                  00001b98    00000008     (.cinit..vtable.load) [load image, compression = zero_init]
                  00001ba0    00000018     (__TI_cinit_table)

.vtable    0    20000000    0000026c     UNINITIALIZED
                  20000000    0000026c     driverlib.lib : interrupt.obj (.vtable)

.stack     0    2000026c    00000200     UNINITIALIZED
                  2000026c    00000200     --HOLE--

.data      0    2000046c    00000054     UNINITIALIZED
                  2000046c    00000032     main.obj (.data)
                  2000049e    00000002     --HOLE--
                  200004a0    00000008     miADC.obj (.data)
                  200004a8    00000008     rtsv7M4_T_le_v4SPD16_eabi.lib : _lock.obj (.data)
                  200004b0    00000008                                   : exit.obj (.data)
                  200004b8    00000004     miUART.obj (.data)
                  200004bc    00000004     rtsv7M4_T_le_v4SPD16_eabi.lib : stkdepth_vars.obj (.data)

.bss       0    200004c0    00000020     UNINITIALIZED
                  200004c0    0000000c     (.common:dato)
                  200004cc    00000004     (.common:delay)
                  200004d0    00000004     (.common:flag)
                  200004d4    00000004     (.common:port)
                  200004d8    00000004     (.common:serialRead)
                  200004dc    00000004     (.common:ui32unsegundo)


LINKER GENERATED COPY TABLES

__TI_cinit_table @ 00001ba0 records: 3, size/record: 8, table size: 24
	.data: load addr=00001b58, load size=00000025 bytes, run addr=2000046c, run size=00000054 bytes, compression=rle
	.bss: load addr=00001b90, load size=00000008 bytes, run addr=200004c0, run size=00000020 bytes, compression=zero_init
	.vtable: load addr=00001b98, load size=00000008 bytes, run addr=20000000, run size=0000026c bytes, compression=zero_init


LINKER GENERATED HANDLER TABLE

__TI_handler_table @ 00001b80 records: 3, size/record: 4, table size: 12
	index: 0, handler: __TI_zero_init
	index: 1, handler: __TI_decompress_rle24
	index: 2, handler: __TI_decompress_none


GLOBAL SYMBOLS: SORTED ALPHABETICALLY BY Name 

address    name
--------   ----
000007e7   ADC0S3IntHandler
000018e1   ADCComparatorConfigure
00001941   ADCComparatorIntClear
0000184d   ADCComparatorIntEnable
00001945   ADCComparatorIntStatus
0000185d   ADCComparatorRegionSet
0000170d   ADCComparatorReset
000009f5   ADCInit
000018eb   ADCIntClear
00001691   ADCIntStatus
000017b1   ADCProcessorTrigger
000015e9   ADCSequenceConfigure
0000172b   ADCSequenceDataGet
0000186b   ADCSequenceEnable
000011c1   ADCSequenceStepConfigure
00000a77   ADCread
00001565   C$$EXIT
000018b1   CPUcpsie
000016bf   GPIODirModeSet
000018bd   GPIOIntEnable
00001439   GPIOIntTypeSet
00000c61   GPIOPadConfigSet
00001491   GPIOPinConfigure
00001923   GPIOPinRead
00001805   GPIOPinTypeGPIOInput
00001781   GPIOPinTypeGPIOOutput
00001817   GPIOPinTypeUART
00001929   GPIOPinWrite
000012bd   IntDisable
0000131d   IntEnable
000018f5   IntMasterEnable
000016e9   IntPrioritySet
00001629   IntRegister
00001765   ResetISR
UNDEFED    SHT$$INIT_ARRAY$$Base
UNDEFED    SHT$$INIT_ARRAY$$Limit
200004a0   Secuenciador
00000d91   SysCtlClockGet
00000fa1   SysCtlClockSet
0000192f   SysCtlDelay
0000165d   SysCtlPeripheralEnable
00000801   Timer0IntHandler
000013dd   TimerConfigure
000017c9   TimerDisable
00001879   TimerEnable
00001949   TimerIntClear
00001913   TimerIntEnable
00001829   TimerLoadSet
200004a4   Trigger
00000767   UART1IntHandler
00001887   UARTCharGetNonBlocking
000018ff   UARTCharPut
00001895   UARTCharPutNonBlocking
000018c9   UARTCharsAvail
00001935   UARTClockSourceSet
000015a9   UARTConfigSetExpClk
00001749   UARTDisable
000017dd   UARTEnable
0000194d   UARTIntClear
0000191b   UARTIntEnable
00001909   UARTIntStatus
0000049f   UARTPrint
000004fd   UARTPrintf
00000577   UARTPrintfln
0000050f   UARTPrintln
000018d5   UARTSpaceAvail
2000046c   __STACK_END
00000200   __STACK_SIZE
2000046c   __STACK_TOP
00001ba0   __TI_CINIT_Base
00001bb8   __TI_CINIT_Limit
00001b80   __TI_Handler_Table_Base
00001b8c   __TI_Handler_Table_Limit
00000001   __TI_args_main
0000112d   __TI_auto_init
200004b0   __TI_cleanup_ptr
000018a3   __TI_decompress_none
0000193b   __TI_decompress_rle24
200004b4   __TI_dtors_ptr
00000000   __TI_static_base__
0000183b   __TI_zero_init
00001091   __aeabi_memcpy
00001091   __aeabi_memcpy4
00001091   __aeabi_memcpy8
ffffffff   __binit__
ffffffff   __c_args__
2000026c   __stack
00001799   _args_main
000014d9   _c_int00
200004a8   _lock
000017ff   _nop
000017f7   _register_lock
000017f1   _register_unlock
200004ac   _unlock
00001569   abort
2000047c   adc
20000480   adc1
ffffffff   binit
00000f73   colorRBG
000008ff   configurarComparador
00001241   configurarInterrupcion
00000ea9   configurarPuerto
00000f61   configurarRBG
00000ae1   configurarReloj
0000026d   configurarUART
200004b8   conteoModulos
00001521   copy_in
20000488   cruce
200004c0   dato
200004cc   delay
00000bbf   delay_ms
00000be1   delay_s
00000c03   delay_us
20000470   digito
20000490   error
00000f35   escribirPuerto
20000494   estado
00001571   exit
2000048c   experimento
200004d0   flag
00000695   flash
20000000   g_pfnRAMVectors
00000000   g_pfnVectors
00000f4f   leerPuerto
00000621   leerUART
000008d5   limpiarComparador
000005cd   limpiarUART
00000821   main
200004bc   main_func_sp
00001091   memcpy
20000484   micros
20000498   milis
200004d4   port
2000046c   referencia
00000717   retrazo
200004d8   serialRead
000006b1   setReferencia
20000478   tempRef
20000474   temperatura
200004dc   ui32unsegundo
2000049c   wait


GLOBAL SYMBOLS: SORTED BY Symbol Address 

address    name
--------   ----
00000000   __TI_static_base__
00000000   g_pfnVectors
00000001   __TI_args_main
00000200   __STACK_SIZE
0000026d   configurarUART
0000049f   UARTPrint
000004fd   UARTPrintf
0000050f   UARTPrintln
00000577   UARTPrintfln
000005cd   limpiarUART
00000621   leerUART
00000695   flash
000006b1   setReferencia
00000717   retrazo
00000767   UART1IntHandler
000007e7   ADC0S3IntHandler
00000801   Timer0IntHandler
00000821   main
000008d5   limpiarComparador
000008ff   configurarComparador
000009f5   ADCInit
00000a77   ADCread
00000ae1   configurarReloj
00000bbf   delay_ms
00000be1   delay_s
00000c03   delay_us
00000c61   GPIOPadConfigSet
00000d91   SysCtlClockGet
00000ea9   configurarPuerto
00000f35   escribirPuerto
00000f4f   leerPuerto
00000f61   configurarRBG
00000f73   colorRBG
00000fa1   SysCtlClockSet
00001091   __aeabi_memcpy
00001091   __aeabi_memcpy4
00001091   __aeabi_memcpy8
00001091   memcpy
0000112d   __TI_auto_init
000011c1   ADCSequenceStepConfigure
00001241   configurarInterrupcion
000012bd   IntDisable
0000131d   IntEnable
000013dd   TimerConfigure
00001439   GPIOIntTypeSet
00001491   GPIOPinConfigure
000014d9   _c_int00
00001521   copy_in
00001565   C$$EXIT
00001569   abort
00001571   exit
000015a9   UARTConfigSetExpClk
000015e9   ADCSequenceConfigure
00001629   IntRegister
0000165d   SysCtlPeripheralEnable
00001691   ADCIntStatus
000016bf   GPIODirModeSet
000016e9   IntPrioritySet
0000170d   ADCComparatorReset
0000172b   ADCSequenceDataGet
00001749   UARTDisable
00001765   ResetISR
00001781   GPIOPinTypeGPIOOutput
00001799   _args_main
000017b1   ADCProcessorTrigger
000017c9   TimerDisable
000017dd   UARTEnable
000017f1   _register_unlock
000017f7   _register_lock
000017ff   _nop
00001805   GPIOPinTypeGPIOInput
00001817   GPIOPinTypeUART
00001829   TimerLoadSet
0000183b   __TI_zero_init
0000184d   ADCComparatorIntEnable
0000185d   ADCComparatorRegionSet
0000186b   ADCSequenceEnable
00001879   TimerEnable
00001887   UARTCharGetNonBlocking
00001895   UARTCharPutNonBlocking
000018a3   __TI_decompress_none
000018b1   CPUcpsie
000018bd   GPIOIntEnable
000018c9   UARTCharsAvail
000018d5   UARTSpaceAvail
000018e1   ADCComparatorConfigure
000018eb   ADCIntClear
000018f5   IntMasterEnable
000018ff   UARTCharPut
00001909   UARTIntStatus
00001913   TimerIntEnable
0000191b   UARTIntEnable
00001923   GPIOPinRead
00001929   GPIOPinWrite
0000192f   SysCtlDelay
00001935   UARTClockSourceSet
0000193b   __TI_decompress_rle24
00001941   ADCComparatorIntClear
00001945   ADCComparatorIntStatus
00001949   TimerIntClear
0000194d   UARTIntClear
00001b80   __TI_Handler_Table_Base
00001b8c   __TI_Handler_Table_Limit
00001ba0   __TI_CINIT_Base
00001bb8   __TI_CINIT_Limit
20000000   g_pfnRAMVectors
2000026c   __stack
2000046c   __STACK_END
2000046c   __STACK_TOP
2000046c   referencia
20000470   digito
20000474   temperatura
20000478   tempRef
2000047c   adc
20000480   adc1
20000484   micros
20000488   cruce
2000048c   experimento
20000490   error
20000494   estado
20000498   milis
2000049c   wait
200004a0   Secuenciador
200004a4   Trigger
200004a8   _lock
200004ac   _unlock
200004b0   __TI_cleanup_ptr
200004b4   __TI_dtors_ptr
200004b8   conteoModulos
200004bc   main_func_sp
200004c0   dato
200004cc   delay
200004d0   flag
200004d4   port
200004d8   serialRead
200004dc   ui32unsegundo
ffffffff   __binit__
ffffffff   __c_args__
ffffffff   binit
UNDEFED    SHT$$INIT_ARRAY$$Base
UNDEFED    SHT$$INIT_ARRAY$$Limit

[141 symbols]
