<?xml version="1.0"?>
<link_info>
   <banner>TI ARM Linker PC v5.1.6</banner>
   <copyright>Copyright (c) 1996-2014 Texas Instruments Incorporated</copyright>
   <link_time>0x5438e9cb</link_time>
   <link_errors>0x2</link_errors>
   <output_file>NUEVA_PRACTICA_TRES.out</output_file>
   <entry_point>
      <name>_c_int00</name>
      <address>0x14d9</address>
   </entry_point>
   <input_file_list>
      <input_file id="fl-2">
         <path>.\</path>
         <kind>object</kind>
         <file>main.obj</file>
         <name>main.obj</name>
      </input_file>
      <input_file id="fl-3">
         <path>.\</path>
         <kind>object</kind>
         <file>tm4c123gh6pm_startup_ccs.obj</file>
         <name>tm4c123gh6pm_startup_ccs.obj</name>
      </input_file>
      <input_file id="fl-4">
         <path>.\recursos\</path>
         <kind>object</kind>
         <file>miADC.obj</file>
         <name>miADC.obj</name>
      </input_file>
      <input_file id="fl-5">
         <path>.\recursos\</path>
         <kind>object</kind>
         <file>miGPIO.obj</file>
         <name>miGPIO.obj</name>
      </input_file>
      <input_file id="fl-6">
         <path>.\recursos\</path>
         <kind>object</kind>
         <file>miInterrupcion.obj</file>
         <name>miInterrupcion.obj</name>
      </input_file>
      <input_file id="fl-7">
         <path>.\recursos\</path>
         <kind>object</kind>
         <file>miLibreria.obj</file>
         <name>miLibreria.obj</name>
      </input_file>
      <input_file id="fl-8">
         <path>.\recursos\</path>
         <kind>object</kind>
         <file>miReloj.obj</file>
         <name>miReloj.obj</name>
      </input_file>
      <input_file id="fl-9">
         <path>.\recursos\</path>
         <kind>object</kind>
         <file>miUART.obj</file>
         <name>miUART.obj</name>
      </input_file>
      <input_file id="fl-e">
         <path>C:\ti\TivaWare_C_Series-2.1.0.12573\driverlib\ccs\Debug\</path>
         <kind>archive</kind>
         <file>driverlib.lib</file>
         <name>uart.obj</name>
      </input_file>
      <input_file id="fl-f">
         <path>C:\ti\TivaWare_C_Series-2.1.0.12573\driverlib\ccs\Debug\</path>
         <kind>archive</kind>
         <file>driverlib.lib</file>
         <name>timer.obj</name>
      </input_file>
      <input_file id="fl-10">
         <path>C:\ti\TivaWare_C_Series-2.1.0.12573\driverlib\ccs\Debug\</path>
         <kind>archive</kind>
         <file>driverlib.lib</file>
         <name>sysctl.obj</name>
      </input_file>
      <input_file id="fl-11">
         <path>C:\ti\TivaWare_C_Series-2.1.0.12573\driverlib\ccs\Debug\</path>
         <kind>archive</kind>
         <file>driverlib.lib</file>
         <name>interrupt.obj</name>
      </input_file>
      <input_file id="fl-12">
         <path>C:\ti\TivaWare_C_Series-2.1.0.12573\driverlib\ccs\Debug\</path>
         <kind>archive</kind>
         <file>driverlib.lib</file>
         <name>gpio.obj</name>
      </input_file>
      <input_file id="fl-13">
         <path>C:\ti\TivaWare_C_Series-2.1.0.12573\driverlib\ccs\Debug\</path>
         <kind>archive</kind>
         <file>driverlib.lib</file>
         <name>cpu.obj</name>
      </input_file>
      <input_file id="fl-14">
         <path>C:\ti\TivaWare_C_Series-2.1.0.12573\driverlib\ccs\Debug\</path>
         <kind>archive</kind>
         <file>driverlib.lib</file>
         <name>adc.obj</name>
      </input_file>
      <input_file id="fl-13e">
         <path>c:\ti\ccsv6\tools\compiler\arm_5.1.6\lib\</path>
         <kind>archive</kind>
         <file>rtsv7M4_T_le_v4SPD16_eabi.lib</file>
         <name>boot.obj</name>
      </input_file>
      <input_file id="fl-13f">
         <path>c:\ti\ccsv6\tools\compiler\arm_5.1.6\lib\</path>
         <kind>archive</kind>
         <file>rtsv7M4_T_le_v4SPD16_eabi.lib</file>
         <name>copy_decompress_none.obj</name>
      </input_file>
      <input_file id="fl-140">
         <path>c:\ti\ccsv6\tools\compiler\arm_5.1.6\lib\</path>
         <kind>archive</kind>
         <file>rtsv7M4_T_le_v4SPD16_eabi.lib</file>
         <name>copy_decompress_rle.obj</name>
      </input_file>
      <input_file id="fl-141">
         <path>c:\ti\ccsv6\tools\compiler\arm_5.1.6\lib\</path>
         <kind>archive</kind>
         <file>rtsv7M4_T_le_v4SPD16_eabi.lib</file>
         <name>copy_zero_init.obj</name>
      </input_file>
      <input_file id="fl-142">
         <path>c:\ti\ccsv6\tools\compiler\arm_5.1.6\lib\</path>
         <kind>archive</kind>
         <file>rtsv7M4_T_le_v4SPD16_eabi.lib</file>
         <name>exit.obj</name>
      </input_file>
      <input_file id="fl-143">
         <path>c:\ti\ccsv6\tools\compiler\arm_5.1.6\lib\</path>
         <kind>archive</kind>
         <file>rtsv7M4_T_le_v4SPD16_eabi.lib</file>
         <name>memcpy_t2.obj</name>
      </input_file>
      <input_file id="fl-144">
         <path>c:\ti\ccsv6\tools\compiler\arm_5.1.6\lib\</path>
         <kind>archive</kind>
         <file>rtsv7M4_T_le_v4SPD16_eabi.lib</file>
         <name>stkdepth_vars.obj</name>
      </input_file>
      <input_file id="fl-145">
         <path>c:\ti\ccsv6\tools\compiler\arm_5.1.6\lib\</path>
         <kind>archive</kind>
         <file>rtsv7M4_T_le_v4SPD16_eabi.lib</file>
         <name>_lock.obj</name>
      </input_file>
      <input_file id="fl-146">
         <path>c:\ti\ccsv6\tools\compiler\arm_5.1.6\lib\</path>
         <kind>archive</kind>
         <file>rtsv7M4_T_le_v4SPD16_eabi.lib</file>
         <name>args_main.obj</name>
      </input_file>
      <input_file id="fl-147">
         <path>c:\ti\ccsv6\tools\compiler\arm_5.1.6\lib\</path>
         <kind>archive</kind>
         <file>rtsv7M4_T_le_v4SPD16_eabi.lib</file>
         <name>auto_init.obj</name>
      </input_file>
      <input_file id="fl-148">
         <path>c:\ti\ccsv6\tools\compiler\arm_5.1.6\lib\</path>
         <kind>archive</kind>
         <file>rtsv7M4_T_le_v4SPD16_eabi.lib</file>
         <name>cpy_tbl.obj</name>
      </input_file>
   </input_file_list>
   <object_component_list>
      <object_component id="oc-e">
         <name>.intvecs</name>
         <load_address>0x0</load_address>
         <run_address>0x0</run_address>
         <size>0x26c</size>
         <input_file_ref idref="fl-3"/>
      </object_component>
      <object_component id="oc-a4">
         <name>.text</name>
         <load_address>0x26c</load_address>
         <run_address>0x26c</run_address>
         <size>0x428</size>
         <input_file_ref idref="fl-9"/>
      </object_component>
      <object_component id="oc-2f">
         <name>.text</name>
         <load_address>0x694</load_address>
         <run_address>0x694</run_address>
         <size>0x240</size>
         <input_file_ref idref="fl-2"/>
      </object_component>
      <object_component id="oc-b0">
         <name>.text</name>
         <load_address>0x8d4</load_address>
         <run_address>0x8d4</run_address>
         <size>0x20c</size>
         <input_file_ref idref="fl-4"/>
      </object_component>
      <object_component id="oc-74">
         <name>.text</name>
         <load_address>0xae0</load_address>
         <run_address>0xae0</run_address>
         <size>0x180</size>
         <input_file_ref idref="fl-8"/>
      </object_component>
      <object_component id="oc-234">
         <name>.text:GPIOPadConfigSet</name>
         <load_address>0xc60</load_address>
         <run_address>0xc60</run_address>
         <size>0x130</size>
         <input_file_ref idref="fl-12"/>
      </object_component>
      <object_component id="oc-12f">
         <name>.text:SysCtlClockGet</name>
         <load_address>0xd90</load_address>
         <run_address>0xd90</run_address>
         <size>0x118</size>
         <input_file_ref idref="fl-10"/>
      </object_component>
      <object_component id="oc-6d">
         <name>.text</name>
         <load_address>0xea8</load_address>
         <run_address>0xea8</run_address>
         <size>0xf8</size>
         <input_file_ref idref="fl-5"/>
      </object_component>
      <object_component id="oc-129">
         <name>.text:SysCtlClockSet</name>
         <load_address>0xfa0</load_address>
         <run_address>0xfa0</run_address>
         <size>0xf0</size>
         <input_file_ref idref="fl-10"/>
      </object_component>
      <object_component id="oc-4d">
         <name>.text</name>
         <load_address>0x1090</load_address>
         <run_address>0x1090</run_address>
         <size>0x9c</size>
         <input_file_ref idref="fl-143"/>
      </object_component>
      <object_component id="oc-38">
         <name>.text</name>
         <load_address>0x112c</load_address>
         <run_address>0x112c</run_address>
         <size>0x94</size>
         <input_file_ref idref="fl-147"/>
      </object_component>
      <object_component id="oc-1af">
         <name>.text:ADCSequenceStepConfigure</name>
         <load_address>0x11c0</load_address>
         <run_address>0x11c0</run_address>
         <size>0x80</size>
         <input_file_ref idref="fl-14"/>
      </object_component>
      <object_component id="oc-c8">
         <name>.text</name>
         <load_address>0x1240</load_address>
         <run_address>0x1240</run_address>
         <size>0x7c</size>
         <input_file_ref idref="fl-6"/>
      </object_component>
      <object_component id="oc-bc">
         <name>.text:IntDisable</name>
         <load_address>0x12bc</load_address>
         <run_address>0x12bc</run_address>
         <size>0x60</size>
         <input_file_ref idref="fl-11"/>
      </object_component>
      <object_component id="oc-98">
         <name>.text:IntEnable</name>
         <load_address>0x131c</load_address>
         <run_address>0x131c</run_address>
         <size>0x60</size>
         <input_file_ref idref="fl-11"/>
      </object_component>
      <object_component id="oc-60">
         <name>.text</name>
         <load_address>0x137c</load_address>
         <run_address>0x137c</run_address>
         <size>0x5e</size>
         <input_file_ref idref="fl-140"/>
      </object_component>
      <object_component id="oc-80">
         <name>.text:TimerConfigure</name>
         <load_address>0x13dc</load_address>
         <run_address>0x13dc</run_address>
         <size>0x5c</size>
         <input_file_ref idref="fl-f"/>
      </object_component>
      <object_component id="oc-205">
         <name>.text:GPIOIntTypeSet</name>
         <load_address>0x1438</load_address>
         <run_address>0x1438</run_address>
         <size>0x56</size>
         <input_file_ref idref="fl-12"/>
      </object_component>
      <object_component id="oc-158">
         <name>.text:GPIOPinConfigure</name>
         <load_address>0x1490</load_address>
         <run_address>0x1490</run_address>
         <size>0x48</size>
         <input_file_ref idref="fl-12"/>
      </object_component>
      <object_component id="oc-11">
         <name>.text</name>
         <load_address>0x14d8</load_address>
         <run_address>0x14d8</run_address>
         <size>0x48</size>
         <input_file_ref idref="fl-13e"/>
      </object_component>
      <object_component id="oc-ea">
         <name>.text</name>
         <load_address>0x1520</load_address>
         <run_address>0x1520</run_address>
         <size>0x44</size>
         <input_file_ref idref="fl-148"/>
      </object_component>
      <object_component id="oc-43">
         <name>.text</name>
         <load_address>0x1564</load_address>
         <run_address>0x1564</run_address>
         <size>0x44</size>
         <input_file_ref idref="fl-142"/>
      </object_component>
      <object_component id="oc-164">
         <name>.text:UARTConfigSetExpClk</name>
         <load_address>0x15a8</load_address>
         <run_address>0x15a8</run_address>
         <size>0x40</size>
         <input_file_ref idref="fl-e"/>
      </object_component>
      <object_component id="oc-1a9">
         <name>.text:ADCSequenceConfigure</name>
         <load_address>0x15e8</load_address>
         <run_address>0x15e8</run_address>
         <size>0x3e</size>
         <input_file_ref idref="fl-14"/>
      </object_component>
      <object_component id="oc-1ff">
         <name>.text:IntRegister</name>
         <load_address>0x1628</load_address>
         <run_address>0x1628</run_address>
         <size>0x34</size>
         <input_file_ref idref="fl-11"/>
      </object_component>
      <object_component id="oc-7a">
         <name>.text:SysCtlPeripheralEnable</name>
         <load_address>0x165c</load_address>
         <run_address>0x165c</run_address>
         <size>0x34</size>
         <input_file_ref idref="fl-10"/>
      </object_component>
      <object_component id="oc-1e5">
         <name>.text:ADCIntStatus</name>
         <load_address>0x1690</load_address>
         <run_address>0x1690</run_address>
         <size>0x2e</size>
         <input_file_ref idref="fl-14"/>
      </object_component>
      <object_component id="oc-22e">
         <name>.text:GPIODirModeSet</name>
         <load_address>0x16be</load_address>
         <run_address>0x16be</run_address>
         <size>0x2a</size>
         <input_file_ref idref="fl-12"/>
      </object_component>
      <object_component id="oc-1cd">
         <name>.text:IntPrioritySet</name>
         <load_address>0x16e8</load_address>
         <run_address>0x16e8</run_address>
         <size>0x24</size>
         <input_file_ref idref="fl-11"/>
      </object_component>
      <object_component id="oc-1c1">
         <name>.text:ADCComparatorReset</name>
         <load_address>0x170c</load_address>
         <run_address>0x170c</run_address>
         <size>0x1e</size>
         <input_file_ref idref="fl-14"/>
      </object_component>
      <object_component id="oc-1eb">
         <name>.text:ADCSequenceDataGet</name>
         <load_address>0x172a</load_address>
         <run_address>0x172a</run_address>
         <size>0x1e</size>
         <input_file_ref idref="fl-14"/>
      </object_component>
      <object_component id="oc-259">
         <name>.text:UARTDisable</name>
         <load_address>0x1748</load_address>
         <run_address>0x1748</run_address>
         <size>0x1c</size>
         <input_file_ref idref="fl-e"/>
      </object_component>
      <object_component id="oc-29">
         <name>.text</name>
         <load_address>0x1764</load_address>
         <run_address>0x1764</run_address>
         <size>0x1c</size>
         <input_file_ref idref="fl-3"/>
      </object_component>
      <object_component id="oc-116">
         <name>.text:GPIOPinTypeGPIOOutput</name>
         <load_address>0x1780</load_address>
         <run_address>0x1780</run_address>
         <size>0x18</size>
         <input_file_ref idref="fl-12"/>
      </object_component>
      <object_component id="oc-3d">
         <name>.text</name>
         <load_address>0x1798</load_address>
         <run_address>0x1798</run_address>
         <size>0x18</size>
         <input_file_ref idref="fl-146"/>
      </object_component>
      <object_component id="oc-1df">
         <name>.text:ADCProcessorTrigger</name>
         <load_address>0x17b0</load_address>
         <run_address>0x17b0</run_address>
         <size>0x16</size>
         <input_file_ref idref="fl-14"/>
      </object_component>
      <object_component id="oc-c2">
         <name>.text:TimerDisable</name>
         <load_address>0x17c8</load_address>
         <run_address>0x17c8</run_address>
         <size>0x14</size>
         <input_file_ref idref="fl-f"/>
      </object_component>
      <object_component id="oc-25f">
         <name>.text:UARTEnable</name>
         <load_address>0x17dc</load_address>
         <run_address>0x17dc</run_address>
         <size>0x14</size>
         <input_file_ref idref="fl-e"/>
      </object_component>
      <object_component id="oc-220">
         <name>.text</name>
         <load_address>0x17f0</load_address>
         <run_address>0x17f0</run_address>
         <size>0x14</size>
         <input_file_ref idref="fl-145"/>
      </object_component>
      <object_component id="oc-110">
         <name>.text:GPIOPinTypeGPIOInput</name>
         <load_address>0x1804</load_address>
         <run_address>0x1804</run_address>
         <size>0x12</size>
         <input_file_ref idref="fl-12"/>
      </object_component>
      <object_component id="oc-15e">
         <name>.text:GPIOPinTypeUART</name>
         <load_address>0x1816</load_address>
         <run_address>0x1816</run_address>
         <size>0x12</size>
         <input_file_ref idref="fl-12"/>
      </object_component>
      <object_component id="oc-86">
         <name>.text:TimerLoadSet</name>
         <load_address>0x1828</load_address>
         <run_address>0x1828</run_address>
         <size>0x12</size>
         <input_file_ref idref="fl-f"/>
      </object_component>
      <object_component id="oc-1c">
         <name>.text:decompress:ZI</name>
         <load_address>0x183a</load_address>
         <run_address>0x183a</run_address>
         <size>0x12</size>
         <input_file_ref idref="fl-141"/>
      </object_component>
      <object_component id="oc-1c7">
         <name>.text:ADCComparatorIntEnable</name>
         <load_address>0x184c</load_address>
         <run_address>0x184c</run_address>
         <size>0x10</size>
         <input_file_ref idref="fl-14"/>
      </object_component>
      <object_component id="oc-1b5">
         <name>.text:ADCComparatorRegionSet</name>
         <load_address>0x185c</load_address>
         <run_address>0x185c</run_address>
         <size>0xe</size>
         <input_file_ref idref="fl-14"/>
      </object_component>
      <object_component id="oc-1d3">
         <name>.text:ADCSequenceEnable</name>
         <load_address>0x186a</load_address>
         <run_address>0x186a</run_address>
         <size>0xe</size>
         <input_file_ref idref="fl-14"/>
      </object_component>
      <object_component id="oc-9e">
         <name>.text:TimerEnable</name>
         <load_address>0x1878</load_address>
         <run_address>0x1878</run_address>
         <size>0xe</size>
         <input_file_ref idref="fl-f"/>
      </object_component>
      <object_component id="oc-191">
         <name>.text:UARTCharGetNonBlocking</name>
         <load_address>0x1886</load_address>
         <run_address>0x1886</run_address>
         <size>0xe</size>
         <input_file_ref idref="fl-e"/>
      </object_component>
      <object_component id="oc-170">
         <name>.text:UARTCharPutNonBlocking</name>
         <load_address>0x1894</load_address>
         <run_address>0x1894</run_address>
         <size>0xe</size>
         <input_file_ref idref="fl-e"/>
      </object_component>
      <object_component id="oc-16">
         <name>.text:decompress:none</name>
         <load_address>0x18a2</load_address>
         <run_address>0x18a2</run_address>
         <size>0xe</size>
         <input_file_ref idref="fl-13f"/>
      </object_component>
      <object_component id="oc-146">
         <name>.text:CPUcpsie</name>
         <load_address>0x18b0</load_address>
         <run_address>0x18b0</run_address>
         <size>0xc</size>
         <input_file_ref idref="fl-13"/>
      </object_component>
      <object_component id="oc-20b">
         <name>.text:GPIOIntEnable</name>
         <load_address>0x18bc</load_address>
         <run_address>0x18bc</run_address>
         <size>0xc</size>
         <input_file_ref idref="fl-12"/>
      </object_component>
      <object_component id="oc-aa">
         <name>.text:UARTCharsAvail</name>
         <load_address>0x18c8</load_address>
         <run_address>0x18c8</run_address>
         <size>0xc</size>
         <input_file_ref idref="fl-e"/>
      </object_component>
      <object_component id="oc-176">
         <name>.text:UARTSpaceAvail</name>
         <load_address>0x18d4</load_address>
         <run_address>0x18d4</run_address>
         <size>0xc</size>
         <input_file_ref idref="fl-e"/>
      </object_component>
      <object_component id="oc-1bb">
         <name>.text:ADCComparatorConfigure</name>
         <load_address>0x18e0</load_address>
         <run_address>0x18e0</run_address>
         <size>0xa</size>
         <input_file_ref idref="fl-14"/>
      </object_component>
      <object_component id="oc-1d9">
         <name>.text:ADCIntClear</name>
         <load_address>0x18ea</load_address>
         <run_address>0x18ea</run_address>
         <size>0xa</size>
         <input_file_ref idref="fl-14"/>
      </object_component>
      <object_component id="oc-92">
         <name>.text:IntMasterEnable</name>
         <load_address>0x18f4</load_address>
         <run_address>0x18f4</run_address>
         <size>0xa</size>
         <input_file_ref idref="fl-11"/>
      </object_component>
      <object_component id="oc-17c">
         <name>.text:UARTCharPut</name>
         <load_address>0x18fe</load_address>
         <run_address>0x18fe</run_address>
         <size>0xa</size>
         <input_file_ref idref="fl-e"/>
      </object_component>
      <object_component id="oc-185">
         <name>.text:UARTIntStatus</name>
         <load_address>0x1908</load_address>
         <run_address>0x1908</run_address>
         <size>0xa</size>
         <input_file_ref idref="fl-e"/>
      </object_component>
      <object_component id="oc-8c">
         <name>.text:TimerIntEnable</name>
         <load_address>0x1912</load_address>
         <run_address>0x1912</run_address>
         <size>0x8</size>
         <input_file_ref idref="fl-f"/>
      </object_component>
      <object_component id="oc-1f9">
         <name>.text:UARTIntEnable</name>
         <load_address>0x191a</load_address>
         <run_address>0x191a</run_address>
         <size>0x8</size>
         <input_file_ref idref="fl-e"/>
      </object_component>
      <object_component id="oc-122">
         <name>.text:GPIOPinRead</name>
         <load_address>0x1922</load_address>
         <run_address>0x1922</run_address>
         <size>0x6</size>
         <input_file_ref idref="fl-12"/>
      </object_component>
      <object_component id="oc-11c">
         <name>.text:GPIOPinWrite</name>
         <load_address>0x1928</load_address>
         <run_address>0x1928</run_address>
         <size>0x6</size>
         <input_file_ref idref="fl-12"/>
      </object_component>
      <object_component id="oc-135">
         <name>.text:SysCtlDelay</name>
         <load_address>0x192e</load_address>
         <run_address>0x192e</run_address>
         <size>0x6</size>
         <input_file_ref idref="fl-10"/>
      </object_component>
      <object_component id="oc-16a">
         <name>.text:UARTClockSourceSet</name>
         <load_address>0x1934</load_address>
         <run_address>0x1934</run_address>
         <size>0x6</size>
         <input_file_ref idref="fl-e"/>
      </object_component>
      <object_component id="oc-22">
         <name>.text:decompress:rle24</name>
         <load_address>0x193a</load_address>
         <run_address>0x193a</run_address>
         <size>0x6</size>
         <input_file_ref idref="fl-140"/>
      </object_component>
      <object_component id="oc-1a3">
         <name>.text:ADCComparatorIntClear</name>
         <load_address>0x1940</load_address>
         <run_address>0x1940</run_address>
         <size>0x4</size>
         <input_file_ref idref="fl-14"/>
      </object_component>
      <object_component id="oc-19d">
         <name>.text:ADCComparatorIntStatus</name>
         <load_address>0x1944</load_address>
         <run_address>0x1944</run_address>
         <size>0x4</size>
         <input_file_ref idref="fl-14"/>
      </object_component>
      <object_component id="oc-b6">
         <name>.text:TimerIntClear</name>
         <load_address>0x1948</load_address>
         <run_address>0x1948</run_address>
         <size>0x4</size>
         <input_file_ref idref="fl-f"/>
      </object_component>
      <object_component id="oc-18b">
         <name>.text:UARTIntClear</name>
         <load_address>0x194c</load_address>
         <run_address>0x194c</run_address>
         <size>0x4</size>
         <input_file_ref idref="fl-e"/>
      </object_component>
      <object_component id="oc-27c">
         <name>.const:g_pui32Regs</name>
         <load_address>0x1950</load_address>
         <run_address>0x1950</run_address>
         <size>0x9c</size>
         <input_file_ref idref="fl-11"/>
      </object_component>
      <object_component id="oc-254">
         <name>.const:g_pui32GPIOBaseAddrs</name>
         <load_address>0x19ec</load_address>
         <run_address>0x19ec</run_address>
         <size>0x90</size>
         <input_file_ref idref="fl-12"/>
      </object_component>
      <object_component id="oc-152">
         <name>.const</name>
         <load_address>0x1a7c</load_address>
         <run_address>0x1a7c</run_address>
         <size>0x70</size>
         <input_file_ref idref="fl-11"/>
      </object_component>
      <object_component id="oc-240">
         <name>.const:g_pui32Xtals</name>
         <load_address>0x1aec</load_address>
         <run_address>0x1aec</run_address>
         <size>0x6c</size>
         <input_file_ref idref="fl-10"/>
      </object_component>
      <object_component id="oc-2cb">
         <name>.cinit..data.load</name>
         <load_address>0x1b58</load_address>
         <run_address>0x1b58</run_address>
         <size>0x25</size>
      </object_component>
      <object_component id="oc-2c8">
         <name>__TI_handler_table</name>
         <load_address>0x1b80</load_address>
         <run_address>0x1b80</run_address>
         <size>0xc</size>
      </object_component>
      <object_component id="oc-2cc">
         <name>.cinit..bss.load</name>
         <load_address>0x1b90</load_address>
         <run_address>0x1b90</run_address>
         <size>0x8</size>
      </object_component>
      <object_component id="oc-2ca">
         <name>.cinit..vtable.load</name>
         <load_address>0x1b98</load_address>
         <run_address>0x1b98</run_address>
         <size>0x8</size>
      </object_component>
      <object_component id="oc-2c9">
         <name>__TI_cinit_table</name>
         <load_address>0x1ba0</load_address>
         <run_address>0x1ba0</run_address>
         <size>0x18</size>
      </object_component>
      <object_component id="oc-28a">
         <name>.vtable</name>
         <uninitialized>true</uninitialized>
         <run_address>0x20000000</run_address>
         <size>0x26c</size>
         <input_file_ref idref="fl-11"/>
      </object_component>
      <object_component id="oc-49">
         <name>.data</name>
         <load_address>0x200004bc</load_address>
         <run_address>0x200004bc</run_address>
         <size>0x4</size>
         <input_file_ref idref="fl-144"/>
      </object_component>
      <object_component id="oc-d1">
         <name>.data</name>
         <load_address>0x2000046c</load_address>
         <run_address>0x2000046c</run_address>
         <size>0x32</size>
         <input_file_ref idref="fl-2"/>
      </object_component>
      <object_component id="oc-f3">
         <name>.data</name>
         <load_address>0x200004a8</load_address>
         <run_address>0x200004a8</run_address>
         <size>0x8</size>
         <input_file_ref idref="fl-145"/>
      </object_component>
      <object_component id="oc-f6">
         <name>.data</name>
         <load_address>0x200004b0</load_address>
         <run_address>0x200004b0</run_address>
         <size>0x8</size>
         <input_file_ref idref="fl-142"/>
      </object_component>
      <object_component id="oc-182">
         <name>.data</name>
         <load_address>0x200004b8</load_address>
         <run_address>0x200004b8</run_address>
         <size>0x4</size>
         <input_file_ref idref="fl-9"/>
      </object_component>
      <object_component id="oc-1f1">
         <name>.data</name>
         <load_address>0x200004a0</load_address>
         <run_address>0x200004a0</run_address>
         <size>0x8</size>
         <input_file_ref idref="fl-4"/>
      </object_component>
      <object_component id="oc-d4">
         <name>.common:serialRead</name>
         <uninitialized>true</uninitialized>
         <run_address>0x200004d8</run_address>
         <size>0x4</size>
      </object_component>
      <object_component id="oc-d6">
         <name>.common:dato</name>
         <uninitialized>true</uninitialized>
         <run_address>0x200004c0</run_address>
         <size>0xc</size>
      </object_component>
      <object_component id="oc-d7">
         <name>.common:flag</name>
         <uninitialized>true</uninitialized>
         <run_address>0x200004d0</run_address>
         <size>0x4</size>
      </object_component>
      <object_component id="oc-136">
         <name>.common:ui32unsegundo</name>
         <uninitialized>true</uninitialized>
         <run_address>0x200004dc</run_address>
         <size>0x4</size>
      </object_component>
      <object_component id="oc-139">
         <name>.common:delay</name>
         <uninitialized>true</uninitialized>
         <run_address>0x200004cc</run_address>
         <size>0x4</size>
      </object_component>
      <object_component id="oc-197">
         <name>.common:port</name>
         <uninitialized>true</uninitialized>
         <run_address>0x200004d4</run_address>
         <size>0x4</size>
      </object_component>
      <object_component id="oc-28">
         <name>.stack</name>
         <uninitialized>true</uninitialized>
         <run_address>0x2000026c</run_address>
         <size>0x0</size>
         <input_file_ref idref="fl-13e"/>
      </object_component>
      <object_component id="oc-2cd">
         <name>.stack</name>
         <uninitialized>true</uninitialized>
         <run_address>0x2000026c</run_address>
         <size>0x0</size>
      </object_component>
      <object_component id="oc-f">
         <name>.debug_info</name>
         <load_address>0x0</load_address>
         <run_address>0x0</run_address>
         <size>0xe9</size>
         <input_file_ref idref="fl-3"/>
      </object_component>
      <object_component id="oc-13">
         <name>.debug_info</name>
         <load_address>0xe9</load_address>
         <run_address>0xe9</run_address>
         <size>0xf3</size>
         <input_file_ref idref="fl-13e"/>
      </object_component>
      <object_component id="oc-19">
         <name>.debug_info</name>
         <load_address>0x1dc</load_address>
         <run_address>0x1dc</run_address>
         <size>0x194</size>
         <input_file_ref idref="fl-13f"/>
      </object_component>
      <object_component id="oc-1e">
         <name>.debug_info</name>
         <load_address>0x370</load_address>
         <run_address>0x370</run_address>
         <size>0x16a</size>
         <input_file_ref idref="fl-141"/>
      </object_component>
      <object_component id="oc-24">
         <name>.debug_info</name>
         <load_address>0x4da</load_address>
         <run_address>0x4da</run_address>
         <size>0x18e</size>
         <input_file_ref idref="fl-140"/>
      </object_component>
      <object_component id="oc-2a">
         <name>.debug_info</name>
         <load_address>0x668</load_address>
         <run_address>0x668</run_address>
         <size>0x28d</size>
         <input_file_ref idref="fl-3"/>
      </object_component>
      <object_component id="oc-30">
         <name>.debug_info</name>
         <load_address>0x8f5</load_address>
         <run_address>0x8f5</run_address>
         <size>0x52a</size>
         <input_file_ref idref="fl-2"/>
      </object_component>
      <object_component id="oc-37">
         <name>.debug_info</name>
         <load_address>0xe1f</load_address>
         <run_address>0xe1f</run_address>
         <size>0x1a2</size>
         <input_file_ref idref="fl-3"/>
      </object_component>
      <object_component id="oc-3a">
         <name>.debug_info</name>
         <load_address>0xfc1</load_address>
         <run_address>0xfc1</run_address>
         <size>0x13d</size>
         <input_file_ref idref="fl-147"/>
      </object_component>
      <object_component id="oc-3f">
         <name>.debug_info</name>
         <load_address>0x10fe</load_address>
         <run_address>0x10fe</run_address>
         <size>0x11c</size>
         <input_file_ref idref="fl-146"/>
      </object_component>
      <object_component id="oc-47">
         <name>.debug_info</name>
         <load_address>0x121a</load_address>
         <run_address>0x121a</run_address>
         <size>0x1c2</size>
         <input_file_ref idref="fl-142"/>
      </object_component>
      <object_component id="oc-4a">
         <name>.debug_info</name>
         <load_address>0x13dc</load_address>
         <run_address>0x13dc</run_address>
         <size>0xbe</size>
         <input_file_ref idref="fl-144"/>
      </object_component>
      <object_component id="oc-4e">
         <name>.debug_info</name>
         <load_address>0x149a</load_address>
         <run_address>0x149a</run_address>
         <size>0xcc</size>
         <input_file_ref idref="fl-143"/>
      </object_component>
      <object_component id="oc-53">
         <name>.debug_info</name>
         <load_address>0x1566</load_address>
         <run_address>0x1566</run_address>
         <size>0x46</size>
         <input_file_ref idref="fl-13f"/>
      </object_component>
      <object_component id="oc-58">
         <name>.debug_info</name>
         <load_address>0x15ac</load_address>
         <run_address>0x15ac</run_address>
         <size>0xf2</size>
         <input_file_ref idref="fl-13f"/>
      </object_component>
      <object_component id="oc-5a">
         <name>.debug_info</name>
         <load_address>0x169e</load_address>
         <run_address>0x169e</run_address>
         <size>0x46</size>
         <input_file_ref idref="fl-141"/>
      </object_component>
      <object_component id="oc-5f">
         <name>.debug_info</name>
         <load_address>0x16e4</load_address>
         <run_address>0x16e4</run_address>
         <size>0xad</size>
         <input_file_ref idref="fl-141"/>
      </object_component>
      <object_component id="oc-62">
         <name>.debug_info</name>
         <load_address>0x1791</load_address>
         <run_address>0x1791</run_address>
         <size>0x1ef</size>
         <input_file_ref idref="fl-140"/>
      </object_component>
      <object_component id="oc-67">
         <name>.debug_info</name>
         <load_address>0x1980</load_address>
         <run_address>0x1980</run_address>
         <size>0xb7</size>
         <input_file_ref idref="fl-140"/>
      </object_component>
      <object_component id="oc-68">
         <name>.debug_info</name>
         <load_address>0x1a37</load_address>
         <run_address>0x1a37</run_address>
         <size>0x39</size>
         <input_file_ref idref="fl-140"/>
      </object_component>
      <object_component id="oc-6e">
         <name>.debug_info</name>
         <load_address>0x1a70</load_address>
         <run_address>0x1a70</run_address>
         <size>0x567</size>
         <input_file_ref idref="fl-5"/>
      </object_component>
      <object_component id="oc-76">
         <name>.debug_info</name>
         <load_address>0x1fd7</load_address>
         <run_address>0x1fd7</run_address>
         <size>0x4a1</size>
         <input_file_ref idref="fl-8"/>
      </object_component>
      <object_component id="oc-7d">
         <name>.debug_info</name>
         <load_address>0x2478</load_address>
         <run_address>0x2478</run_address>
         <size>0x1e1</size>
         <input_file_ref idref="fl-10"/>
      </object_component>
      <object_component id="oc-81">
         <name>.debug_info</name>
         <load_address>0x2659</load_address>
         <run_address>0x2659</run_address>
         <size>0x1f0</size>
         <input_file_ref idref="fl-f"/>
      </object_component>
      <object_component id="oc-87">
         <name>.debug_info</name>
         <load_address>0x2849</load_address>
         <run_address>0x2849</run_address>
         <size>0x21e</size>
         <input_file_ref idref="fl-f"/>
      </object_component>
      <object_component id="oc-8d">
         <name>.debug_info</name>
         <load_address>0x2a67</load_address>
         <run_address>0x2a67</run_address>
         <size>0x1f8</size>
         <input_file_ref idref="fl-f"/>
      </object_component>
      <object_component id="oc-94">
         <name>.debug_info</name>
         <load_address>0x2c5f</load_address>
         <run_address>0x2c5f</run_address>
         <size>0x1a2</size>
         <input_file_ref idref="fl-11"/>
      </object_component>
      <object_component id="oc-99">
         <name>.debug_info</name>
         <load_address>0x2e01</load_address>
         <run_address>0x2e01</run_address>
         <size>0x1cc</size>
         <input_file_ref idref="fl-11"/>
      </object_component>
      <object_component id="oc-9f">
         <name>.debug_info</name>
         <load_address>0x2fcd</load_address>
         <run_address>0x2fcd</run_address>
         <size>0x1e3</size>
         <input_file_ref idref="fl-f"/>
      </object_component>
      <object_component id="oc-a7">
         <name>.debug_info</name>
         <load_address>0x31b0</load_address>
         <run_address>0x31b0</run_address>
         <size>0xc29</size>
         <input_file_ref idref="fl-9"/>
      </object_component>
      <object_component id="oc-ad">
         <name>.debug_info</name>
         <load_address>0x3dd9</load_address>
         <run_address>0x3dd9</run_address>
         <size>0x1b7</size>
         <input_file_ref idref="fl-e"/>
      </object_component>
      <object_component id="oc-b4">
         <name>.debug_info</name>
         <load_address>0x3f90</load_address>
         <run_address>0x3f90</run_address>
         <size>0x749</size>
         <input_file_ref idref="fl-4"/>
      </object_component>
      <object_component id="oc-b7">
         <name>.debug_info</name>
         <load_address>0x46d9</load_address>
         <run_address>0x46d9</run_address>
         <size>0x1f6</size>
         <input_file_ref idref="fl-f"/>
      </object_component>
      <object_component id="oc-bd">
         <name>.debug_info</name>
         <load_address>0x48cf</load_address>
         <run_address>0x48cf</run_address>
         <size>0x1ce</size>
         <input_file_ref idref="fl-11"/>
      </object_component>
      <object_component id="oc-c3">
         <name>.debug_info</name>
         <load_address>0x4a9d</load_address>
         <run_address>0x4a9d</run_address>
         <size>0x1e5</size>
         <input_file_ref idref="fl-f"/>
      </object_component>
      <object_component id="oc-ca">
         <name>.debug_info</name>
         <load_address>0x4c82</load_address>
         <run_address>0x4c82</run_address>
         <size>0x2cf</size>
         <input_file_ref idref="fl-6"/>
      </object_component>
      <object_component id="oc-cf">
         <name>.debug_info</name>
         <load_address>0x4f51</load_address>
         <run_address>0x4f51</run_address>
         <size>0x664</size>
         <input_file_ref idref="fl-2"/>
      </object_component>
      <object_component id="oc-d2">
         <name>.debug_info</name>
         <load_address>0x55b5</load_address>
         <run_address>0x55b5</run_address>
         <size>0x22f</size>
         <input_file_ref idref="fl-2"/>
      </object_component>
      <object_component id="oc-d9">
         <name>.debug_info</name>
         <load_address>0x57e4</load_address>
         <run_address>0x57e4</run_address>
         <size>0x8b</size>
         <input_file_ref idref="fl-2"/>
      </object_component>
      <object_component id="oc-e0">
         <name>.debug_info</name>
         <load_address>0x586f</load_address>
         <run_address>0x586f</run_address>
         <size>0x84</size>
         <input_file_ref idref="fl-3"/>
      </object_component>
      <object_component id="oc-e5">
         <name>.debug_info</name>
         <load_address>0x58f3</load_address>
         <run_address>0x58f3</run_address>
         <size>0x18b</size>
         <input_file_ref idref="fl-2"/>
      </object_component>
      <object_component id="oc-ed">
         <name>.debug_info</name>
         <load_address>0x5a7e</load_address>
         <run_address>0x5a7e</run_address>
         <size>0x14b</size>
         <input_file_ref idref="fl-148"/>
      </object_component>
      <object_component id="oc-f2">
         <name>.debug_info</name>
         <load_address>0x5bc9</load_address>
         <run_address>0x5bc9</run_address>
         <size>0x11b</size>
         <input_file_ref idref="fl-146"/>
      </object_component>
      <object_component id="oc-f4">
         <name>.debug_info</name>
         <load_address>0x5ce4</load_address>
         <run_address>0x5ce4</run_address>
         <size>0xc8</size>
         <input_file_ref idref="fl-145"/>
      </object_component>
      <object_component id="oc-f7">
         <name>.debug_info</name>
         <load_address>0x5dac</load_address>
         <run_address>0x5dac</run_address>
         <size>0xeb</size>
         <input_file_ref idref="fl-142"/>
      </object_component>
      <object_component id="oc-fa">
         <name>.debug_info</name>
         <load_address>0x5e97</load_address>
         <run_address>0x5e97</run_address>
         <size>0x146</size>
         <input_file_ref idref="fl-142"/>
      </object_component>
      <object_component id="oc-ff">
         <name>.debug_info</name>
         <load_address>0x5fdd</load_address>
         <run_address>0x5fdd</run_address>
         <size>0x2c</size>
         <input_file_ref idref="fl-13f"/>
      </object_component>
      <object_component id="oc-106">
         <name>.debug_info</name>
         <load_address>0x6009</load_address>
         <run_address>0x6009</run_address>
         <size>0x2c</size>
         <input_file_ref idref="fl-141"/>
      </object_component>
      <object_component id="oc-112">
         <name>.debug_info</name>
         <load_address>0x6035</load_address>
         <run_address>0x6035</run_address>
         <size>0x1e9</size>
         <input_file_ref idref="fl-12"/>
      </object_component>
      <object_component id="oc-118">
         <name>.debug_info</name>
         <load_address>0x621e</load_address>
         <run_address>0x621e</run_address>
         <size>0x1eb</size>
         <input_file_ref idref="fl-12"/>
      </object_component>
      <object_component id="oc-11e">
         <name>.debug_info</name>
         <load_address>0x6409</load_address>
         <run_address>0x6409</run_address>
         <size>0x207</size>
         <input_file_ref idref="fl-12"/>
      </object_component>
      <object_component id="oc-125">
         <name>.debug_info</name>
         <load_address>0x6610</load_address>
         <run_address>0x6610</run_address>
         <size>0x1df</size>
         <input_file_ref idref="fl-12"/>
      </object_component>
      <object_component id="oc-12d">
         <name>.debug_info</name>
         <load_address>0x67ef</load_address>
         <run_address>0x67ef</run_address>
         <size>0x363</size>
         <input_file_ref idref="fl-10"/>
      </object_component>
      <object_component id="oc-133">
         <name>.debug_info</name>
         <load_address>0x6b52</load_address>
         <run_address>0x6b52</run_address>
         <size>0x219</size>
         <input_file_ref idref="fl-10"/>
      </object_component>
      <object_component id="oc-137">
         <name>.debug_info</name>
         <load_address>0x6d6b</load_address>
         <run_address>0x6d6b</run_address>
         <size>0x18b</size>
         <input_file_ref idref="fl-8"/>
      </object_component>
      <object_component id="oc-13c">
         <name>.debug_info</name>
         <load_address>0x6ef6</load_address>
         <run_address>0x6ef6</run_address>
         <size>0x18b</size>
         <input_file_ref idref="fl-e"/>
      </object_component>
      <object_component id="oc-141">
         <name>.debug_info</name>
         <load_address>0x7081</load_address>
         <run_address>0x7081</run_address>
         <size>0x226</size>
         <input_file_ref idref="fl-10"/>
      </object_component>
      <object_component id="oc-143">
         <name>.debug_info</name>
         <load_address>0x72a7</load_address>
         <run_address>0x72a7</run_address>
         <size>0x1cf</size>
         <input_file_ref idref="fl-f"/>
      </object_component>
      <object_component id="oc-147">
         <name>.debug_info</name>
         <load_address>0x7476</load_address>
         <run_address>0x7476</run_address>
         <size>0x176</size>
         <input_file_ref idref="fl-13"/>
      </object_component>
      <object_component id="oc-14d">
         <name>.debug_info</name>
         <load_address>0x75ec</load_address>
         <run_address>0x75ec</run_address>
         <size>0x90</size>
         <input_file_ref idref="fl-e"/>
      </object_component>
      <object_component id="oc-153">
         <name>.debug_info</name>
         <load_address>0x767c</load_address>
         <run_address>0x767c</run_address>
         <size>0x1c2</size>
         <input_file_ref idref="fl-11"/>
      </object_component>
      <object_component id="oc-156">
         <name>.debug_info</name>
         <load_address>0x783e</load_address>
         <run_address>0x783e</run_address>
         <size>0x1ba</size>
         <input_file_ref idref="fl-11"/>
      </object_component>
      <object_component id="oc-15b">
         <name>.debug_info</name>
         <load_address>0x79f8</load_address>
         <run_address>0x79f8</run_address>
         <size>0x1e4</size>
         <input_file_ref idref="fl-12"/>
      </object_component>
      <object_component id="oc-160">
         <name>.debug_info</name>
         <load_address>0x7bdc</load_address>
         <run_address>0x7bdc</run_address>
         <size>0x1df</size>
         <input_file_ref idref="fl-12"/>
      </object_component>
      <object_component id="oc-167">
         <name>.debug_info</name>
         <load_address>0x7dbb</load_address>
         <run_address>0x7dbb</run_address>
         <size>0x28a</size>
         <input_file_ref idref="fl-e"/>
      </object_component>
      <object_component id="oc-16d">
         <name>.debug_info</name>
         <load_address>0x8045</load_address>
         <run_address>0x8045</run_address>
         <size>0x1f5</size>
         <input_file_ref idref="fl-e"/>
      </object_component>
      <object_component id="oc-173">
         <name>.debug_info</name>
         <load_address>0x823a</load_address>
         <run_address>0x823a</run_address>
         <size>0x1f1</size>
         <input_file_ref idref="fl-e"/>
      </object_component>
      <object_component id="oc-179">
         <name>.debug_info</name>
         <load_address>0x842b</load_address>
         <run_address>0x842b</run_address>
         <size>0x1b7</size>
         <input_file_ref idref="fl-e"/>
      </object_component>
      <object_component id="oc-17f">
         <name>.debug_info</name>
         <load_address>0x85e2</load_address>
         <run_address>0x85e2</run_address>
         <size>0x25d</size>
         <input_file_ref idref="fl-e"/>
      </object_component>
      <object_component id="oc-183">
         <name>.debug_info</name>
         <load_address>0x883f</load_address>
         <run_address>0x883f</run_address>
         <size>0xe2</size>
         <input_file_ref idref="fl-9"/>
      </object_component>
      <object_component id="oc-188">
         <name>.debug_info</name>
         <load_address>0x8921</load_address>
         <run_address>0x8921</run_address>
         <size>0x1e3</size>
         <input_file_ref idref="fl-e"/>
      </object_component>
      <object_component id="oc-18e">
         <name>.debug_info</name>
         <load_address>0x8b04</load_address>
         <run_address>0x8b04</run_address>
         <size>0x1f1</size>
         <input_file_ref idref="fl-e"/>
      </object_component>
      <object_component id="oc-194">
         <name>.debug_info</name>
         <load_address>0x8cf5</load_address>
         <run_address>0x8cf5</run_address>
         <size>0x1c7</size>
         <input_file_ref idref="fl-e"/>
      </object_component>
      <object_component id="oc-198">
         <name>.debug_info</name>
         <load_address>0x8ebc</load_address>
         <run_address>0x8ebc</run_address>
         <size>0x384</size>
         <input_file_ref idref="fl-9"/>
      </object_component>
      <object_component id="oc-19c">
         <name>.debug_info</name>
         <load_address>0x9240</load_address>
         <run_address>0x9240</run_address>
         <size>0x1ce</size>
         <input_file_ref idref="fl-e"/>
      </object_component>
      <object_component id="oc-1a1">
         <name>.debug_info</name>
         <load_address>0x940e</load_address>
         <run_address>0x940e</run_address>
         <size>0x1c4</size>
         <input_file_ref idref="fl-14"/>
      </object_component>
      <object_component id="oc-1a7">
         <name>.debug_info</name>
         <load_address>0x95d2</load_address>
         <run_address>0x95d2</run_address>
         <size>0x1f8</size>
         <input_file_ref idref="fl-14"/>
      </object_component>
      <object_component id="oc-1ad">
         <name>.debug_info</name>
         <load_address>0x97ca</load_address>
         <run_address>0x97ca</run_address>
         <size>0x28a</size>
         <input_file_ref idref="fl-14"/>
      </object_component>
      <object_component id="oc-1b3">
         <name>.debug_info</name>
         <load_address>0x9a54</load_address>
         <run_address>0x9a54</run_address>
         <size>0x297</size>
         <input_file_ref idref="fl-14"/>
      </object_component>
      <object_component id="oc-1b9">
         <name>.debug_info</name>
         <load_address>0x9ceb</load_address>
         <run_address>0x9ceb</run_address>
         <size>0x26a</size>
         <input_file_ref idref="fl-14"/>
      </object_component>
      <object_component id="oc-1bf">
         <name>.debug_info</name>
         <load_address>0x9f55</load_address>
         <run_address>0x9f55</run_address>
         <size>0x22c</size>
         <input_file_ref idref="fl-14"/>
      </object_component>
      <object_component id="oc-1c5">
         <name>.debug_info</name>
         <load_address>0xa181</load_address>
         <run_address>0xa181</run_address>
         <size>0x26f</size>
         <input_file_ref idref="fl-14"/>
      </object_component>
      <object_component id="oc-1cb">
         <name>.debug_info</name>
         <load_address>0xa3f0</load_address>
         <run_address>0xa3f0</run_address>
         <size>0x20e</size>
         <input_file_ref idref="fl-14"/>
      </object_component>
      <object_component id="oc-1cf">
         <name>.debug_info</name>
         <load_address>0xa5fe</load_address>
         <run_address>0xa5fe</run_address>
         <size>0x22d</size>
         <input_file_ref idref="fl-11"/>
      </object_component>
      <object_component id="oc-1d7">
         <name>.debug_info</name>
         <load_address>0xa82b</load_address>
         <run_address>0xa82b</run_address>
         <size>0x204</size>
         <input_file_ref idref="fl-14"/>
      </object_component>
      <object_component id="oc-1dd">
         <name>.debug_info</name>
         <load_address>0xaa2f</load_address>
         <run_address>0xaa2f</run_address>
         <size>0x1f8</size>
         <input_file_ref idref="fl-14"/>
      </object_component>
      <object_component id="oc-1e3">
         <name>.debug_info</name>
         <load_address>0xac27</load_address>
         <run_address>0xac27</run_address>
         <size>0x208</size>
         <input_file_ref idref="fl-14"/>
      </object_component>
      <object_component id="oc-1e9">
         <name>.debug_info</name>
         <load_address>0xae2f</load_address>
         <run_address>0xae2f</run_address>
         <size>0x245</size>
         <input_file_ref idref="fl-14"/>
      </object_component>
      <object_component id="oc-1ef">
         <name>.debug_info</name>
         <load_address>0xb074</load_address>
         <run_address>0xb074</run_address>
         <size>0x2fb</size>
         <input_file_ref idref="fl-14"/>
      </object_component>
      <object_component id="oc-1f2">
         <name>.debug_info</name>
         <load_address>0xb36f</load_address>
         <run_address>0xb36f</run_address>
         <size>0xfe</size>
         <input_file_ref idref="fl-4"/>
      </object_component>
      <object_component id="oc-1f5">
         <name>.debug_info</name>
         <load_address>0xb46d</load_address>
         <run_address>0xb46d</run_address>
         <size>0x4fb</size>
         <input_file_ref idref="fl-4"/>
      </object_component>
      <object_component id="oc-1fc">
         <name>.debug_info</name>
         <load_address>0xb968</load_address>
         <run_address>0xb968</run_address>
         <size>0x1f3</size>
         <input_file_ref idref="fl-e"/>
      </object_component>
      <object_component id="oc-201">
         <name>.debug_info</name>
         <load_address>0xbb5b</load_address>
         <run_address>0xbb5b</run_address>
         <size>0x2b0</size>
         <input_file_ref idref="fl-11"/>
      </object_component>
      <object_component id="oc-208">
         <name>.debug_info</name>
         <load_address>0xbe0b</load_address>
         <run_address>0xbe0b</run_address>
         <size>0x21f</size>
         <input_file_ref idref="fl-12"/>
      </object_component>
      <object_component id="oc-20e">
         <name>.debug_info</name>
         <load_address>0xc02a</load_address>
         <run_address>0xc02a</run_address>
         <size>0x1f3</size>
         <input_file_ref idref="fl-12"/>
      </object_component>
      <object_component id="oc-212">
         <name>.debug_info</name>
         <load_address>0xc21d</load_address>
         <run_address>0xc21d</run_address>
         <size>0x1f1</size>
         <input_file_ref idref="fl-6"/>
      </object_component>
      <object_component id="oc-218">
         <name>.debug_info</name>
         <load_address>0xc40e</load_address>
         <run_address>0xc40e</run_address>
         <size>0x148</size>
         <input_file_ref idref="fl-148"/>
      </object_component>
      <object_component id="oc-21b">
         <name>.debug_info</name>
         <load_address>0xc556</load_address>
         <run_address>0xc556</run_address>
         <size>0x5e</size>
         <input_file_ref idref="fl-146"/>
      </object_component>
      <object_component id="oc-223">
         <name>.debug_info</name>
         <load_address>0xc5b4</load_address>
         <run_address>0xc5b4</run_address>
         <size>0x1d4</size>
         <input_file_ref idref="fl-145"/>
      </object_component>
      <object_component id="oc-228">
         <name>.debug_info</name>
         <load_address>0xc788</load_address>
         <run_address>0xc788</run_address>
         <size>0xd9</size>
         <input_file_ref idref="fl-145"/>
      </object_component>
      <object_component id="oc-230">
         <name>.debug_info</name>
         <load_address>0xc861</load_address>
         <run_address>0xc861</run_address>
         <size>0x217</size>
         <input_file_ref idref="fl-12"/>
      </object_component>
      <object_component id="oc-236">
         <name>.debug_info</name>
         <load_address>0xca78</load_address>
         <run_address>0xca78</run_address>
         <size>0x312</size>
         <input_file_ref idref="fl-12"/>
      </object_component>
      <object_component id="oc-23d">
         <name>.debug_info</name>
         <load_address>0xcd8a</load_address>
         <run_address>0xcd8a</run_address>
         <size>0x1d7</size>
         <input_file_ref idref="fl-12"/>
      </object_component>
      <object_component id="oc-241">
         <name>.debug_info</name>
         <load_address>0xcf61</load_address>
         <run_address>0xcf61</run_address>
         <size>0xff</size>
         <input_file_ref idref="fl-10"/>
      </object_component>
      <object_component id="oc-248">
         <name>.debug_info</name>
         <load_address>0xd060</load_address>
         <run_address>0xd060</run_address>
         <size>0x5f</size>
         <input_file_ref idref="fl-10"/>
      </object_component>
      <object_component id="oc-255">
         <name>.debug_info</name>
         <load_address>0xd0bf</load_address>
         <run_address>0xd0bf</run_address>
         <size>0x10d</size>
         <input_file_ref idref="fl-12"/>
      </object_component>
      <object_component id="oc-25c">
         <name>.debug_info</name>
         <load_address>0xd1cc</load_address>
         <run_address>0xd1cc</run_address>
         <size>0x233</size>
         <input_file_ref idref="fl-e"/>
      </object_component>
      <object_component id="oc-262">
         <name>.debug_info</name>
         <load_address>0xd3ff</load_address>
         <run_address>0xd3ff</run_address>
         <size>0x1ab</size>
         <input_file_ref idref="fl-e"/>
      </object_component>
      <object_component id="oc-274">
         <name>.debug_info</name>
         <load_address>0xd5aa</load_address>
         <run_address>0xd5aa</run_address>
         <size>0x1a8</size>
         <input_file_ref idref="fl-14"/>
      </object_component>
      <object_component id="oc-27d">
         <name>.debug_info</name>
         <load_address>0xd752</load_address>
         <run_address>0xd752</run_address>
         <size>0x100</size>
         <input_file_ref idref="fl-11"/>
      </object_component>
      <object_component id="oc-28b">
         <name>.debug_info</name>
         <load_address>0xd852</load_address>
         <run_address>0xd852</run_address>
         <size>0x109</size>
         <input_file_ref idref="fl-11"/>
      </object_component>
      <object_component id="oc-294">
         <name>.debug_info</name>
         <load_address>0xd95b</load_address>
         <run_address>0xd95b</run_address>
         <size>0xcd</size>
         <input_file_ref idref="fl-148"/>
      </object_component>
      <object_component id="oc-2ce">
         <name>.debug_info</name>
         <load_address>0xda28</load_address>
         <run_address>0xda28</run_address>
         <size>0xa3</size>
      </object_component>
      <object_component id="oc-10">
         <name>.debug_pubnames</name>
         <load_address>0x0</load_address>
         <run_address>0x0</run_address>
         <size>0x23</size>
         <input_file_ref idref="fl-3"/>
      </object_component>
      <object_component id="oc-14">
         <name>.debug_pubnames</name>
         <load_address>0x23</load_address>
         <run_address>0x23</run_address>
         <size>0x1f</size>
         <input_file_ref idref="fl-13e"/>
      </object_component>
      <object_component id="oc-1a">
         <name>.debug_pubnames</name>
         <load_address>0x42</load_address>
         <run_address>0x42</run_address>
         <size>0x2b</size>
         <input_file_ref idref="fl-13f"/>
      </object_component>
      <object_component id="oc-1f">
         <name>.debug_pubnames</name>
         <load_address>0x6d</load_address>
         <run_address>0x6d</run_address>
         <size>0x25</size>
         <input_file_ref idref="fl-141"/>
      </object_component>
      <object_component id="oc-25">
         <name>.debug_pubnames</name>
         <load_address>0x92</load_address>
         <run_address>0x92</run_address>
         <size>0x2c</size>
         <input_file_ref idref="fl-140"/>
      </object_component>
      <object_component id="oc-2c">
         <name>.debug_pubnames</name>
         <load_address>0xbe</load_address>
         <run_address>0xbe</run_address>
         <size>0x4c</size>
         <input_file_ref idref="fl-3"/>
      </object_component>
      <object_component id="oc-32">
         <name>.debug_pubnames</name>
         <load_address>0x10a</load_address>
         <run_address>0x10a</run_address>
         <size>0x81</size>
         <input_file_ref idref="fl-2"/>
      </object_component>
      <object_component id="oc-3c">
         <name>.debug_pubnames</name>
         <load_address>0x18b</load_address>
         <run_address>0x18b</run_address>
         <size>0x37</size>
         <input_file_ref idref="fl-147"/>
      </object_component>
      <object_component id="oc-40">
         <name>.debug_pubnames</name>
         <load_address>0x1c2</load_address>
         <run_address>0x1c2</run_address>
         <size>0x21</size>
         <input_file_ref idref="fl-146"/>
      </object_component>
      <object_component id="oc-48">
         <name>.debug_pubnames</name>
         <load_address>0x1e3</load_address>
         <run_address>0x1e3</run_address>
         <size>0x35</size>
         <input_file_ref idref="fl-142"/>
      </object_component>
      <object_component id="oc-4b">
         <name>.debug_pubnames</name>
         <load_address>0x218</load_address>
         <run_address>0x218</run_address>
         <size>0x23</size>
         <input_file_ref idref="fl-144"/>
      </object_component>
      <object_component id="oc-50">
         <name>.debug_pubnames</name>
         <load_address>0x23b</load_address>
         <run_address>0x23b</run_address>
         <size>0x1d</size>
         <input_file_ref idref="fl-143"/>
      </object_component>
      <object_component id="oc-64">
         <name>.debug_pubnames</name>
         <load_address>0x258</load_address>
         <run_address>0x258</run_address>
         <size>0x2f</size>
         <input_file_ref idref="fl-140"/>
      </object_component>
      <object_component id="oc-6f">
         <name>.debug_pubnames</name>
         <load_address>0x287</load_address>
         <run_address>0x287</run_address>
         <size>0x68</size>
         <input_file_ref idref="fl-5"/>
      </object_component>
      <object_component id="oc-78">
         <name>.debug_pubnames</name>
         <load_address>0x2ef</load_address>
         <run_address>0x2ef</run_address>
         <size>0x4c</size>
         <input_file_ref idref="fl-8"/>
      </object_component>
      <object_component id="oc-7e">
         <name>.debug_pubnames</name>
         <load_address>0x33b</load_address>
         <run_address>0x33b</run_address>
         <size>0x2d</size>
         <input_file_ref idref="fl-10"/>
      </object_component>
      <object_component id="oc-83">
         <name>.debug_pubnames</name>
         <load_address>0x368</load_address>
         <run_address>0x368</run_address>
         <size>0x25</size>
         <input_file_ref idref="fl-f"/>
      </object_component>
      <object_component id="oc-89">
         <name>.debug_pubnames</name>
         <load_address>0x38d</load_address>
         <run_address>0x38d</run_address>
         <size>0x23</size>
         <input_file_ref idref="fl-f"/>
      </object_component>
      <object_component id="oc-8f">
         <name>.debug_pubnames</name>
         <load_address>0x3b0</load_address>
         <run_address>0x3b0</run_address>
         <size>0x25</size>
         <input_file_ref idref="fl-f"/>
      </object_component>
      <object_component id="oc-95">
         <name>.debug_pubnames</name>
         <load_address>0x3d5</load_address>
         <run_address>0x3d5</run_address>
         <size>0x26</size>
         <input_file_ref idref="fl-11"/>
      </object_component>
      <object_component id="oc-9b">
         <name>.debug_pubnames</name>
         <load_address>0x3fb</load_address>
         <run_address>0x3fb</run_address>
         <size>0x20</size>
         <input_file_ref idref="fl-11"/>
      </object_component>
      <object_component id="oc-a1">
         <name>.debug_pubnames</name>
         <load_address>0x41b</load_address>
         <run_address>0x41b</run_address>
         <size>0x22</size>
         <input_file_ref idref="fl-f"/>
      </object_component>
      <object_component id="oc-a8">
         <name>.debug_pubnames</name>
         <load_address>0x43d</load_address>
         <run_address>0x43d</run_address>
         <size>0x80</size>
         <input_file_ref idref="fl-9"/>
      </object_component>
      <object_component id="oc-ae">
         <name>.debug_pubnames</name>
         <load_address>0x4bd</load_address>
         <run_address>0x4bd</run_address>
         <size>0x25</size>
         <input_file_ref idref="fl-e"/>
      </object_component>
      <object_component id="oc-b5">
         <name>.debug_pubnames</name>
         <load_address>0x4e2</load_address>
         <run_address>0x4e2</run_address>
         <size>0x59</size>
         <input_file_ref idref="fl-4"/>
      </object_component>
      <object_component id="oc-b9">
         <name>.debug_pubnames</name>
         <load_address>0x53b</load_address>
         <run_address>0x53b</run_address>
         <size>0x24</size>
         <input_file_ref idref="fl-f"/>
      </object_component>
      <object_component id="oc-be">
         <name>.debug_pubnames</name>
         <load_address>0x55f</load_address>
         <run_address>0x55f</run_address>
         <size>0x21</size>
         <input_file_ref idref="fl-11"/>
      </object_component>
      <object_component id="oc-c5">
         <name>.debug_pubnames</name>
         <load_address>0x580</load_address>
         <run_address>0x580</run_address>
         <size>0x23</size>
         <input_file_ref idref="fl-f"/>
      </object_component>
      <object_component id="oc-cc">
         <name>.debug_pubnames</name>
         <load_address>0x5a3</load_address>
         <run_address>0x5a3</run_address>
         <size>0x2d</size>
         <input_file_ref idref="fl-6"/>
      </object_component>
      <object_component id="oc-d0">
         <name>.debug_pubnames</name>
         <load_address>0x5d0</load_address>
         <run_address>0x5d0</run_address>
         <size>0x87</size>
         <input_file_ref idref="fl-2"/>
      </object_component>
      <object_component id="oc-d3">
         <name>.debug_pubnames</name>
         <load_address>0x657</load_address>
         <run_address>0x657</run_address>
         <size>0xa6</size>
         <input_file_ref idref="fl-2"/>
      </object_component>
      <object_component id="oc-ef">
         <name>.debug_pubnames</name>
         <load_address>0x6fd</load_address>
         <run_address>0x6fd</run_address>
         <size>0x1e</size>
         <input_file_ref idref="fl-148"/>
      </object_component>
      <object_component id="oc-f5">
         <name>.debug_pubnames</name>
         <load_address>0x71b</load_address>
         <run_address>0x71b</run_address>
         <size>0x28</size>
         <input_file_ref idref="fl-145"/>
      </object_component>
      <object_component id="oc-f8">
         <name>.debug_pubnames</name>
         <load_address>0x743</load_address>
         <run_address>0x743</run_address>
         <size>0x3a</size>
         <input_file_ref idref="fl-142"/>
      </object_component>
      <object_component id="oc-114">
         <name>.debug_pubnames</name>
         <load_address>0x77d</load_address>
         <run_address>0x77d</run_address>
         <size>0x2b</size>
         <input_file_ref idref="fl-12"/>
      </object_component>
      <object_component id="oc-11a">
         <name>.debug_pubnames</name>
         <load_address>0x7a8</load_address>
         <run_address>0x7a8</run_address>
         <size>0x2c</size>
         <input_file_ref idref="fl-12"/>
      </object_component>
      <object_component id="oc-120">
         <name>.debug_pubnames</name>
         <load_address>0x7d4</load_address>
         <run_address>0x7d4</run_address>
         <size>0x23</size>
         <input_file_ref idref="fl-12"/>
      </object_component>
      <object_component id="oc-126">
         <name>.debug_pubnames</name>
         <load_address>0x7f7</load_address>
         <run_address>0x7f7</run_address>
         <size>0x22</size>
         <input_file_ref idref="fl-12"/>
      </object_component>
      <object_component id="oc-12e">
         <name>.debug_pubnames</name>
         <load_address>0x819</load_address>
         <run_address>0x819</run_address>
         <size>0x25</size>
         <input_file_ref idref="fl-10"/>
      </object_component>
      <object_component id="oc-134">
         <name>.debug_pubnames</name>
         <load_address>0x83e</load_address>
         <run_address>0x83e</run_address>
         <size>0x25</size>
         <input_file_ref idref="fl-10"/>
      </object_component>
      <object_component id="oc-138">
         <name>.debug_pubnames</name>
         <load_address>0x863</load_address>
         <run_address>0x863</run_address>
         <size>0x2e</size>
         <input_file_ref idref="fl-8"/>
      </object_component>
      <object_component id="oc-149">
         <name>.debug_pubnames</name>
         <load_address>0x891</load_address>
         <run_address>0x891</run_address>
         <size>0x1f</size>
         <input_file_ref idref="fl-13"/>
      </object_component>
      <object_component id="oc-154">
         <name>.debug_pubnames</name>
         <load_address>0x8b0</load_address>
         <run_address>0x8b0</run_address>
         <size>0x77</size>
         <input_file_ref idref="fl-11"/>
      </object_component>
      <object_component id="oc-15c">
         <name>.debug_pubnames</name>
         <load_address>0x927</load_address>
         <run_address>0x927</run_address>
         <size>0x27</size>
         <input_file_ref idref="fl-12"/>
      </object_component>
      <object_component id="oc-162">
         <name>.debug_pubnames</name>
         <load_address>0x94e</load_address>
         <run_address>0x94e</run_address>
         <size>0x26</size>
         <input_file_ref idref="fl-12"/>
      </object_component>
      <object_component id="oc-168">
         <name>.debug_pubnames</name>
         <load_address>0x974</load_address>
         <run_address>0x974</run_address>
         <size>0x2a</size>
         <input_file_ref idref="fl-e"/>
      </object_component>
      <object_component id="oc-16e">
         <name>.debug_pubnames</name>
         <load_address>0x99e</load_address>
         <run_address>0x99e</run_address>
         <size>0x29</size>
         <input_file_ref idref="fl-e"/>
      </object_component>
      <object_component id="oc-174">
         <name>.debug_pubnames</name>
         <load_address>0x9c7</load_address>
         <run_address>0x9c7</run_address>
         <size>0x2d</size>
         <input_file_ref idref="fl-e"/>
      </object_component>
      <object_component id="oc-17b">
         <name>.debug_pubnames</name>
         <load_address>0x9f4</load_address>
         <run_address>0x9f4</run_address>
         <size>0x25</size>
         <input_file_ref idref="fl-e"/>
      </object_component>
      <object_component id="oc-180">
         <name>.debug_pubnames</name>
         <load_address>0xa19</load_address>
         <run_address>0xa19</run_address>
         <size>0x22</size>
         <input_file_ref idref="fl-e"/>
      </object_component>
      <object_component id="oc-184">
         <name>.debug_pubnames</name>
         <load_address>0xa3b</load_address>
         <run_address>0xa3b</run_address>
         <size>0x24</size>
         <input_file_ref idref="fl-9"/>
      </object_component>
      <object_component id="oc-189">
         <name>.debug_pubnames</name>
         <load_address>0xa5f</load_address>
         <run_address>0xa5f</run_address>
         <size>0x24</size>
         <input_file_ref idref="fl-e"/>
      </object_component>
      <object_component id="oc-18f">
         <name>.debug_pubnames</name>
         <load_address>0xa83</load_address>
         <run_address>0xa83</run_address>
         <size>0x23</size>
         <input_file_ref idref="fl-e"/>
      </object_component>
      <object_component id="oc-195">
         <name>.debug_pubnames</name>
         <load_address>0xaa6</load_address>
         <run_address>0xaa6</run_address>
         <size>0x2d</size>
         <input_file_ref idref="fl-e"/>
      </object_component>
      <object_component id="oc-199">
         <name>.debug_pubnames</name>
         <load_address>0xad3</load_address>
         <run_address>0xad3</run_address>
         <size>0x1b</size>
         <input_file_ref idref="fl-9"/>
      </object_component>
      <object_component id="oc-1a2">
         <name>.debug_pubnames</name>
         <load_address>0xaee</load_address>
         <run_address>0xaee</run_address>
         <size>0x2d</size>
         <input_file_ref idref="fl-14"/>
      </object_component>
      <object_component id="oc-1a8">
         <name>.debug_pubnames</name>
         <load_address>0xb1b</load_address>
         <run_address>0xb1b</run_address>
         <size>0x2c</size>
         <input_file_ref idref="fl-14"/>
      </object_component>
      <object_component id="oc-1ae">
         <name>.debug_pubnames</name>
         <load_address>0xb47</load_address>
         <run_address>0xb47</run_address>
         <size>0x2b</size>
         <input_file_ref idref="fl-14"/>
      </object_component>
      <object_component id="oc-1b4">
         <name>.debug_pubnames</name>
         <load_address>0xb72</load_address>
         <run_address>0xb72</run_address>
         <size>0x2f</size>
         <input_file_ref idref="fl-14"/>
      </object_component>
      <object_component id="oc-1ba">
         <name>.debug_pubnames</name>
         <load_address>0xba1</load_address>
         <run_address>0xba1</run_address>
         <size>0x2d</size>
         <input_file_ref idref="fl-14"/>
      </object_component>
      <object_component id="oc-1c0">
         <name>.debug_pubnames</name>
         <load_address>0xbce</load_address>
         <run_address>0xbce</run_address>
         <size>0x2d</size>
         <input_file_ref idref="fl-14"/>
      </object_component>
      <object_component id="oc-1c6">
         <name>.debug_pubnames</name>
         <load_address>0xbfb</load_address>
         <run_address>0xbfb</run_address>
         <size>0x29</size>
         <input_file_ref idref="fl-14"/>
      </object_component>
      <object_component id="oc-1cc">
         <name>.debug_pubnames</name>
         <load_address>0xc24</load_address>
         <run_address>0xc24</run_address>
         <size>0x2d</size>
         <input_file_ref idref="fl-14"/>
      </object_component>
      <object_component id="oc-1d0">
         <name>.debug_pubnames</name>
         <load_address>0xc51</load_address>
         <run_address>0xc51</run_address>
         <size>0x25</size>
         <input_file_ref idref="fl-11"/>
      </object_component>
      <object_component id="oc-1d8">
         <name>.debug_pubnames</name>
         <load_address>0xc76</load_address>
         <run_address>0xc76</run_address>
         <size>0x28</size>
         <input_file_ref idref="fl-14"/>
      </object_component>
      <object_component id="oc-1de">
         <name>.debug_pubnames</name>
         <load_address>0xc9e</load_address>
         <run_address>0xc9e</run_address>
         <size>0x22</size>
         <input_file_ref idref="fl-14"/>
      </object_component>
      <object_component id="oc-1e4">
         <name>.debug_pubnames</name>
         <load_address>0xcc0</load_address>
         <run_address>0xcc0</run_address>
         <size>0x2a</size>
         <input_file_ref idref="fl-14"/>
      </object_component>
      <object_component id="oc-1ea">
         <name>.debug_pubnames</name>
         <load_address>0xcea</load_address>
         <run_address>0xcea</run_address>
         <size>0x23</size>
         <input_file_ref idref="fl-14"/>
      </object_component>
      <object_component id="oc-1f0">
         <name>.debug_pubnames</name>
         <load_address>0xd0d</load_address>
         <run_address>0xd0d</run_address>
         <size>0x29</size>
         <input_file_ref idref="fl-14"/>
      </object_component>
      <object_component id="oc-1f3">
         <name>.debug_pubnames</name>
         <load_address>0xd36</load_address>
         <run_address>0xd36</run_address>
         <size>0x2f</size>
         <input_file_ref idref="fl-4"/>
      </object_component>
      <object_component id="oc-1fd">
         <name>.debug_pubnames</name>
         <load_address>0xd65</load_address>
         <run_address>0xd65</run_address>
         <size>0x24</size>
         <input_file_ref idref="fl-e"/>
      </object_component>
      <object_component id="oc-202">
         <name>.debug_pubnames</name>
         <load_address>0xd89</load_address>
         <run_address>0xd89</run_address>
         <size>0x22</size>
         <input_file_ref idref="fl-11"/>
      </object_component>
      <object_component id="oc-209">
         <name>.debug_pubnames</name>
         <load_address>0xdab</load_address>
         <run_address>0xdab</run_address>
         <size>0x25</size>
         <input_file_ref idref="fl-12"/>
      </object_component>
      <object_component id="oc-20f">
         <name>.debug_pubnames</name>
         <load_address>0xdd0</load_address>
         <run_address>0xdd0</run_address>
         <size>0x24</size>
         <input_file_ref idref="fl-12"/>
      </object_component>
      <object_component id="oc-224">
         <name>.debug_pubnames</name>
         <load_address>0xdf4</load_address>
         <run_address>0xdf4</run_address>
         <size>0x43</size>
         <input_file_ref idref="fl-145"/>
      </object_component>
      <object_component id="oc-232">
         <name>.debug_pubnames</name>
         <load_address>0xe37</load_address>
         <run_address>0xe37</run_address>
         <size>0x25</size>
         <input_file_ref idref="fl-12"/>
      </object_component>
      <object_component id="oc-238">
         <name>.debug_pubnames</name>
         <load_address>0xe5c</load_address>
[...]
         <value>0x2000047c</value>
         <object_component_ref idref="oc-d1"/>
      </symbol>
      <symbol id="sm-78">
         <name>UART1IntHandler</name>
         <value>0x767</value>
         <object_component_ref idref="oc-2f"/>
      </symbol>
      <symbol id="sm-79">
         <name>error</name>
         <value>0x20000490</value>
         <object_component_ref idref="oc-d1"/>
      </symbol>
      <symbol id="sm-7a">
         <name>main</name>
         <value>0x821</value>
         <object_component_ref idref="oc-2f"/>
      </symbol>
      <symbol id="sm-7b">
         <name>milis</name>
         <value>0x20000498</value>
         <object_component_ref idref="oc-d1"/>
      </symbol>
      <symbol id="sm-7c">
         <name>micros</name>
         <value>0x20000484</value>
         <object_component_ref idref="oc-d1"/>
      </symbol>
      <symbol id="sm-7d">
         <name>tempRef</name>
         <value>0x20000478</value>
         <object_component_ref idref="oc-d1"/>
      </symbol>
      <symbol id="sm-7e">
         <name>cruce</name>
         <value>0x20000488</value>
         <object_component_ref idref="oc-d1"/>
      </symbol>
      <symbol id="sm-7f">
         <name>retrazo</name>
         <value>0x717</value>
         <object_component_ref idref="oc-2f"/>
      </symbol>
      <symbol id="sm-80">
         <name>ADC0S3IntHandler</name>
         <value>0x7e7</value>
         <object_component_ref idref="oc-2f"/>
      </symbol>
      <symbol id="sm-81">
         <name>wait</name>
         <value>0x2000049c</value>
         <object_component_ref idref="oc-d1"/>
      </symbol>
      <symbol id="sm-82">
         <name>estado</name>
         <value>0x20000494</value>
         <object_component_ref idref="oc-d1"/>
      </symbol>
      <symbol id="sm-83">
         <name>experimento</name>
         <value>0x2000048c</value>
         <object_component_ref idref="oc-d1"/>
      </symbol>
      <symbol id="sm-84">
         <name>setReferencia</name>
         <value>0x6b1</value>
         <object_component_ref idref="oc-2f"/>
      </symbol>
      <symbol id="sm-85">
         <name>temperatura</name>
         <value>0x20000474</value>
         <object_component_ref idref="oc-d1"/>
      </symbol>
      <symbol id="sm-86">
         <name>Timer0IntHandler</name>
         <value>0x801</value>
         <object_component_ref idref="oc-2f"/>
      </symbol>
      <symbol id="sm-87">
         <name>adc1</name>
         <value>0x20000480</value>
         <object_component_ref idref="oc-d1"/>
      </symbol>
      <symbol id="sm-a8">
         <name>ResetISR</name>
         <value>0x1765</value>
         <object_component_ref idref="oc-29"/>
      </symbol>
      <symbol id="sm-a9">
         <name>g_pfnVectors</name>
         <value>0x0</value>
         <object_component_ref idref="oc-e"/>
      </symbol>
      <symbol id="sm-dc">
         <name>Trigger</name>
         <value>0x200004a4</value>
         <object_component_ref idref="oc-1f1"/>
      </symbol>
      <symbol id="sm-dd">
         <name>limpiarComparador</name>
         <value>0x8d5</value>
         <object_component_ref idref="oc-b0"/>
      </symbol>
      <symbol id="sm-de">
         <name>configurarComparador</name>
         <value>0x8ff</value>
         <object_component_ref idref="oc-b0"/>
      </symbol>
      <symbol id="sm-df">
         <name>ADCread</name>
         <value>0xa77</value>
         <object_component_ref idref="oc-b0"/>
      </symbol>
      <symbol id="sm-e0">
         <name>ADCInit</name>
         <value>0x9f5</value>
         <object_component_ref idref="oc-b0"/>
      </symbol>
      <symbol id="sm-e1">
         <name>Secuenciador</name>
         <value>0x200004a0</value>
         <object_component_ref idref="oc-1f1"/>
      </symbol>
      <symbol id="sm-102">
         <name>configurarPuerto</name>
         <value>0xea9</value>
         <object_component_ref idref="oc-6d"/>
      </symbol>
      <symbol id="sm-103">
         <name>leerPuerto</name>
         <value>0xf4f</value>
         <object_component_ref idref="oc-6d"/>
      </symbol>
      <symbol id="sm-104">
         <name>colorRBG</name>
         <value>0xf73</value>
         <object_component_ref idref="oc-6d"/>
      </symbol>
      <symbol id="sm-105">
         <name>configurarRBG</name>
         <value>0xf61</value>
         <object_component_ref idref="oc-6d"/>
      </symbol>
      <symbol id="sm-106">
         <name>escribirPuerto</name>
         <value>0xf35</value>
         <object_component_ref idref="oc-6d"/>
      </symbol>
      <symbol id="sm-11a">
         <name>configurarInterrupcion</name>
         <value>0x1241</value>
         <object_component_ref idref="oc-c8"/>
      </symbol>
      <symbol id="sm-146">
         <name>ui32unsegundo</name>
         <value>0x200004dc</value>
      </symbol>
      <symbol id="sm-147">
         <name>delay</name>
         <value>0x200004cc</value>
      </symbol>
      <symbol id="sm-148">
         <name>delay_us</name>
         <value>0xc03</value>
         <object_component_ref idref="oc-74"/>
      </symbol>
      <symbol id="sm-149">
         <name>configurarReloj</name>
         <value>0xae1</value>
         <object_component_ref idref="oc-74"/>
      </symbol>
      <symbol id="sm-14a">
         <name>delay_s</name>
         <value>0xbe1</value>
         <object_component_ref idref="oc-74"/>
      </symbol>
      <symbol id="sm-14b">
         <name>delay_ms</name>
         <value>0xbbf</value>
         <object_component_ref idref="oc-74"/>
      </symbol>
      <symbol id="sm-1aa">
         <name>port</name>
         <value>0x200004d4</value>
      </symbol>
      <symbol id="sm-1ab">
         <name>UARTPrintf</name>
         <value>0x4fd</value>
         <object_component_ref idref="oc-a4"/>
      </symbol>
      <symbol id="sm-1ac">
         <name>conteoModulos</name>
         <value>0x200004b8</value>
         <object_component_ref idref="oc-182"/>
      </symbol>
      <symbol id="sm-1ad">
         <name>UARTPrint</name>
         <value>0x49f</value>
         <object_component_ref idref="oc-a4"/>
      </symbol>
      <symbol id="sm-1ae">
         <name>configurarUART</name>
         <value>0x26d</value>
         <object_component_ref idref="oc-a4"/>
      </symbol>
      <symbol id="sm-1af">
         <name>limpiarUART</name>
         <value>0x5cd</value>
         <object_component_ref idref="oc-a4"/>
      </symbol>
      <symbol id="sm-1b0">
         <name>UARTPrintfln</name>
         <value>0x577</value>
         <object_component_ref idref="oc-a4"/>
      </symbol>
      <symbol id="sm-1b1">
         <name>leerUART</name>
         <value>0x621</value>
         <object_component_ref idref="oc-a4"/>
      </symbol>
      <symbol id="sm-1b2">
         <name>UARTPrintln</name>
         <value>0x50f</value>
         <object_component_ref idref="oc-a4"/>
      </symbol>
      <symbol id="sm-22a">
         <name>UARTCharPutNonBlocking</name>
         <value>0x1895</value>
         <object_component_ref idref="oc-170"/>
      </symbol>
      <symbol id="sm-22b">
         <name>UARTConfigSetExpClk</name>
         <value>0x15a9</value>
         <object_component_ref idref="oc-164"/>
      </symbol>
      <symbol id="sm-22c">
         <name>UARTDisable</name>
         <value>0x1749</value>
         <object_component_ref idref="oc-259"/>
      </symbol>
      <symbol id="sm-22d">
         <name>UARTIntEnable</name>
         <value>0x191b</value>
         <object_component_ref idref="oc-1f9"/>
      </symbol>
      <symbol id="sm-22e">
         <name>UARTCharsAvail</name>
         <value>0x18c9</value>
         <object_component_ref idref="oc-aa"/>
      </symbol>
      <symbol id="sm-22f">
         <name>UARTCharGetNonBlocking</name>
         <value>0x1887</value>
         <object_component_ref idref="oc-191"/>
      </symbol>
      <symbol id="sm-230">
         <name>UARTClockSourceSet</name>
         <value>0x1935</value>
         <object_component_ref idref="oc-16a"/>
      </symbol>
      <symbol id="sm-231">
         <name>UARTCharPut</name>
         <value>0x18ff</value>
         <object_component_ref idref="oc-17c"/>
      </symbol>
      <symbol id="sm-232">
         <name>UARTEnable</name>
         <value>0x17dd</value>
         <object_component_ref idref="oc-25f"/>
      </symbol>
      <symbol id="sm-233">
         <name>UARTIntClear</name>
         <value>0x194d</value>
         <object_component_ref idref="oc-18b"/>
      </symbol>
      <symbol id="sm-234">
         <name>UARTIntStatus</name>
         <value>0x1909</value>
         <object_component_ref idref="oc-185"/>
      </symbol>
      <symbol id="sm-235">
         <name>UARTSpaceAvail</name>
         <value>0x18d5</value>
         <object_component_ref idref="oc-176"/>
      </symbol>
      <symbol id="sm-272">
         <name>TimerLoadSet</name>
         <value>0x1829</value>
         <object_component_ref idref="oc-86"/>
      </symbol>
      <symbol id="sm-273">
         <name>TimerDisable</name>
         <value>0x17c9</value>
         <object_component_ref idref="oc-c2"/>
      </symbol>
      <symbol id="sm-274">
         <name>TimerEnable</name>
         <value>0x1879</value>
         <object_component_ref idref="oc-9e"/>
      </symbol>
      <symbol id="sm-275">
         <name>TimerIntEnable</name>
         <value>0x1913</value>
         <object_component_ref idref="oc-8c"/>
      </symbol>
      <symbol id="sm-276">
         <name>TimerConfigure</name>
         <value>0x13dd</value>
         <object_component_ref idref="oc-80"/>
      </symbol>
      <symbol id="sm-277">
         <name>TimerIntClear</name>
         <value>0x1949</value>
         <object_component_ref idref="oc-b6"/>
      </symbol>
      <symbol id="sm-2d2">
         <name>SysCtlClockSet</name>
         <value>0xfa1</value>
         <object_component_ref idref="oc-129"/>
      </symbol>
      <symbol id="sm-2d3">
         <name>SysCtlDelay</name>
         <value>0x192f</value>
         <object_component_ref idref="oc-135"/>
      </symbol>
      <symbol id="sm-2d4">
         <name>SysCtlPeripheralEnable</name>
         <value>0x165d</value>
         <object_component_ref idref="oc-7a"/>
      </symbol>
      <symbol id="sm-2d5">
         <name>SysCtlClockGet</name>
         <value>0xd91</value>
         <object_component_ref idref="oc-12f"/>
      </symbol>
      <symbol id="sm-33a">
         <name>IntPrioritySet</name>
         <value>0x16e9</value>
         <object_component_ref idref="oc-1cd"/>
      </symbol>
      <symbol id="sm-33b">
         <name>IntEnable</name>
         <value>0x131d</value>
         <object_component_ref idref="oc-98"/>
      </symbol>
      <symbol id="sm-33c">
         <name>IntDisable</name>
         <value>0x12bd</value>
         <object_component_ref idref="oc-bc"/>
      </symbol>
      <symbol id="sm-33d">
         <name>IntRegister</name>
         <value>0x1629</value>
         <object_component_ref idref="oc-1ff"/>
      </symbol>
      <symbol id="sm-33e">
         <name>g_pfnRAMVectors</name>
         <value>0x20000000</value>
         <object_component_ref idref="oc-28a"/>
      </symbol>
      <symbol id="sm-33f">
         <name>IntMasterEnable</name>
         <value>0x18f5</value>
         <object_component_ref idref="oc-92"/>
      </symbol>
      <symbol id="sm-3a7">
         <name>GPIOPinConfigure</name>
         <value>0x1491</value>
         <object_component_ref idref="oc-158"/>
      </symbol>
      <symbol id="sm-3a8">
         <name>GPIOIntEnable</name>
         <value>0x18bd</value>
         <object_component_ref idref="oc-20b"/>
      </symbol>
      <symbol id="sm-3a9">
         <name>GPIOIntTypeSet</name>
         <value>0x1439</value>
         <object_component_ref idref="oc-205"/>
      </symbol>
      <symbol id="sm-3aa">
         <name>GPIOPinTypeGPIOInput</name>
         <value>0x1805</value>
         <object_component_ref idref="oc-110"/>
      </symbol>
      <symbol id="sm-3ab">
         <name>GPIOPinTypeUART</name>
         <value>0x1817</value>
         <object_component_ref idref="oc-15e"/>
      </symbol>
      <symbol id="sm-3ac">
         <name>GPIOPinTypeGPIOOutput</name>
         <value>0x1781</value>
         <object_component_ref idref="oc-116"/>
      </symbol>
      <symbol id="sm-3ad">
         <name>GPIOPinRead</name>
         <value>0x1923</value>
         <object_component_ref idref="oc-122"/>
      </symbol>
      <symbol id="sm-3ae">
         <name>GPIODirModeSet</name>
         <value>0x16bf</value>
         <object_component_ref idref="oc-22e"/>
      </symbol>
      <symbol id="sm-3af">
         <name>GPIOPinWrite</name>
         <value>0x1929</value>
         <object_component_ref idref="oc-11c"/>
      </symbol>
      <symbol id="sm-3b0">
         <name>GPIOPadConfigSet</name>
         <value>0xc61</value>
         <object_component_ref idref="oc-234"/>
      </symbol>
      <symbol id="sm-3ba">
         <name>CPUcpsie</name>
         <value>0x18b1</value>
         <object_component_ref idref="oc-146"/>
      </symbol>
      <symbol id="sm-437">
         <name>ADCComparatorIntEnable</name>
         <value>0x184d</value>
         <object_component_ref idref="oc-1c7"/>
      </symbol>
      <symbol id="sm-438">
         <name>ADCProcessorTrigger</name>
         <value>0x17b1</value>
         <object_component_ref idref="oc-1df"/>
      </symbol>
      <symbol id="sm-439">
         <name>ADCComparatorIntClear</name>
         <value>0x1941</value>
         <object_component_ref idref="oc-1a3"/>
      </symbol>
      <symbol id="sm-43a">
         <name>ADCComparatorConfigure</name>
         <value>0x18e1</value>
         <object_component_ref idref="oc-1bb"/>
      </symbol>
      <symbol id="sm-43b">
         <name>ADCComparatorIntStatus</name>
         <value>0x1945</value>
         <object_component_ref idref="oc-19d"/>
      </symbol>
      <symbol id="sm-43c">
         <name>ADCComparatorRegionSet</name>
         <value>0x185d</value>
         <object_component_ref idref="oc-1b5"/>
      </symbol>
      <symbol id="sm-43d">
         <name>ADCSequenceEnable</name>
         <value>0x186b</value>
         <object_component_ref idref="oc-1d3"/>
      </symbol>
      <symbol id="sm-43e">
         <name>ADCSequenceConfigure</name>
         <value>0x15e9</value>
         <object_component_ref idref="oc-1a9"/>
      </symbol>
      <symbol id="sm-43f">
         <name>ADCComparatorReset</name>
         <value>0x170d</value>
         <object_component_ref idref="oc-1c1"/>
      </symbol>
      <symbol id="sm-440">
         <name>ADCSequenceStepConfigure</name>
         <value>0x11c1</value>
         <object_component_ref idref="oc-1af"/>
      </symbol>
      <symbol id="sm-441">
         <name>ADCIntClear</name>
         <value>0x18eb</value>
         <object_component_ref idref="oc-1d9"/>
      </symbol>
      <symbol id="sm-442">
         <name>ADCIntStatus</name>
         <value>0x1691</value>
         <object_component_ref idref="oc-1e5"/>
      </symbol>
      <symbol id="sm-443">
         <name>ADCSequenceDataGet</name>
         <value>0x172b</value>
         <object_component_ref idref="oc-1eb"/>
      </symbol>
      <symbol id="sm-453">
         <name>_c_int00</name>
         <value>0x14d9</value>
         <object_component_ref idref="oc-11"/>
      </symbol>
      <symbol id="sm-454">
         <name>__stack</name>
         <value>0x2000026c</value>
         <object_component_ref idref="oc-28"/>
      </symbol>
      <symbol id="sm-46b">
         <name>__TI_decompress_none</name>
         <value>0x18a3</value>
         <object_component_ref idref="oc-16"/>
      </symbol>
      <symbol id="sm-48f">
         <name>__TI_decompress_rle24</name>
         <value>0x193b</value>
         <object_component_ref idref="oc-22"/>
      </symbol>
      <symbol id="sm-4a8">
         <name>__TI_zero_init</name>
         <value>0x183b</value>
         <object_component_ref idref="oc-1c"/>
      </symbol>
      <symbol id="sm-4c7">
         <name>C$$EXIT</name>
         <value>0x1565</value>
         <object_component_ref idref="oc-43"/>
      </symbol>
      <symbol id="sm-4c8">
         <name>abort</name>
         <value>0x1569</value>
         <object_component_ref idref="oc-43"/>
      </symbol>
      <symbol id="sm-4c9">
         <name>exit</name>
         <value>0x1571</value>
         <object_component_ref idref="oc-43"/>
      </symbol>
      <symbol id="sm-4ca">
         <name>__TI_dtors_ptr</name>
         <value>0x200004b4</value>
         <object_component_ref idref="oc-f6"/>
      </symbol>
      <symbol id="sm-4cb">
         <name>__TI_cleanup_ptr</name>
         <value>0x200004b0</value>
         <object_component_ref idref="oc-f6"/>
      </symbol>
      <symbol id="sm-4e6">
         <name>memcpy</name>
         <value>0x1091</value>
         <object_component_ref idref="oc-4d"/>
      </symbol>
      <symbol id="sm-4e7">
         <name>__aeabi_memcpy</name>
         <value>0x1091</value>
         <object_component_ref idref="oc-4d"/>
      </symbol>
      <symbol id="sm-4e8">
         <name>__aeabi_memcpy8</name>
         <value>0x1091</value>
         <object_component_ref idref="oc-4d"/>
      </symbol>
      <symbol id="sm-4e9">
         <name>__aeabi_memcpy4</name>
         <value>0x1091</value>
         <object_component_ref idref="oc-4d"/>
      </symbol>
      <symbol id="sm-4f1">
         <name>main_func_sp</name>
         <value>0x200004bc</value>
         <object_component_ref idref="oc-49"/>
      </symbol>
      <symbol id="sm-50a">
         <name>_nop</name>
         <value>0x17ff</value>
         <object_component_ref idref="oc-220"/>
      </symbol>
      <symbol id="sm-50b">
         <name>_lock</name>
         <value>0x200004a8</value>
         <object_component_ref idref="oc-f3"/>
      </symbol>
      <symbol id="sm-50c">
         <name>_unlock</name>
         <value>0x200004ac</value>
         <object_component_ref idref="oc-f3"/>
      </symbol>
      <symbol id="sm-50d">
         <name>_register_lock</name>
         <value>0x17f7</value>
         <object_component_ref idref="oc-220"/>
      </symbol>
      <symbol id="sm-50e">
         <name>_register_unlock</name>
         <value>0x17f1</value>
         <object_component_ref idref="oc-220"/>
      </symbol>
      <symbol id="sm-522">
         <name>_args_main</name>
         <value>0x1799</value>
         <object_component_ref idref="oc-3d"/>
      </symbol>
      <symbol id="sm-53f">
         <name>__TI_auto_init</name>
         <value>0x112d</value>
         <object_component_ref idref="oc-38"/>
      </symbol>
      <symbol id="sm-558">
         <name>copy_in</name>
         <value>0x1521</value>
         <object_component_ref idref="oc-ea"/>
      </symbol>
      <symbol id="sm-559">
         <name>__TI_static_base__</name>
         <value>0x0</value>
      </symbol>
      <symbol id="sm-55a">
         <name>__TI_args_main</name>
         <value>0x1</value>
      </symbol>
      <symbol id="sm-55b">
         <name>SHT$$INIT_ARRAY$$Limit</name>
         <value>0x0</value>
      </symbol>
      <symbol id="sm-55c">
         <name>SHT$$INIT_ARRAY$$Base</name>
         <value>0x0</value>
      </symbol>
   </symbol_table>
   <title>Link errors: red sections failed placement</title>
</link_info>
