******************************************************************************
                  TI ARM Linker PC v5.1.6                      
******************************************************************************
>> Linked Fri Jan 09 18:07:22 2015

OUTPUT FILE NAME:   <PRACTICA3.out>
ENTRY POINT SYMBOL: "_c_int00"  address: 00001e25


MEMORY CONFIGURATION

         name            origin    length      used     unused   attr    fill
----------------------  --------  ---------  --------  --------  ----  --------
  FLASH                 00000000   00040000  00002586  0003da7a  R  X
  SRAM                  20000000   00008000  000002bc  00007d44  RW X


SEGMENT ALLOCATION MAP

run origin  load origin   length   init length attrs members
----------  ----------- ---------- ----------- ----- -------
00000000    00000000    00002588   00002588    r-x
  00000000    00000000    0000026c   0000026c    r-- .intvecs
  0000026c    0000026c    000020c2   000020c2    r-x .text
  00002330    00002330    00000208   00000208    r-- .const
  00002538    00002538    00000050   00000050    r-- .cinit
20000000    20000000    000002bc   00000000    rw-
  20000000    20000000    00000200   00000000    rw- .stack
  20000200    20000200    00000060   00000000    rw- .bss
  20000260    20000260    0000005c   00000000    rw- .data


SECTION ALLOCATION MAP

 output                                  attributes/
section   page    origin      length       input sections
--------  ----  ----------  ----------   ----------------
.intvecs   0    00000000    0000026c     
                  00000000    0000026c     tm4c123gh6pm_startup_ccs.obj (.intvecs)

.init_array 
*          0    00000000    00000000     UNINITIALIZED

.text      0    0000026c    000020c2     
                  0000026c    00000954     miLibreria.obj (.text)
                  00000bc0    000006f0     PracticaTres.obj (.text)
                  000012b0    000001b6     rtsv7M4_T_le_v4SPD16_eabi.lib : fd_add_t2.obj (.text)
                  00001466    00000136                                   : fd_div_t2.obj (.text)
                  0000159c    00000130     driverlib.lib : gpio.obj (.text:GPIOPadConfigSet)
                  000016cc    00000118                   : sysctl.obj (.text:SysCtlClockGet)
                  000017e4    000000fc     rtsv7M4_T_le_v4SPD16_eabi.lib : fd_mul_t2.obj (.text)
                  000018e0    000000f0     driverlib.lib : sysctl.obj (.text:SysCtlClockSet)
                  000019d0    0000009c     rtsv7M4_T_le_v4SPD16_eabi.lib : memcpy_t2.obj (.text)
                  00001a6c    00000094                                   : auto_init.obj (.text)
                  00001b00    00000086                                   : fd_cmp_t2.obj (.text:__aeabi_cdrcmple)
                  00001b86    00000080     driverlib.lib : adc.obj (.text:ADCSequenceStepConfigure)
                  00001c06    00000002     --HOLE-- [fill = 0]
                  00001c08    00000060                   : interrupt.obj (.text:IntDisable)
                  00001c68    00000060                   : interrupt.obj (.text:IntEnable)
                  00001cc8    0000005e     rtsv7M4_T_le_v4SPD16_eabi.lib : copy_decompress_rle.obj (.text)
                  00001d26    00000002     --HOLE-- [fill = 0]
                  00001d28    0000005c     driverlib.lib : timer.obj (.text:TimerConfigure)
                  00001d84    00000056                   : gpio.obj (.text:GPIOIntTypeSet)
                  00001dda    00000002     --HOLE-- [fill = 0]
                  00001ddc    00000048                   : gpio.obj (.text:GPIOPinConfigure)
                  00001e24    00000048     rtsv7M4_T_le_v4SPD16_eabi.lib : boot.obj (.text)
                  00001e6c    00000048                                   : fd_toi_t2.obj (.text)
                  00001eb4    00000044                                   : cpy_tbl.obj (.text)
                  00001ef8    00000044                                   : exit.obj (.text)
                  00001f3c    00000040     driverlib.lib : uart.obj (.text:UARTConfigSetExpClk)
                  00001f7c    0000003e                   : adc.obj (.text:ADCSequenceConfigure)
                  00001fba    00000002     --HOLE-- [fill = 0]
                  00001fbc    00000034                   : sysctl.obj (.text:SysCtlPeripheralEnable)
                  00001ff0    0000002e                   : adc.obj (.text:ADCIntStatus)
                  0000201e    0000002e     rtsv7M4_T_le_v4SPD16_eabi.lib : i_tofd_t2.obj (.text)
                  0000204c    0000002a     driverlib.lib : gpio.obj (.text:GPIODirModeSet)
                  00002076    00000002     --HOLE-- [fill = 0]
                  00002078    00000024                   : interrupt.obj (.text:IntPrioritySet)
                  0000209c    00000020     rtsv7M4_T_le_v4SPD16_eabi.lib : u_tofd_t2.obj (.text)
                  000020bc    0000001e     driverlib.lib : adc.obj (.text:ADCComparatorReset)
                  000020da    0000001e                   : adc.obj (.text:ADCSequenceDataGet)
                  000020f8    0000001c                   : uart.obj (.text:UARTDisable)
                  00002114    0000001c     tm4c123gh6pm_startup_ccs.obj (.text)
                  00002130    00000018     driverlib.lib : gpio.obj (.text:GPIOPinTypeGPIOOutput)
                  00002148    00000018     rtsv7M4_T_le_v4SPD16_eabi.lib : args_main.obj (.text)
                  00002160    00000016     driverlib.lib : adc.obj (.text:ADCProcessorTrigger)
                  00002176    00000002     --HOLE-- [fill = 0]
                  00002178    00000014                   : timer.obj (.text:TimerDisable)
                  0000218c    00000014                   : uart.obj (.text:UARTEnable)
                  000021a0    00000014     rtsv7M4_T_le_v4SPD16_eabi.lib : _lock.obj (.text)
                  000021b4    00000012     driverlib.lib : adc.obj (.text:ADCHardwareOversampleConfigure)
                  000021c6    00000012                   : gpio.obj (.text:GPIOPinTypeGPIOInput)
                  000021d8    00000012                   : gpio.obj (.text:GPIOPinTypeUART)
                  000021ea    00000012                   : timer.obj (.text:TimerLoadSet)
                  000021fc    00000012     rtsv7M4_T_le_v4SPD16_eabi.lib : copy_zero_init.obj (.text:decompress:ZI)
                  0000220e    00000010     driverlib.lib : adc.obj (.text:ADCComparatorIntEnable)
                  0000221e    00000002     --HOLE-- [fill = 0]
                  00002220    00000010                   : fpu.obj (.text:FPUEnable)
                  00002230    00000010                   : fpu.obj (.text:FPULazyStackingEnable)
                  00002240    0000000e                   : adc.obj (.text:ADCComparatorRegionSet)
                  0000224e    0000000e                   : adc.obj (.text:ADCSequenceEnable)
                  0000225c    0000000e                   : timer.obj (.text:TimerEnable)
                  0000226a    0000000e                   : uart.obj (.text:UARTCharGetNonBlocking)
                  00002278    0000000e                   : uart.obj (.text:UARTCharPutNonBlocking)
                  00002286    0000000e     rtsv7M4_T_le_v4SPD16_eabi.lib : copy_decompress_none.obj (.text:decompress:none)
                  00002294    0000000c     driverlib.lib : cpu.obj (.text:CPUcpsie)
                  000022a0    0000000c                   : gpio.obj (.text:GPIOIntEnable)
                  000022ac    0000000c                   : uart.obj (.text:UARTCharsAvail)
                  000022b8    0000000c                   : uart.obj (.text:UARTSpaceAvail)
                  000022c4    0000000a                   : adc.obj (.text:ADCComparatorConfigure)
                  000022ce    0000000a                   : adc.obj (.text:ADCIntClear)
                  000022d8    0000000a                   : interrupt.obj (.text:IntMasterEnable)
                  000022e2    0000000a                   : uart.obj (.text:UARTCharPut)
                  000022ec    0000000a                   : uart.obj (.text:UARTIntStatus)
                  000022f6    00000008                   : timer.obj (.text:TimerIntEnable)
                  000022fe    00000008                   : uart.obj (.text:UARTIntEnable)
                  00002306    00000006                   : gpio.obj (.text:GPIOPinRead)
                  0000230c    00000006                   : gpio.obj (.text:GPIOPinWrite)
                  00002312    00000006                   : sysctl.obj (.text:SysCtlDelay)
                  00002318    00000006     rtsv7M4_T_le_v4SPD16_eabi.lib : copy_decompress_rle.obj (.text:decompress:rle24)
                  0000231e    00000004     driverlib.lib : adc.obj (.text:ADCComparatorIntClear)
                  00002322    00000004                   : adc.obj (.text:ADCComparatorIntStatus)
                  00002326    00000004                   : timer.obj (.text:TimerIntClear)
                  0000232a    00000004                   : uart.obj (.text:UARTIntClear)

.const     0    00002330    00000208     
                  00002330    0000009c     driverlib.lib : interrupt.obj (.const:g_pui32Regs)
                  000023cc    00000090                   : gpio.obj (.const:g_pui32GPIOBaseAddrs)
                  0000245c    00000070                   : interrupt.obj (.const)
                  000024cc    0000006c                   : sysctl.obj (.const:g_pui32Xtals)

.cinit     0    00002538    00000050     
                  00002538    0000002a     (.cinit..data.load) [load image, compression = rle]
                  00002562    00000002     --HOLE-- [fill = 0]
                  00002564    0000000c     (__TI_handler_table)
                  00002570    00000008     (.cinit..bss.load) [load image, compression = zero_init]
                  00002578    00000010     (__TI_cinit_table)

.stack     0    20000000    00000200     UNINITIALIZED
                  20000000    00000200     --HOLE--

.bss       0    20000200    00000060     UNINITIALIZED
                  20000200    00000020     (.common:Buffer)
                  20000220    00000014     (.common:cadena)
                  20000234    0000000c     (.common:dato)
                  20000240    00000008     (.common:u)
                  20000248    00000004     (.common:flag)
                  2000024c    00000004     (.common:media)
                  20000250    00000004     (.common:micros)
                  20000254    00000004     (.common:milis)
                  20000258    00000004     (.common:serialRead)
                  2000025c    00000004     (.common:wait)

.data      0    20000260    0000005c     UNINITIALIZED
                  20000260    00000030     PracticaTres.obj (.data)
                  20000290    00000018     miLibreria.obj (.data)
                  200002a8    00000008     rtsv7M4_T_le_v4SPD16_eabi.lib : _lock.obj (.data)
                  200002b0    00000008                                   : exit.obj (.data)
                  200002b8    00000004                                   : stkdepth_vars.obj (.data)


LINKER GENERATED COPY TABLES

__TI_cinit_table @ 00002578 records: 2, size/record: 8, table size: 16
	.data: load addr=00002538, load size=0000002a bytes, run addr=20000260, run size=0000005c bytes, compression=rle
	.bss: load addr=00002570, load size=00000008 bytes, run addr=20000200, run size=00000060 bytes, compression=zero_init


LINKER GENERATED HANDLER TABLE

__TI_handler_table @ 00002564 records: 3, size/record: 4, table size: 12
	index: 0, handler: __TI_decompress_rle24
	index: 1, handler: __TI_decompress_none
	index: 2, handler: __TI_zero_init


GLOBAL SYMBOLS: SORTED ALPHABETICALLY BY Name 

address    name
--------   ----
000022c5   ADCComparatorConfigure
0000231f   ADCComparatorIntClear
0000220f   ADCComparatorIntEnable
00002323   ADCComparatorIntStatus
00002241   ADCComparatorRegionSet
000020bd   ADCComparatorReset
000021b5   ADCHardwareOversampleConfigure
000022cf   ADCIntClear
00000377   ADCIntHandler
00001ff1   ADCIntStatus
00002161   ADCProcessorTrigger
00001f7d   ADCSequenceConfigure
000020db   ADCSequenceDataGet
0000224f   ADCSequenceEnable
00001b87   ADCSequenceStepConfigure
20000200   Buffer
00001ef9   C$$EXIT
00002295   CPUcpsie
00000e13   ComparadorHandler
00002221   FPUEnable
00002231   FPULazyStackingEnable
0000204d   GPIODirModeSet
000022a1   GPIOIntEnable
00001d85   GPIOIntTypeSet
0000159d   GPIOPadConfigSet
00001ddd   GPIOPinConfigure
00002307   GPIOPinRead
000021c7   GPIOPinTypeGPIOInput
00002131   GPIOPinTypeGPIOOutput
000021d9   GPIOPinTypeUART
0000230d   GPIOPinWrite
00001c09   IntDisable
00001c69   IntEnable
000022d9   IntMasterEnable
00002079   IntPrioritySet
00002115   ResetISR
UNDEFED    SHT$$INIT_ARRAY$$Base
UNDEFED    SHT$$INIT_ARRAY$$Limit
000016cd   SysCtlClockGet
000018e1   SysCtlClockSet
00002313   SysCtlDelay
00001fbd   SysCtlPeripheralEnable
00000e49   Timer0IntHandler
00001d29   TimerConfigure
00002179   TimerDisable
0000225d   TimerEnable
00002327   TimerIntClear
000022f7   TimerIntEnable
000021eb   TimerLoadSet
00000d57   UART1IntHandler
0000226b   UARTCharGetNonBlocking
000022e3   UARTCharPut
00002279   UARTCharPutNonBlocking
000022ad   UARTCharsAvail
00001f3d   UARTConfigSetExpClk
000020f9   UARTDisable
0000218d   UARTEnable
0000232b   UARTIntClear
000022ff   UARTIntEnable
000022ed   UARTIntStatus
000009a1   UARTPrint
000009fd   UARTPrintf
00000a93   UARTPrintfln
00000a2d   UARTPrintln
000022b9   UARTSpaceAvail
20000200   __STACK_END
00000200   __STACK_SIZE
20000200   __STACK_TOP
00002578   __TI_CINIT_Base
00002588   __TI_CINIT_Limit
00002564   __TI_Handler_Table_Base
00002570   __TI_Handler_Table_Limit
00000001   __TI_args_main
00001a6d   __TI_auto_init
200002b0   __TI_cleanup_ptr
00002287   __TI_decompress_none
00002319   __TI_decompress_rle24
200002b4   __TI_dtors_ptr
00000000   __TI_static_base__
000021fd   __TI_zero_init
00001b01   __aeabi_cdrcmple
00001e6d   __aeabi_d2iz
000012bb   __aeabi_dadd
00001467   __aeabi_ddiv
000017e5   __aeabi_dmul
000012b1   __aeabi_dsub
0000201f   __aeabi_i2d
000019d1   __aeabi_memcpy
000019d1   __aeabi_memcpy4
000019d1   __aeabi_memcpy8
0000209d   __aeabi_ui2d
ffffffff   __binit__
ffffffff   __c_args__
20000000   __stack
00002149   _args_main
00001e25   _c_int00
200002a8   _lock
000021af   _nop
000021a7   _register_lock
000021a1   _register_unlock
200002ac   _unlock
00001efd   abort
ffffffff   binit
20000220   cadena
00000c7d   calcularAmplitud
000005a7   colorRBG
0000039f   configurarADCBasico
00000429   configurarADCDual
0000029b   configurarComparador
000005bd   configurarInterrupcion
000004c9   configurarPuerto
00000595   configurarRBG
00000631   configurarReloj
00000731   configurarUART
00001eb5   copy_in
2000026c   cruce
20000234   dato
20000264   digito
00000d19   envio
20000278   error
2000027c   errorAnterior
00000565   escribirPuerto
00001f05   exit
20000268   experimento
20000248   flag
00000bc1   flash
00000000   g_pfnVectors
2000026e   i
00000cc3   int2string
2000029c   lecturaADC
000003eb   leerADCBasico
00000481   leerADCDual
00000581   leerPuerto
00000b31   leerUART
0000028b   limpiarADC
0000026d   limpiarComparador
00000ac5   limpiarUART
00000ec1   main
200002b8   main_func_sp
20000288   max
2000024c   media
000019d1   memcpy
20000250   micros
20000254   milis
2000028c   min
200002a4   port
20000260   referencia
000006b9   retrazo
20000258   serialRead
00000bdf   setReferencia
20000274   temperatura
20000280   tempref
20000270   tiempo
20000284   tt
20000240   u
2000025c   wait


GLOBAL SYMBOLS: SORTED BY Symbol Address 

address    name
--------   ----
00000000   __TI_static_base__
00000000   g_pfnVectors
00000001   __TI_args_main
00000200   __STACK_SIZE
0000026d   limpiarComparador
0000028b   limpiarADC
0000029b   configurarComparador
00000377   ADCIntHandler
0000039f   configurarADCBasico
000003eb   leerADCBasico
00000429   configurarADCDual
00000481   leerADCDual
000004c9   configurarPuerto
00000565   escribirPuerto
00000581   leerPuerto
00000595   configurarRBG
000005a7   colorRBG
000005bd   configurarInterrupcion
00000631   configurarReloj
000006b9   retrazo
00000731   configurarUART
000009a1   UARTPrint
000009fd   UARTPrintf
00000a2d   UARTPrintln
00000a93   UARTPrintfln
00000ac5   limpiarUART
00000b31   leerUART
00000bc1   flash
00000bdf   setReferencia
00000c7d   calcularAmplitud
00000cc3   int2string
00000d19   envio
00000d57   UART1IntHandler
00000e13   ComparadorHandler
00000e49   Timer0IntHandler
00000ec1   main
000012b1   __aeabi_dsub
000012bb   __aeabi_dadd
00001467   __aeabi_ddiv
0000159d   GPIOPadConfigSet
000016cd   SysCtlClockGet
000017e5   __aeabi_dmul
000018e1   SysCtlClockSet
000019d1   __aeabi_memcpy
000019d1   __aeabi_memcpy4
000019d1   __aeabi_memcpy8
000019d1   memcpy
00001a6d   __TI_auto_init
00001b01   __aeabi_cdrcmple
00001b87   ADCSequenceStepConfigure
00001c09   IntDisable
00001c69   IntEnable
00001d29   TimerConfigure
00001d85   GPIOIntTypeSet
00001ddd   GPIOPinConfigure
00001e25   _c_int00
00001e6d   __aeabi_d2iz
00001eb5   copy_in
00001ef9   C$$EXIT
00001efd   abort
00001f05   exit
00001f3d   UARTConfigSetExpClk
00001f7d   ADCSequenceConfigure
00001fbd   SysCtlPeripheralEnable
00001ff1   ADCIntStatus
0000201f   __aeabi_i2d
0000204d   GPIODirModeSet
00002079   IntPrioritySet
0000209d   __aeabi_ui2d
000020bd   ADCComparatorReset
000020db   ADCSequenceDataGet
000020f9   UARTDisable
00002115   ResetISR
00002131   GPIOPinTypeGPIOOutput
00002149   _args_main
00002161   ADCProcessorTrigger
00002179   TimerDisable
0000218d   UARTEnable
000021a1   _register_unlock
000021a7   _register_lock
000021af   _nop
000021b5   ADCHardwareOversampleConfigure
000021c7   GPIOPinTypeGPIOInput
000021d9   GPIOPinTypeUART
000021eb   TimerLoadSet
000021fd   __TI_zero_init
0000220f   ADCComparatorIntEnable
00002221   FPUEnable
00002231   FPULazyStackingEnable
00002241   ADCComparatorRegionSet
0000224f   ADCSequenceEnable
0000225d   TimerEnable
0000226b   UARTCharGetNonBlocking
00002279   UARTCharPutNonBlocking
00002287   __TI_decompress_none
00002295   CPUcpsie
000022a1   GPIOIntEnable
000022ad   UARTCharsAvail
000022b9   UARTSpaceAvail
000022c5   ADCComparatorConfigure
000022cf   ADCIntClear
000022d9   IntMasterEnable
000022e3   UARTCharPut
000022ed   UARTIntStatus
000022f7   TimerIntEnable
000022ff   UARTIntEnable
00002307   GPIOPinRead
0000230d   GPIOPinWrite
00002313   SysCtlDelay
00002319   __TI_decompress_rle24
0000231f   ADCComparatorIntClear
00002323   ADCComparatorIntStatus
00002327   TimerIntClear
0000232b   UARTIntClear
00002564   __TI_Handler_Table_Base
00002570   __TI_Handler_Table_Limit
00002578   __TI_CINIT_Base
00002588   __TI_CINIT_Limit
20000000   __stack
20000200   Buffer
20000200   __STACK_END
20000200   __STACK_TOP
20000220   cadena
20000234   dato
20000240   u
20000248   flag
2000024c   media
20000250   micros
20000254   milis
20000258   serialRead
2000025c   wait
20000260   referencia
20000264   digito
20000268   experimento
2000026c   cruce
2000026e   i
20000270   tiempo
20000274   temperatura
20000278   error
2000027c   errorAnterior
20000280   tempref
20000284   tt
20000288   max
2000028c   min
2000029c   lecturaADC
200002a4   port
200002a8   _lock
200002ac   _unlock
200002b0   __TI_cleanup_ptr
200002b4   __TI_dtors_ptr
200002b8   main_func_sp
ffffffff   __binit__
ffffffff   __c_args__
ffffffff   binit
UNDEFED    SHT$$INIT_ARRAY$$Base
UNDEFED    SHT$$INIT_ARRAY$$Limit

[156 symbols]
