******************************************************************************
                  TI ARM Linker PC v5.1.6                      
******************************************************************************
>> Linked Fri Jan 09 00:56:53 2015

OUTPUT FILE NAME:   <PRACTICA3.out>
ENTRY POINT SYMBOL: "_c_int00"  address: 0000190d


MEMORY CONFIGURATION

         name            origin    length      used     unused   attr    fill
----------------------  --------  ---------  --------  --------  ----  --------
  FLASH                 00000000   00040000  0000203c  0003dfc4  R  X
  SRAM                  20000000   00008000  0000029c  00007d64  RW X


SEGMENT ALLOCATION MAP

run origin  load origin   length   init length attrs members
----------  ----------- ---------- ----------- ----- -------
00000000    00000000    00002040   00002040    r-x
  00000000    00000000    0000026c   0000026c    r-- .intvecs
  0000026c    0000026c    00001b70   00001b70    r-x .text
  00001ddc    00001ddc    00000208   00000208    r-- .const
  00001fe8    00001fe8    00000058   00000058    r-- .cinit
20000000    20000000    0000029c   00000000    rw-
  20000000    20000000    00000200   00000000    rw- .stack
  20000200    20000200    00000058   00000000    rw- .data
  20000258    20000258    00000044   00000000    rw- .bss


SECTION ALLOCATION MAP

 output                                  attributes/
section   page    origin      length       input sections
--------  ----  ----------  ----------   ----------------
.intvecs   0    00000000    0000026c     
                  00000000    0000026c     tm4c123gh6pm_startup_ccs.obj (.intvecs)

.init_array 
*          0    00000000    00000000     UNINITIALIZED

.text      0    0000026c    00001b70     
                  0000026c    0000095c     miLibreria.obj (.text)
                  00000bc8    0000040c     PracticaTres.obj (.text)
                  00000fd4    00000136     rtsv7M4_T_le_v4SPD16_eabi.lib : fd_div_t2.obj (.text)
                  0000110a    00000130     driverlib.lib : gpio.obj (.text:GPIOPadConfigSet)
                  0000123a    00000002     --HOLE-- [fill = 0]
                  0000123c    00000118                   : sysctl.obj (.text:SysCtlClockGet)
                  00001354    000000fc     rtsv7M4_T_le_v4SPD16_eabi.lib : fd_mul_t2.obj (.text)
                  00001450    000000f0     driverlib.lib : sysctl.obj (.text:SysCtlClockSet)
                  00001540    0000009c     rtsv7M4_T_le_v4SPD16_eabi.lib : memcpy_t2.obj (.text)
                  000015dc    00000094                                   : auto_init.obj (.text)
                  00001670    00000080     driverlib.lib : adc.obj (.text:ADCSequenceStepConfigure)
                  000016f0    00000060                   : interrupt.obj (.text:IntDisable)
                  00001750    00000060                   : interrupt.obj (.text:IntEnable)
                  000017b0    0000005e     rtsv7M4_T_le_v4SPD16_eabi.lib : copy_decompress_rle.obj (.text)
                  0000180e    00000002     --HOLE-- [fill = 0]
                  00001810    0000005c     driverlib.lib : timer.obj (.text:TimerConfigure)
                  0000186c    00000056                   : gpio.obj (.text:GPIOIntTypeSet)
                  000018c2    00000002     --HOLE-- [fill = 0]
                  000018c4    00000048                   : gpio.obj (.text:GPIOPinConfigure)
                  0000190c    00000048     rtsv7M4_T_le_v4SPD16_eabi.lib : boot.obj (.text)
                  00001954    00000048                                   : fd_toi_t2.obj (.text)
                  0000199c    00000044                                   : cpy_tbl.obj (.text)
                  000019e0    00000044                                   : exit.obj (.text)
                  00001a24    00000040     driverlib.lib : uart.obj (.text:UARTConfigSetExpClk)
                  00001a64    0000003e                   : adc.obj (.text:ADCSequenceConfigure)
                  00001aa2    00000002     --HOLE-- [fill = 0]
                  00001aa4    00000034                   : sysctl.obj (.text:SysCtlPeripheralEnable)
                  00001ad8    0000002e                   : adc.obj (.text:ADCIntStatus)
                  00001b06    0000002e     rtsv7M4_T_le_v4SPD16_eabi.lib : i_tofd_t2.obj (.text)
                  00001b34    0000002a     driverlib.lib : gpio.obj (.text:GPIODirModeSet)
                  00001b5e    00000002     --HOLE-- [fill = 0]
                  00001b60    00000024                   : interrupt.obj (.text:IntPrioritySet)
                  00001b84    0000001e                   : adc.obj (.text:ADCComparatorReset)
                  00001ba2    0000001e                   : adc.obj (.text:ADCSequenceDataGet)
                  00001bc0    0000001c                   : uart.obj (.text:UARTDisable)
                  00001bdc    0000001c     tm4c123gh6pm_startup_ccs.obj (.text)
                  00001bf8    00000018     driverlib.lib : gpio.obj (.text:GPIOPinTypeGPIOOutput)
                  00001c10    00000018     rtsv7M4_T_le_v4SPD16_eabi.lib : args_main.obj (.text)
                  00001c28    00000016     driverlib.lib : adc.obj (.text:ADCProcessorTrigger)
                  00001c3e    00000002     --HOLE-- [fill = 0]
                  00001c40    00000014                   : timer.obj (.text:TimerDisable)
                  00001c54    00000014                   : uart.obj (.text:UARTEnable)
                  00001c68    00000014     rtsv7M4_T_le_v4SPD16_eabi.lib : _lock.obj (.text)
                  00001c7c    00000012     driverlib.lib : adc.obj (.text:ADCHardwareOversampleConfigure)
                  00001c8e    00000012                   : gpio.obj (.text:GPIOPinTypeGPIOInput)
                  00001ca0    00000012                   : gpio.obj (.text:GPIOPinTypeUART)
                  00001cb2    00000012                   : timer.obj (.text:TimerLoadSet)
                  00001cc4    00000012     rtsv7M4_T_le_v4SPD16_eabi.lib : copy_zero_init.obj (.text:decompress:ZI)
                  00001cd6    00000010     driverlib.lib : adc.obj (.text:ADCComparatorIntEnable)
                  00001ce6    00000002     --HOLE-- [fill = 0]
                  00001ce8    00000010                   : fpu.obj (.text:FPUEnable)
                  00001cf8    00000010                   : fpu.obj (.text:FPULazyStackingEnable)
                  00001d08    0000000e                   : adc.obj (.text:ADCComparatorRegionSet)
                  00001d16    0000000e                   : adc.obj (.text:ADCSequenceEnable)
                  00001d24    0000000e                   : timer.obj (.text:TimerEnable)
                  00001d32    0000000e                   : uart.obj (.text:UARTCharGetNonBlocking)
                  00001d40    0000000e     rtsv7M4_T_le_v4SPD16_eabi.lib : copy_decompress_none.obj (.text:decompress:none)
                  00001d4e    0000000c     driverlib.lib : cpu.obj (.text:CPUcpsie)
                  00001d5a    0000000c                   : gpio.obj (.text:GPIOIntEnable)
                  00001d66    0000000c                   : uart.obj (.text:UARTCharsAvail)
                  00001d72    0000000a                   : adc.obj (.text:ADCComparatorConfigure)
                  00001d7c    0000000a                   : adc.obj (.text:ADCIntClear)
                  00001d86    0000000a                   : interrupt.obj (.text:IntMasterEnable)
                  00001d90    0000000a                   : uart.obj (.text:UARTCharPut)
                  00001d9a    0000000a                   : uart.obj (.text:UARTIntStatus)
                  00001da4    00000008                   : timer.obj (.text:TimerIntEnable)
                  00001dac    00000008                   : uart.obj (.text:UARTIntEnable)
                  00001db4    00000006                   : gpio.obj (.text:GPIOPinRead)
                  00001dba    00000006                   : gpio.obj (.text:GPIOPinWrite)
                  00001dc0    00000006                   : sysctl.obj (.text:SysCtlDelay)
                  00001dc6    00000006     rtsv7M4_T_le_v4SPD16_eabi.lib : copy_decompress_rle.obj (.text:decompress:rle24)
                  00001dcc    00000004     driverlib.lib : adc.obj (.text:ADCComparatorIntClear)
                  00001dd0    00000004                   : adc.obj (.text:ADCComparatorIntStatus)
                  00001dd4    00000004                   : timer.obj (.text:TimerIntClear)
                  00001dd8    00000004                   : uart.obj (.text:UARTIntClear)

.const     0    00001ddc    00000208     
                  00001ddc    0000009c     driverlib.lib : interrupt.obj (.const:g_pui32Regs)
                  00001e78    00000090                   : gpio.obj (.const:g_pui32GPIOBaseAddrs)
                  00001f08    00000070                   : interrupt.obj (.const)
                  00001f78    0000006c                   : sysctl.obj (.const:g_pui32Xtals)

.cinit     0    00001fe8    00000058     
                  00001fe8    00000030     (.cinit..data.load) [load image, compression = rle]
                  00002018    0000000c     (__TI_handler_table)
                  00002024    00000004     --HOLE-- [fill = 0]
                  00002028    00000008     (.cinit..bss.load) [load image, compression = zero_init]
                  00002030    00000010     (__TI_cinit_table)

.stack     0    20000000    00000200     UNINITIALIZED
                  20000000    00000200     --HOLE--

.data      0    20000200    00000058     UNINITIALIZED
                  20000200    0000002c     PracticaTres.obj (.data)
                  2000022c    00000018     miLibreria.obj (.data)
                  20000244    00000008     rtsv7M4_T_le_v4SPD16_eabi.lib : _lock.obj (.data)
                  2000024c    00000008                                   : exit.obj (.data)
                  20000254    00000004                                   : stkdepth_vars.obj (.data)

.bss       0    20000258    00000044     UNINITIALIZED
                  20000258    00000020     (.common:Buffer)
                  20000278    0000000c     (.common:dato)
                  20000284    00000004     (.common:flag)
                  20000288    00000004     (.common:media)
                  2000028c    00000004     (.common:micros)
                  20000290    00000004     (.common:milis)
                  20000294    00000004     (.common:serialRead)
                  20000298    00000004     (.common:wait)


LINKER GENERATED COPY TABLES

__TI_cinit_table @ 00002030 records: 2, size/record: 8, table size: 16
	.data: load addr=00001fe8, load size=00000030 bytes, run addr=20000200, run size=00000058 bytes, compression=rle
	.bss: load addr=00002028, load size=00000008 bytes, run addr=20000258, run size=00000044 bytes, compression=zero_init


LINKER GENERATED HANDLER TABLE

__TI_handler_table @ 00002018 records: 3, size/record: 4, table size: 12
	index: 0, handler: __TI_decompress_rle24
	index: 1, handler: __TI_decompress_none
	index: 2, handler: __TI_zero_init


GLOBAL SYMBOLS: SORTED ALPHABETICALLY BY Name 

address    name
--------   ----
00001d73   ADCComparatorConfigure
00001dcd   ADCComparatorIntClear
00001cd7   ADCComparatorIntEnable
00001dd1   ADCComparatorIntStatus
00001d09   ADCComparatorRegionSet
00001b85   ADCComparatorReset
00001c7d   ADCHardwareOversampleConfigure
00001d7d   ADCIntClear
00000377   ADCIntHandler
00001ad9   ADCIntStatus
00001c29   ADCProcessorTrigger
00001a65   ADCSequenceConfigure
00001ba3   ADCSequenceDataGet
00001d17   ADCSequenceEnable
00001671   ADCSequenceStepConfigure
20000258   Buffer
000019e1   C$$EXIT
00001d4f   CPUcpsie
00000d9b   ComparadorHandler
00001ce9   FPUEnable
00001cf9   FPULazyStackingEnable
00001b35   GPIODirModeSet
00001d5b   GPIOIntEnable
0000186d   GPIOIntTypeSet
0000110b   GPIOPadConfigSet
000018c5   GPIOPinConfigure
00001db5   GPIOPinRead
00001c8f   GPIOPinTypeGPIOInput
00001bf9   GPIOPinTypeGPIOOutput
00001ca1   GPIOPinTypeUART
00001dbb   GPIOPinWrite
000016f1   IntDisable
00001751   IntEnable
00001d87   IntMasterEnable
00001b61   IntPrioritySet
00001bdd   ResetISR
UNDEFED    SHT$$INIT_ARRAY$$Base
UNDEFED    SHT$$INIT_ARRAY$$Limit
0000123d   SysCtlClockGet
00001451   SysCtlClockSet
00001dc1   SysCtlDelay
00001aa5   SysCtlPeripheralEnable
00000dc7   Timer0IntHandler
00001811   TimerConfigure
00001c41   TimerDisable
00001d25   TimerEnable
00001dd5   TimerIntClear
00001da5   TimerIntEnable
00001cb3   TimerLoadSet
00000d23   UART1IntHandler
00001d33   UARTCharGetNonBlocking
00001d91   UARTCharPut
00001d67   UARTCharsAvail
00001a25   UARTConfigSetExpClk
00001bc1   UARTDisable
00001c55   UARTEnable
00001dd9   UARTIntClear
00001dad   UARTIntEnable
00001d9b   UARTIntStatus
000009a1   UARTPrint
000009fd   UARTPrintf
00000a93   UARTPrintfln
00000a2d   UARTPrintln
20000200   __STACK_END
00000200   __STACK_SIZE
20000200   __STACK_TOP
00002030   __TI_CINIT_Base
00002040   __TI_CINIT_Limit
00002018   __TI_Handler_Table_Base
00002024   __TI_Handler_Table_Limit
00000001   __TI_args_main
000015dd   __TI_auto_init
2000024c   __TI_cleanup_ptr
00001d41   __TI_decompress_none
00001dc7   __TI_decompress_rle24
20000250   __TI_dtors_ptr
00000000   __TI_static_base__
00001cc5   __TI_zero_init
00001955   __aeabi_d2iz
00000fd5   __aeabi_ddiv
00001355   __aeabi_dmul
00001b07   __aeabi_i2d
00001541   __aeabi_memcpy
00001541   __aeabi_memcpy4
00001541   __aeabi_memcpy8
ffffffff   __binit__
ffffffff   __c_args__
20000000   __stack
00001c11   _args_main
0000190d   _c_int00
20000244   _lock
00001c77   _nop
00001c6f   _register_lock
00001c69   _register_unlock
20000248   _unlock
000019e5   abort
20000218   adcRead
ffffffff   binit
00000cdd   calcularAmplitud
00000cad   calcularTemp
000005a7   colorRBG
0000039f   configurarADCBasico
00000429   configurarADCDual
0000029b   configurarComparador
000005bd   configurarInterrupcion
000004c9   configurarPuerto
00000595   configurarRBG
00000631   configurarReloj
00000731   configurarUART
0000199d   copy_in
2000020c   cruce
20000278   dato
20000204   digito
2000021c   error
20000220   errorAnterior
00000565   escribirPuerto
000019ed   exit
20000208   experimento
20000284   flag
00000bc9   flash
00000000   g_pfnVectors
2000020e   i
20000238   lecturaADC
000003eb   leerADCBasico
00000481   leerADCDual
00000581   leerPuerto
00000b39   leerUART
0000028b   limpiarADC
0000026d   limpiarComparador
00000acd   limpiarUART
00000e09   main
20000254   main_func_sp
20000224   max
20000288   media
00001541   memcpy
2000028c   micros
20000290   milis
20000228   min
20000240   port
20000200   referencia
000006b9   retrazo
20000294   serialRead
00000be5   setReferencia
00000c79   standby
20000214   temperatura
20000210   tiempo
20000298   wait


GLOBAL SYMBOLS: SORTED BY Symbol Address 

address    name
--------   ----
00000000   __TI_static_base__
00000000   g_pfnVectors
00000001   __TI_args_main
00000200   __STACK_SIZE
0000026d   limpiarComparador
0000028b   limpiarADC
0000029b   configurarComparador
00000377   ADCIntHandler
0000039f   configurarADCBasico
000003eb   leerADCBasico
00000429   configurarADCDual
00000481   leerADCDual
000004c9   configurarPuerto
00000565   escribirPuerto
00000581   leerPuerto
00000595   configurarRBG
000005a7   colorRBG
000005bd   configurarInterrupcion
00000631   configurarReloj
000006b9   retrazo
00000731   configurarUART
000009a1   UARTPrint
000009fd   UARTPrintf
00000a2d   UARTPrintln
00000a93   UARTPrintfln
00000acd   limpiarUART
00000b39   leerUART
00000bc9   flash
00000be5   setReferencia
00000c79   standby
00000cad   calcularTemp
00000cdd   calcularAmplitud
00000d23   UART1IntHandler
00000d9b   ComparadorHandler
00000dc7   Timer0IntHandler
00000e09   main
00000fd5   __aeabi_ddiv
0000110b   GPIOPadConfigSet
0000123d   SysCtlClockGet
00001355   __aeabi_dmul
00001451   SysCtlClockSet
00001541   __aeabi_memcpy
00001541   __aeabi_memcpy4
00001541   __aeabi_memcpy8
00001541   memcpy
000015dd   __TI_auto_init
00001671   ADCSequenceStepConfigure
000016f1   IntDisable
00001751   IntEnable
00001811   TimerConfigure
0000186d   GPIOIntTypeSet
000018c5   GPIOPinConfigure
0000190d   _c_int00
00001955   __aeabi_d2iz
0000199d   copy_in
000019e1   C$$EXIT
000019e5   abort
000019ed   exit
00001a25   UARTConfigSetExpClk
00001a65   ADCSequenceConfigure
00001aa5   SysCtlPeripheralEnable
00001ad9   ADCIntStatus
00001b07   __aeabi_i2d
00001b35   GPIODirModeSet
00001b61   IntPrioritySet
00001b85   ADCComparatorReset
00001ba3   ADCSequenceDataGet
00001bc1   UARTDisable
00001bdd   ResetISR
00001bf9   GPIOPinTypeGPIOOutput
00001c11   _args_main
00001c29   ADCProcessorTrigger
00001c41   TimerDisable
00001c55   UARTEnable
00001c69   _register_unlock
00001c6f   _register_lock
00001c77   _nop
00001c7d   ADCHardwareOversampleConfigure
00001c8f   GPIOPinTypeGPIOInput
00001ca1   GPIOPinTypeUART
00001cb3   TimerLoadSet
00001cc5   __TI_zero_init
00001cd7   ADCComparatorIntEnable
00001ce9   FPUEnable
00001cf9   FPULazyStackingEnable
00001d09   ADCComparatorRegionSet
00001d17   ADCSequenceEnable
00001d25   TimerEnable
00001d33   UARTCharGetNonBlocking
00001d41   __TI_decompress_none
00001d4f   CPUcpsie
00001d5b   GPIOIntEnable
00001d67   UARTCharsAvail
00001d73   ADCComparatorConfigure
00001d7d   ADCIntClear
00001d87   IntMasterEnable
00001d91   UARTCharPut
00001d9b   UARTIntStatus
00001da5   TimerIntEnable
00001dad   UARTIntEnable
00001db5   GPIOPinRead
00001dbb   GPIOPinWrite
00001dc1   SysCtlDelay
00001dc7   __TI_decompress_rle24
00001dcd   ADCComparatorIntClear
00001dd1   ADCComparatorIntStatus
00001dd5   TimerIntClear
00001dd9   UARTIntClear
00002018   __TI_Handler_Table_Base
00002024   __TI_Handler_Table_Limit
00002030   __TI_CINIT_Base
00002040   __TI_CINIT_Limit
20000000   __stack
20000200   __STACK_END
20000200   __STACK_TOP
20000200   referencia
20000204   digito
20000208   experimento
2000020c   cruce
2000020e   i
20000210   tiempo
20000214   temperatura
20000218   adcRead
2000021c   error
20000220   errorAnterior
20000224   max
20000228   min
20000238   lecturaADC
20000240   port
20000244   _lock
20000248   _unlock
2000024c   __TI_cleanup_ptr
20000250   __TI_dtors_ptr
20000254   main_func_sp
20000258   Buffer
20000278   dato
20000284   flag
20000288   media
2000028c   micros
20000290   milis
20000294   serialRead
20000298   wait
ffffffff   __binit__
ffffffff   __c_args__
ffffffff   binit
UNDEFED    SHT$$INIT_ARRAY$$Base
UNDEFED    SHT$$INIT_ARRAY$$Limit

[147 symbols]
