******************************************************************************
                  TI ARM Linker PC v5.2.4                      
******************************************************************************
>> Linked Wed Dec 02 03:43:03 2015

OUTPUT FILE NAME:   <ProyectoBio1.out>
ENTRY POINT SYMBOL: "_c_int00"  address: 00002a85


MEMORY CONFIGURATION

         name            origin    length      used     unused   attr    fill
----------------------  --------  ---------  --------  --------  ----  --------
  FLASH                 00000000   00040000  00003494  0003cb6c  R  X
  SRAM                  20000000   00008000  0000043c  00007bc4  RW X


SEGMENT ALLOCATION MAP

run origin  load origin   length   init length attrs members
----------  ----------- ---------- ----------- ----- -------
00000000    00000000    00003498   00003498    r-x
  00000000    00000000    0000026c   0000026c    r-- .intvecs
  0000026c    0000026c    00002ed8   00002ed8    r-x .text
  00003148    00003148    000002b8   000002b8    r-- .const
  00003400    00003400    00000098   00000098    r-- .cinit
20000000    20000000    0000043c   00000000    rw-
  20000000    20000000    00000200   00000000    rw- .stack
  20000200    20000200    000001d0   00000000    rw- .data
  200003d0    200003d0    0000006c   00000000    rw- .bss


SECTION ALLOCATION MAP

 output                                  attributes/
section   page    origin      length       input sections
--------  ----  ----------  ----------   ----------------
.intvecs   0    00000000    0000026c     
                  00000000    0000026c     tm4c123gh6pm_startup_ccs.obj (.intvecs)

.text      0    0000026c    00002ed8     
                  0000026c    00000f1c     miLibreria.obj (.text)
                  00001188    00000498     rtsv7M4_T_le_v4SPD16_eabi.lib : pow.obj (.text)
                  00001620    000002ec                                   : xlog.obj (.text)
                  0000190c    000001fc                                   : xexp.obj (.text)
                  00001b08    000001b6                                   : fd_add_t2.obj (.text)
                  00001cbe    00000136                                   : fd_div_t2.obj (.text)
                  00001df4    00000130     driverlib.lib : gpio.obj (.text:GPIOPadConfigSet)
                  00001f24    00000118                   : sysctl.obj (.text:SysCtlClockGet)
                  0000203c    00000110     rtsv7M4_T_le_v4SPD16_eabi.lib : xdscale.obj (.text)
                  0000214c    00000100     main.obj (.text)
                  0000224c    000000fc     rtsv7M4_T_le_v4SPD16_eabi.lib : fd_mul_t2.obj (.text)
                  00002348    000000f0     driverlib.lib : sysctl.obj (.text:SysCtlClockSet)
                  00002438    000000c0     rtsv7M4_T_le_v4SPD16_eabi.lib : xdint.obj (.text)
                  000024f8    000000be                                   : xdnorm.obj (.text)
                  000025b6    0000009c                                   : memcpy_t2.obj (.text)
                  00002652    00000086                                   : fd_cmp_t2.obj (.text:__aeabi_cdcmple)
                  000026d8    00000080     driverlib.lib : adc.obj (.text:ADCSequenceStepConfigure)
                  00002758    0000007a     rtsv7M4_T_le_v4SPD16_eabi.lib : memset_t2.obj (.text)
                  000027d2    00000002     --HOLE-- [fill = 0]
                  000027d4    0000006c                                   : autoinit.obj (.text)
                  00002840    0000006a                                   : copy_decompress_rle.obj (.text)
                  000028aa    00000066                                   : xdunscal.obj (.text)
                  00002910    00000060     driverlib.lib : interrupt.obj (.text:IntDisable)
                  00002970    00000060                   : interrupt.obj (.text:IntEnable)
                  000029d0    0000005c                   : timer.obj (.text:TimerConfigure)
                  00002a2c    00000056                   : gpio.obj (.text:GPIOIntTypeSet)
                  00002a82    00000002     --HOLE-- [fill = 0]
                  00002a84    00000050     rtsv7M4_T_le_v4SPD16_eabi.lib : boot.obj (.text)
                  00002ad4    0000004c                                   : cpy_tbl.obj (.text)
                  00002b20    00000048     driverlib.lib : gpio.obj (.text:GPIOPinConfigure)
                  00002b68    00000048                   : i2c.obj (.text:I2CMasterInitExpClk)
                  00002bb0    00000048     rtsv7M4_T_le_v4SPD16_eabi.lib : fd_toi_t2.obj (.text)
                  00002bf8    00000044                                   : exit.obj (.text)
                  00002c3c    00000040     driverlib.lib : uart.obj (.text:UARTConfigSetExpClk)
                  00002c7c    00000040     rtsv7M4_T_le_v4SPD16_eabi.lib : signal.obj (.text)
                  00002cbc    0000003e     driverlib.lib : adc.obj (.text:ADCSequenceConfigure)
                  00002cfa    00000038     rtsv7M4_T_le_v4SPD16_eabi.lib : fs_tod_t2.obj (.text)
                  00002d32    00000002     --HOLE-- [fill = 0]
                  00002d34    00000034     driverlib.lib : sysctl.obj (.text:SysCtlPeripheralEnable)
                  00002d68    00000034     rtsv7M4_T_le_v4SPD16_eabi.lib : feraiseexcept.obj (.text)
                  00002d9c    00000030                                   : xferaise.obj (.text)
                  00002dcc    0000002e                                   : i_tofd_t2.obj (.text)
                  00002dfa    0000002e                                   : raise.obj (.text)
                  00002e28    0000002a     driverlib.lib : gpio.obj (.text:GPIODirModeSet)
                  00002e52    00000028                   : timer.obj (.text:TimerUpdateMode)
                  00002e7a    00000002     --HOLE-- [fill = 0]
                  00002e7c    00000024                   : interrupt.obj (.text:IntPrioritySet)
                  00002ea0    0000001e                   : adc.obj (.text:ADCComparatorReset)
                  00002ebe    0000001e                   : adc.obj (.text:ADCSequenceDataGet)
                  00002edc    0000001c                   : uart.obj (.text:UARTDisable)
                  00002ef8    0000001c     tm4c123gh6pm_startup_ccs.obj (.text)
                  00002f14    0000001a     rtsv7M4_T_le_v4SPD16_eabi.lib : log.obj (.text)
                  00002f2e    00000018     driverlib.lib : gpio.obj (.text:GPIOPinTypeGPIOOutput)
                  00002f46    00000002     --HOLE-- [fill = 0]
                  00002f48    00000018     rtsv7M4_T_le_v4SPD16_eabi.lib : args_main.obj (.text)
                  00002f60    00000016     driverlib.lib : adc.obj (.text:ADCProcessorTrigger)
                  00002f76    00000002     --HOLE-- [fill = 0]
                  00002f78    00000014                   : timer.obj (.text:TimerDisable)
                  00002f8c    00000014                   : uart.obj (.text:UARTEnable)
                  00002fa0    00000014     rtsv7M4_T_le_v4SPD16_eabi.lib : _lock.obj (.text)
                  00002fb4    00000012     driverlib.lib : adc.obj (.text:ADCHardwareOversampleConfigure)
                  00002fc6    00000012                   : gpio.obj (.text:GPIOPinTypeGPIOInput)
                  00002fd8    00000012                   : gpio.obj (.text:GPIOPinTypeI2C)
                  00002fea    00000012                   : gpio.obj (.text:GPIOPinTypeI2CSCL)
                  00002ffc    00000012                   : gpio.obj (.text:GPIOPinTypeUART)
                  0000300e    00000012                   : timer.obj (.text:TimerLoadSet)
                  00003020    00000010                   : adc.obj (.text:ADCComparatorIntEnable)
                  00003030    00000010                   : adc.obj (.text:ADCIntEnable)
                  00003040    0000000e                   : adc.obj (.text:ADCComparatorRegionSet)
                  0000304e    0000000e                   : adc.obj (.text:ADCSequenceEnable)
                  0000305c    0000000e                   : timer.obj (.text:TimerEnable)
                  0000306a    0000000e                   : uart.obj (.text:UARTCharGetNonBlocking)
                  00003078    0000000e     rtsv7M4_T_le_v4SPD16_eabi.lib : copy_decompress_none.obj (.text:decompress:none)
                  00003086    0000000c     driverlib.lib : cpu.obj (.text:CPUcpsie)
                  00003092    0000000c                   : gpio.obj (.text:GPIOIntEnable)
                  0000309e    0000000c                   : uart.obj (.text:UARTCharsAvail)
                  000030aa    0000000c     rtsv7M4_T_le_v4SPD16_eabi.lib : copy_zero_init.obj (.text:decompress:ZI)
                  000030b6    0000000a     driverlib.lib : adc.obj (.text:ADCComparatorConfigure)
                  000030c0    0000000a                   : adc.obj (.text:ADCIntClear)
                  000030ca    0000000a                   : i2c.obj (.text:I2CMasterEnable)
                  000030d4    0000000a                   : interrupt.obj (.text:IntMasterEnable)
                  000030de    0000000a                   : uart.obj (.text:UARTCharPut)
                  000030e8    0000000a                   : uart.obj (.text:UARTIntStatus)
                  000030f2    00000008                   : i2c.obj (.text:I2CMasterSlaveAddrSet)
                  000030fa    00000008                   : timer.obj (.text:TimerIntEnable)
                  00003102    00000008                   : uart.obj (.text:UARTIntEnable)
                  0000310a    00000006                   : gpio.obj (.text:GPIOPinRead)
                  00003110    00000006                   : gpio.obj (.text:GPIOPinWrite)
                  00003116    00000006                   : sysctl.obj (.text:SysCtlDelay)
                  0000311c    00000006                   : uart.obj (.text:UARTClockSourceGet)
                  00003122    00000006     rtsv7M4_T_le_v4SPD16_eabi.lib : copy_decompress_rle.obj (.text:decompress:rle24)
                  00003128    00000004     driverlib.lib : adc.obj (.text:ADCComparatorIntClear)
                  0000312c    00000004                   : adc.obj (.text:ADCComparatorIntStatus)
                  00003130    00000004                   : i2c.obj (.text:I2CMasterControl)
                  00003134    00000004                   : i2c.obj (.text:I2CMasterDataPut)
                  00003138    00000004                   : timer.obj (.text:TimerIntClear)
                  0000313c    00000004                   : uart.obj (.text:UARTIntClear)
                  00003140    00000004     rtsv7M4_T_le_v4SPD16_eabi.lib : pre_init.obj (.text)

.const     0    00003148    000002b8     
                  00003148    0000009c     driverlib.lib : interrupt.obj (.const:g_pui32Regs)
                  000031e4    00000090                   : gpio.obj (.const:g_pui32GPIOBaseAddrs)
                  00003274    00000070                   : interrupt.obj (.const)
                  000032e4    0000006c                   : sysctl.obj (.const:g_pui32Xtals)
                  00003350    00000048     rtsv7M4_T_le_v4SPD16_eabi.lib : xexp.obj (.const)
                  00003398    00000038                                   : xlog.obj (.const:p)
                  000033d0    00000030                                   : xdint.obj (.const)

.cinit     0    00003400    00000098     
                  00003400    0000006f     (.cinit..data.load) [load image, compression = rle]
                  0000346f    00000001     --HOLE-- [fill = 0]
                  00003470    0000000c     (__TI_handler_table)
                  0000347c    00000004     --HOLE-- [fill = 0]
                  00003480    00000008     (.cinit..bss.load) [load image, compression = zero_init]
                  00003488    00000010     (__TI_cinit_table)

.init_array 
*          0    00000000    00000000     UNINITIALIZED

.stack     0    20000000    00000200     UNINITIALIZED
                  20000000    00000200     --HOLE--

.data      0    20000200    000001d0     UNINITIALIZED
                  20000200    000000b0     rtsv7M4_T_le_v4SPD16_eabi.lib : signal.obj (.data:sigtable)
                  200002b0    00000080                                   : xvalues.obj (.data)
                  20000330    00000068                                   : xfvalues.obj (.data)
                  20000398    00000010     miLibreria.obj (.data)
                  200003a8    00000008     main.obj (.data)
                  200003b0    00000008     rtsv7M4_T_le_v4SPD16_eabi.lib : _lock.obj (.data)
                  200003b8    00000008                                   : exit.obj (.data)
                  200003c0    00000008                                   : feraiseexcept.obj (.data)
                  200003c8    00000004                                   : errno.obj (.data)
                  200003cc    00000004                                   : stkdepth_vars.obj (.data)

.bss       0    200003d0    0000006c     UNINITIALIZED
                  200003d0    00000020     (.common:ADC18CH)
                  200003f0    00000010     (.common:ADC14CH)
                  20000400    00000010     (.common:valor)
                  20000410    00000008     (.common:ADC12CH)
                  20000418    00000008     (.common:cadena)
                  20000420    00000004     (.common:ADC11CH)
                  20000424    00000004     (.common:frecuencia)
                  20000428    00000004     (.common:lectura)
                  2000042c    00000004     (.common:micros)
                  20000430    00000004     (.common:milis)
                  20000434    00000004     (.common:wait)
                  20000438    00000002     (.common:canales)
                  2000043a    00000002     (.common:secuencia)

.TI.persistent 
*          0    20000200    00000000     UNINITIALIZED

.TI.noinit 
*          0    200003d0    00000000     UNINITIALIZED


LINKER GENERATED COPY TABLES

__TI_cinit_table @ 00003488 records: 2, size/record: 8, table size: 16
	.data: load addr=00003400, load size=0000006f bytes, run addr=20000200, run size=000001d0 bytes, compression=rle
	.bss: load addr=00003480, load size=00000008 bytes, run addr=200003d0, run size=0000006c bytes, compression=zero_init


LINKER GENERATED HANDLER TABLE

__TI_handler_table @ 00003470 records: 3, size/record: 4, table size: 12
	index: 0, handler: __TI_decompress_rle24
	index: 1, handler: __TI_decompress_none
	index: 2, handler: __TI_zero_init


GLOBAL SYMBOLS: SORTED ALPHABETICALLY BY Name 

address   name                          
-------   ----                          
20000420  ADC11CH                       
20000410  ADC12CH                       
200003f0  ADC14CH                       
200003d0  ADC18CH                       
0000042d  ADC1IntHandler                
000030b7  ADCComparatorConfigure        
00003129  ADCComparatorIntClear         
00003021  ADCComparatorIntEnable        
0000312d  ADCComparatorIntStatus        
00003041  ADCComparatorRegionSet        
00002ea1  ADCComparatorReset            
00002fb5  ADCHardwareOversampleConfigure
000030c1  ADCIntClear                   
00003031  ADCIntEnable                  
00002f61  ADCProcessorTrigger           
00002cbd  ADCSequenceConfigure          
00002ebf  ADCSequenceDataGet            
0000304f  ADCSequenceEnable             
000026d9  ADCSequenceStepConfigure      
00002bf9  C$$EXIT                       
00003087  CPUcpsie                      
00002187  ComparadorHandler             
00002e29  GPIODirModeSet                
00003093  GPIOIntEnable                 
00002a2d  GPIOIntTypeSet                
00001df5  GPIOPadConfigSet              
00002b21  GPIOPinConfigure              
0000310b  GPIOPinRead                   
00002fc7  GPIOPinTypeGPIOInput          
00002f2f  GPIOPinTypeGPIOOutput         
00002fd9  GPIOPinTypeI2C                
00002feb  GPIOPinTypeI2CSCL             
00002ffd  GPIOPinTypeUART               
00003111  GPIOPinWrite                  
00003131  I2CMasterControl              
00003135  I2CMasterDataPut              
000030cb  I2CMasterEnable               
00002b69  I2CMasterInitExpClk           
000030f3  I2CMasterSlaveAddrSet         
00002911  IntDisable                    
00002971  IntEnable                     
000030d5  IntMasterEnable               
00002e7d  IntPrioritySet                
00002ef9  ResetISR                      
UNDEFED   SHT$$INIT_ARRAY$$Base         
UNDEFED   SHT$$INIT_ARRAY$$Limit        
00001f25  SysCtlClockGet                
00002349  SysCtlClockSet                
00003117  SysCtlDelay                   
00002d35  SysCtlPeripheralEnable        
00000a3d  Timer0IntHandler              
000029d1  TimerConfigure                
00002f79  TimerDisable                  
0000305d  TimerEnable                   
00003139  TimerIntClear                 
000030fb  TimerIntEnable                
0000300f  TimerLoadSet                  
00002e53  TimerUpdateMode               
0000214d  UART0IntHandler               
00002157  UART1IntHandler               
0000306b  UARTCharGetNonBlocking        
000030df  UARTCharPut                   
0000309f  UARTCharsAvail                
0000311d  UARTClockSourceGet            
00002c3d  UARTConfigSetExpClk           
00002edd  UARTDisable                   
00002f8d  UARTEnable                    
0000313d  UARTIntClear                  
00003103  UARTIntEnable                 
000030e9  UARTIntStatus                 
00000d7f  UARTPrint                     
00000dd1  UARTPrintf                    
00000e65  UARTPrintfln                  
00000dfd  UARTPrintln                   
200002b0  _Denorm                       
00002439  _Dint                         
000024f9  _Dnorm                        
0000203d  _Dscale                       
000028ab  _Dunscale                     
200002c0  _Eps                          
200003c8  _Errno                        
0000190d  _Exp                          
20000330  _FDenorm                      
20000340  _FEps                         
20000350  _FInf                         
20000360  _FNan                         
20000380  _FRteps                       
20000370  _FSnan                        
20000390  _FXbig                        
20000394  _FZero                        
200003c0  _Fenv                         
00002d9d  _Feraise                      
200002d0  _Hugeval                      
200002e0  _Inf                          
00001621  _Log                          
200002f0  _Nan                          
20000310  _Rteps                        
20000300  _Snan                         
200003c4  _Tls_setup__Fenv              
20000320  _Xbig                         
20000328  _Zero                         
20000200  __STACK_END                   
00000200  __STACK_SIZE                  
20000200  __STACK_TOP                   
00003488  __TI_CINIT_Base               
00003498  __TI_CINIT_Limit              
00003470  __TI_Handler_Table_Base       
0000347c  __TI_Handler_Table_Limit      
000027d5  __TI_auto_init                
200003b8  __TI_cleanup_ptr              
00003079  __TI_decompress_none          
00003123  __TI_decompress_rle24         
200003bc  __TI_dtors_ptr                
00000000  __TI_static_base__            
000030ab  __TI_zero_init                
00002653  __aeabi_cdcmpeq               
00002653  __aeabi_cdcmple               
00002bb1  __aeabi_d2iz                  
00001b13  __aeabi_dadd                  
00001cbf  __aeabi_ddiv                  
0000224d  __aeabi_dmul                  
00001b09  __aeabi_dsub                  
00002cfb  __aeabi_f2d                   
00002dcd  __aeabi_i2d                   
00002759  __aeabi_memclr                
00002759  __aeabi_memclr4               
00002759  __aeabi_memclr8               
000025b7  __aeabi_memcpy                
000025b7  __aeabi_memcpy4               
000025b7  __aeabi_memcpy8               
0000275b  __aeabi_memset                
0000275b  __aeabi_memset4               
0000275b  __aeabi_memset8               
ffffffff  __binit__                     
ffffffff  __c_args__                    
20000000  __stack                       
00002f49  _args_main                    
00002a85  _c_int00                      
200003b0  _lock                         
00002faf  _nop                          
00002fa7  _register_lock                
00002fa1  _register_unlock              
00003141  _system_pre_init              
200003b4  _unlock                       
00002bfd  abort                         
ffffffff  binit                         
20000418  cadena                        
20000438  canales                       
00000855  colorRBG                      
0000050d  configurarADCInt1CH           
00000591  configurarADCInt2CH           
00000601  configurarADCInt4CH           
00000699  configurarADCInt8CH           
000002a3  configurarComparador          
00000347  configurarComparadores        
0000086d  configurarInterrupcion        
00000779  configurarPuerto              
00000843  configurarRBG                 
000008f3  configurarReloj               
00000b4d  configurarUART                
200003ac  conteo                        
00002ad5  copy_in                       
000009f1  delay                         
00000a25  delay_us                      
00000ac9  enviarI2C_1CH                 
00001177  error                         
00000813  escribirPuerto                
200003a8  estado                        
00002c05  exit                          
00002d69  feraiseexcept                 
20000424  frecuencia                    
00000000  g_pfnVectors                  
000009c5  habilitarDelay                
00000a71  habilitarI2C_1CH              
00001021  int2str                       
20000428  lectura                       
200003a4  lecturaUART                   
000004a3  leerADCInt                    
0000028f  leerComparador                
0000082f  leerPuerto                    
00000f85  leerStr                       
00000ef9  leerUART                      
0000026d  limpiarComparador             
00000e99  limpiarUART                   
00002f15  log                           
00002189  main                          
200003cc  main_func_sp                  
000025b7  memcpy                        
00002761  memset                        
2000042c  micros                        
20000430  milis                         
200003a0  moduloI2C                     
00001189  pow                           
00002dfb  raise                         
2000043a  secuencia                     
00002c7d  signal                        
000010af  str2int                       
20000400  valor                         
20000434  wait                          


GLOBAL SYMBOLS: SORTED BY Symbol Address 

address   name                          
-------   ----                          
00000000  __TI_static_base__            
00000000  g_pfnVectors                  
00000200  __STACK_SIZE                  
0000026d  limpiarComparador             
0000028f  leerComparador                
000002a3  configurarComparador          
00000347  configurarComparadores        
0000042d  ADC1IntHandler                
000004a3  leerADCInt                    
0000050d  configurarADCInt1CH           
00000591  configurarADCInt2CH           
00000601  configurarADCInt4CH           
00000699  configurarADCInt8CH           
00000779  configurarPuerto              
00000813  escribirPuerto                
0000082f  leerPuerto                    
00000843  configurarRBG                 
00000855  colorRBG                      
0000086d  configurarInterrupcion        
000008f3  configurarReloj               
000009c5  habilitarDelay                
000009f1  delay                         
00000a25  delay_us                      
00000a3d  Timer0IntHandler              
00000a71  habilitarI2C_1CH              
00000ac9  enviarI2C_1CH                 
00000b4d  configurarUART                
00000d7f  UARTPrint                     
00000dd1  UARTPrintf                    
00000dfd  UARTPrintln                   
00000e65  UARTPrintfln                  
00000e99  limpiarUART                   
00000ef9  leerUART                      
00000f85  leerStr                       
00001021  int2str                       
000010af  str2int                       
00001177  error                         
00001189  pow                           
00001621  _Log                          
0000190d  _Exp                          
00001b09  __aeabi_dsub                  
00001b13  __aeabi_dadd                  
00001cbf  __aeabi_ddiv                  
00001df5  GPIOPadConfigSet              
00001f25  SysCtlClockGet                
0000203d  _Dscale                       
0000214d  UART0IntHandler               
00002157  UART1IntHandler               
00002187  ComparadorHandler             
00002189  main                          
0000224d  __aeabi_dmul                  
00002349  SysCtlClockSet                
00002439  _Dint                         
000024f9  _Dnorm                        
000025b7  __aeabi_memcpy                
000025b7  __aeabi_memcpy4               
000025b7  __aeabi_memcpy8               
000025b7  memcpy                        
00002653  __aeabi_cdcmpeq               
00002653  __aeabi_cdcmple               
000026d9  ADCSequenceStepConfigure      
00002759  __aeabi_memclr                
00002759  __aeabi_memclr4               
00002759  __aeabi_memclr8               
0000275b  __aeabi_memset                
0000275b  __aeabi_memset4               
0000275b  __aeabi_memset8               
00002761  memset                        
000027d5  __TI_auto_init                
000028ab  _Dunscale                     
00002911  IntDisable                    
00002971  IntEnable                     
000029d1  TimerConfigure                
00002a2d  GPIOIntTypeSet                
00002a85  _c_int00                      
00002ad5  copy_in                       
00002b21  GPIOPinConfigure              
00002b69  I2CMasterInitExpClk           
00002bb1  __aeabi_d2iz                  
00002bf9  C$$EXIT                       
00002bfd  abort                         
00002c05  exit                          
00002c3d  UARTConfigSetExpClk           
00002c7d  signal                        
00002cbd  ADCSequenceConfigure          
00002cfb  __aeabi_f2d                   
00002d35  SysCtlPeripheralEnable        
00002d69  feraiseexcept                 
00002d9d  _Feraise                      
00002dcd  __aeabi_i2d                   
00002dfb  raise                         
00002e29  GPIODirModeSet                
00002e53  TimerUpdateMode               
00002e7d  IntPrioritySet                
00002ea1  ADCComparatorReset            
00002ebf  ADCSequenceDataGet            
00002edd  UARTDisable                   
00002ef9  ResetISR                      
00002f15  log                           
00002f2f  GPIOPinTypeGPIOOutput         
00002f49  _args_main                    
00002f61  ADCProcessorTrigger           
00002f79  TimerDisable                  
00002f8d  UARTEnable                    
00002fa1  _register_unlock              
00002fa7  _register_lock                
00002faf  _nop                          
00002fb5  ADCHardwareOversampleConfigure
00002fc7  GPIOPinTypeGPIOInput          
00002fd9  GPIOPinTypeI2C                
00002feb  GPIOPinTypeI2CSCL             
00002ffd  GPIOPinTypeUART               
0000300f  TimerLoadSet                  
00003021  ADCComparatorIntEnable        
00003031  ADCIntEnable                  
00003041  ADCComparatorRegionSet        
0000304f  ADCSequenceEnable             
0000305d  TimerEnable                   
0000306b  UARTCharGetNonBlocking        
00003079  __TI_decompress_none          
00003087  CPUcpsie                      
00003093  GPIOIntEnable                 
0000309f  UARTCharsAvail                
000030ab  __TI_zero_init                
000030b7  ADCComparatorConfigure        
000030c1  ADCIntClear                   
000030cb  I2CMasterEnable               
000030d5  IntMasterEnable               
000030df  UARTCharPut                   
000030e9  UARTIntStatus                 
000030f3  I2CMasterSlaveAddrSet         
000030fb  TimerIntEnable                
00003103  UARTIntEnable                 
0000310b  GPIOPinRead                   
00003111  GPIOPinWrite                  
00003117  SysCtlDelay                   
0000311d  UARTClockSourceGet            
00003123  __TI_decompress_rle24         
00003129  ADCComparatorIntClear         
0000312d  ADCComparatorIntStatus        
00003131  I2CMasterControl              
00003135  I2CMasterDataPut              
00003139  TimerIntClear                 
0000313d  UARTIntClear                  
00003141  _system_pre_init              
00003470  __TI_Handler_Table_Base       
0000347c  __TI_Handler_Table_Limit      
00003488  __TI_CINIT_Base               
00003498  __TI_CINIT_Limit              
20000000  __stack                       
20000200  __STACK_END                   
20000200  __STACK_TOP                   
200002b0  _Denorm                       
200002c0  _Eps                          
200002d0  _Hugeval                      
200002e0  _Inf                          
200002f0  _Nan                          
20000300  _Snan                         
20000310  _Rteps                        
20000320  _Xbig                         
20000328  _Zero                         
20000330  _FDenorm                      
20000340  _FEps                         
20000350  _FInf                         
20000360  _FNan                         
20000370  _FSnan                        
20000380  _FRteps                       
20000390  _FXbig                        
20000394  _FZero                        
200003a0  moduloI2C                     
200003a4  lecturaUART                   
200003a8  estado                        
200003ac  conteo                        
200003b0  _lock                         
200003b4  _unlock                       
200003b8  __TI_cleanup_ptr              
200003bc  __TI_dtors_ptr                
200003c0  _Fenv                         
200003c4  _Tls_setup__Fenv              
200003c8  _Errno                        
200003cc  main_func_sp                  
200003d0  ADC18CH                       
200003f0  ADC14CH                       
20000400  valor                         
20000410  ADC12CH                       
20000418  cadena                        
20000420  ADC11CH                       
20000424  frecuencia                    
20000428  lectura                       
2000042c  micros                        
20000430  milis                         
20000434  wait                          
20000438  canales                       
2000043a  secuencia                     
ffffffff  __binit__                     
ffffffff  __c_args__                    
ffffffff  binit                         
UNDEFED   SHT$$INIT_ARRAY$$Base         
UNDEFED   SHT$$INIT_ARRAY$$Limit        

[199 symbols]
